table1 b=  55 |S|= 21 published=4.43975 certified=[4.4397533,4.4397534] OK
table1 b=  11 |S|=  6 published=4.42175 certified=[4.4217473,4.4217476] OK
table1 b=  22 |S|= 10 published=4.41989 certified=[4.4198950,4.4198951] OK
table1 b= 191 |S|= 50 published=4.39620 certified=[4.3962023,4.3962029] OK
table1 b= 177 |S|= 46 published=4.37859 certified=[4.3785849,4.3785856] OK
table1 b= 193 |S|= 49 published=4.37699 certified=[4.3769890,4.3769895] OK
table1 b= 157 |S|= 43 published=4.37665 certified=[4.3766484,4.3766484] OK
table1 b=  97 |S|= 33 published=4.37583 certified=[4.3758290,4.3758290] OK
table1 b= 193 |S|= 49 published=4.37486 certified=[4.3748613,4.3748619] OK
table1 b= 105 |S|= 31 published=4.37406 certified=[4.3740648,4.3740648] OK

exhausting tiny bases (components only) ...
tiny  b=   3 S=[0, 1] H=3.00794
tiny  b=   4 S=[0, 1] H=2.28967
tiny  b=   5 S=[0, 1, 2] H=3.64386
tiny  b=   6 S=[0, 1, 2] H=3.07223
tiny  b=   7 S=[0, 1, 2, 4] H=3.93807
tiny  b=   8 S=[0, 1, 2] H=2.60413
tiny  b=   9 S=[0, 1, 2, 4] H=3.21667
tiny  b=  10 S=[0, 1, 2, 4] H=3.03240
tiny  b=  11 S=[0, 1, 2, 4, 5, 7] H=4.42175
tiny  b=  12 S=[0, 1, 2, 4, 5] H=3.39892

scanning ordered products with b1*b2 <= 6200
product   55x55   b= 3025 m= 441 H=[4.4397487,4.4397563] addable=0
product   55x11   b=  605 m= 126 H=[4.4367087,4.4367088] addable=0
product   55x22   b= 1210 m= 210 H=[4.4365911,4.4365911] addable=0
product   55x97   b= 5335 m= 693 H=[4.4212492,4.4212524] addable=-1
product   55x105  b= 5775 m= 651 H=[4.4225028,4.4225052] addable=-1
product   55x3    b=  165 m=  42 H=[4.1868381,4.1868389] addable=0
product   55x4    b=  220 m=  42 H=[3.9131637,3.9131639] addable=6
product   55x5    b=  275 m=  63 H=[4.2797912,4.2797914] addable=0
product   55x6    b=  330 m=  63 H=[4.1110181,4.1110182] addable=5
product   55x7    b=  385 m=  84 H=[4.3334304,4.3334305] addable=0
product   55x8    b=  440 m=  63 H=[3.9167710,3.9167710] addable=85
product   55x9    b=  495 m=  84 H=[4.1223255,4.1223255] addable=2
product   55x10   b=  550 m=  84 H=[4.0528481,4.0528481] addable=17
product   55x11   b=  605 m= 126 H=[4.4367087,4.4367088] addable=0
product   55x12   b=  660 m= 105 H=[4.1612677,4.1612677] addable=8
product   11x55   b=  605 m= 126 H=[4.4273000,4.4273000] addable=0
product   11x11   b=  121 m=  36 H=[4.4217475,4.4217475] addable=0
product   11x22   b=  242 m=  60 H=[4.4223023,4.4223027] addable=0
product   11x191  b= 2101 m= 300 H=[4.4114042,4.4114042] addable=0
product   11x177  b= 1947 m= 276 H=[4.4034274,4.4034274] addable=0
product   11x193  b= 2123 m= 294 H=[4.4026070,4.4026070] addable=0
product   11x157  b= 1727 m= 258 H=[4.4026652,4.4026652] addable=0
product   11x97   b= 1067 m= 198 H=[4.3991996,4.3991996] addable=0
product   11x193  b= 2123 m= 294 H=[4.4015974,4.4015974] addable=0
product   11x105  b= 1155 m= 186 H=[4.4019948,4.4019948] addable=0
product   11x3    b=   33 m=  12 H=[4.0004767,4.0004775] addable=0
product   11x4    b=   44 m=  12 H=[3.5871818,3.5871819] addable=2
product   11x5    b=   55 m=  18 H=[4.1639030,4.1639031] addable=0
product   11x6    b=   66 m=  18 H=[3.9035118,3.9035118] addable=0
product   11x7    b=   77 m=  24 H=[4.2536114,4.2536114] addable=0
product   11x8    b=   88 m=  18 H=[3.6215940,3.6215941] addable=15
product   11x9    b=   99 m=  24 H=[3.9295856,3.9295856] addable=1
product   11x10   b=  110 m=  24 H=[3.8277546,3.8277546] addable=7
product   11x11   b=  121 m=  36 H=[4.4217475,4.4217475] addable=0
product   11x12   b=  132 m=  30 H=[3.9941211,3.9941220] addable=2
product   22x55   b= 1210 m= 210 H=[4.4235849,4.4235849] addable=0
product   22x11   b=  242 m=  60 H=[4.4194532,4.4194535] addable=0
product   22x22   b=  484 m= 100 H=[4.4198950,4.4198951] addable=0
product   22x191  b= 4202 m= 500 H=[4.4109512,4.4109549] addable=-1
product   22x177  b= 3894 m= 460 H=[4.4045030,4.4045070] addable=-1
product   22x193  b= 4246 m= 490 H=[4.4038227,4.4038263] addable=-1
product   22x157  b= 3454 m= 430 H=[4.4038853,4.4038903] addable=-1
product   22x97   b= 2134 m= 330 H=[4.4009982,4.4009982] addable=0
product   22x193  b= 4246 m= 490 H=[4.4030018,4.4030053] addable=-1
product   22x105  b= 2310 m= 310 H=[4.4034423,4.4034423] addable=0
product   22x3    b=   66 m=  20 H=[4.0977401,4.0977402] addable=0
product   22x4    b=   88 m=  20 H=[3.7626281,3.7626281] addable=3
product   22x5    b=  110 m=  30 H=[4.2204755,4.2204755] addable=0
product   22x6    b=  132 m=  30 H=[4.0123685,4.0123694] addable=1
product   22x7    b=  154 m=  40 H=[4.2889940,4.2889950] addable=0
product   22x8    b=  176 m=  30 H=[3.7789336,3.7789338] addable=31
product   22x9    b=  198 m=  40 H=[4.0295653,4.0295656] addable=1
product   22x10   b=  220 m=  40 H=[3.9458166,3.9458168] addable=11
product   22x11   b=  242 m=  60 H=[4.4194532,4.4194535] addable=0
product   22x12   b=  264 m=  50 H=[4.0794340,4.0794341] addable=3
product  191x11   b= 2101 m= 300 H=[4.3991958,4.3991958] addable=1
product  191x22   b= 4202 m= 500 H=[4.4000028,4.4000065] addable=-1
product  191x3    b=  573 m= 100 H=[4.2413028,4.2413028] addable=3
product  191x4    b=  764 m= 100 H=[4.0618540,4.0618541] addable=84
product  191x5    b=  955 m= 150 H=[4.2997731,4.2997731] addable=1
product  191x6    b= 1146 m= 150 H=[4.1905795,4.1905795] addable=15
product  191x7    b= 1337 m= 200 H=[4.3334948,4.3334948] addable=0
product  191x8    b= 1528 m= 150 H=[4.0601581,4.0601581] addable=395
product  191x9    b= 1719 m= 200 H=[4.1966755,4.1966755] addable=10
product  191x10   b= 1910 m= 200 H=[4.1503504,4.1503504] addable=89
product  191x11   b= 2101 m= 300 H=[4.3991958,4.3991958] addable=1
product  191x12   b= 2292 m= 250 H=[4.2215694,4.2215694] addable=45
product  177x11   b= 1947 m= 276 H=[4.3838413,4.3838413] addable=1
product  177x22   b= 3894 m= 460 H=[4.3850509,4.3850549] addable=-1
product  177x3    b=  531 m=  92 H=[4.2263508,4.2263509] addable=5
product  177x4    b=  708 m=  92 H=[4.0487991,4.0487991] addable=87
product  177x5    b=  885 m= 138 H=[4.2849185,4.2849185] addable=1
product  177x6    b= 1062 m= 138 H=[4.1769430,4.1769430] addable=25
product  177x7    b= 1239 m= 184 H=[4.3185139,4.3185139] addable=2
product  177x8    b= 1416 m= 138 H=[4.0479132,4.0479132] addable=367
product  177x9    b= 1593 m= 184 H=[4.1832539,4.1832539] addable=18
product  177x10   b= 1770 m= 184 H=[4.1374375,4.1374375] addable=111
product  177x11   b= 1947 m= 276 H=[4.3838413,4.3838413] addable=1
product  177x12   b= 2124 m= 230 H=[4.2081143,4.2081143] addable=55
product  193x11   b= 2123 m= 294 H=[4.3823166,4.3823166] addable=1
product  193x22   b= 4246 m= 490 H=[4.3835330,4.3835365] addable=-1
product  193x3    b=  579 m=  98 H=[4.2291676,4.2291677] addable=8
product  193x4    b=  772 m=  98 H=[4.0561897,4.0561897] addable=82
product  193x5    b=  965 m= 147 H=[4.2860705,4.2860705] addable=1
product  193x6    b= 1158 m= 147 H=[4.1809230,4.1809230] addable=27
product  193x7    b= 1351 m= 196 H=[4.3187461,4.3187461] addable=2
product  193x8    b= 1544 m= 147 H=[4.0550520,4.0550520] addable=405
product  193x9    b= 1737 m= 196 H=[4.1870029,4.1870029] addable=21
product  193x10   b= 1930 m= 196 H=[4.1423183,4.1423183] addable=102
product  193x11   b= 2123 m= 294 H=[4.3823166,4.3823166] addable=1
product  193x12   b= 2316 m= 245 H=[4.2111881,4.2111881] addable=62
product  157x11   b= 1727 m= 258 H=[4.3826382,4.3826382] addable=0
product  157x22   b= 3454 m= 430 H=[4.3838945,4.3838995] addable=-1
product  157x3    b=  471 m=  86 H=[4.2160005,4.2160005] addable=2
product  157x4    b=  628 m=  86 H=[4.0289366,4.0289366] addable=34
product  157x5    b=  785 m= 129 H=[4.2777090,4.2777090] addable=0
product  157x6    b=  942 m= 129 H=[4.1636296,4.1636296] addable=14
product  157x7    b= 1099 m= 172 H=[4.3133769,4.3133769] addable=1
product  157x8    b= 1256 m= 129 H=[4.0277891,4.0277891] addable=276
product  157x9    b= 1413 m= 172 H=[4.1703817,4.1703817] addable=13
product  157x10   b= 1570 m= 172 H=[4.1220804,4.1220804] addable=74
product  157x11   b= 1727 m= 258 H=[4.3826382,4.3826382] addable=0
product  157x12   b= 1884 m= 215 H=[4.1966436,4.1966436] addable=32
product   97x55   b= 5335 m= 693 H=[4.3912787,4.3912821] addable=-1
product   97x11   b= 1067 m= 198 H=[4.3852185,4.3852185] addable=0
product   97x22   b= 2134 m= 330 H=[4.3869177,4.3869177] addable=0
product   97x3    b=  291 m=  66 H=[4.1694820,4.1694822] addable=0
product   97x4    b=  388 m=  66 H=[3.9340916,3.9340916] addable=1
product   97x5    b=  485 m=  99 H=[4.2490784,4.2490785] addable=0
product   97x6    b=  582 m=  99 H=[4.1041817,4.1041817] addable=0
product   97x7    b=  679 m= 132 H=[4.2956491,4.2956491] addable=0
product   97x8    b=  776 m=  99 H=[3.9349915,3.9349915] addable=128
product   97x9    b=  873 m= 132 H=[4.1139623,4.1139623] addable=1
product   97x10   b=  970 m= 132 H=[4.0535138,4.0535138] addable=17
product   97x11   b= 1067 m= 198 H=[4.3852185,4.3852185] addable=0
product   97x12   b= 1164 m= 165 H=[4.1477913,4.1477913] addable=6
product  193x11   b= 2123 m= 294 H=[4.3804798,4.3804798] addable=1
product  193x22   b= 4246 m= 490 H=[4.3817418,4.3817453] addable=-1
product  193x3    b=  579 m=  98 H=[4.2273140,4.2273140] addable=5
product  193x4    b=  772 m=  98 H=[4.0544683,4.0544683] addable=80
product  193x5    b=  965 m= 147 H=[4.2842197,4.2842197] addable=1
product  193x6    b= 1158 m= 147 H=[4.1791431,4.1791431] addable=24
product  193x7    b= 1351 m= 196 H=[4.3169054,4.3169054] addable=2
product  193x8    b= 1544 m= 147 H=[4.0533525,4.0533525] addable=405
product  193x9    b= 1737 m= 196 H=[4.1852441,4.1852441] addable=16
product  193x10   b= 1930 m= 196 H=[4.1405863,4.1405863] addable=101
product  193x11   b= 2123 m= 294 H=[4.3804798,4.3804798] addable=1
product  193x12   b= 2316 m= 245 H=[4.2094341,4.2094341] addable=55
product  105x55   b= 5775 m= 651 H=[4.3852365,4.3852388] addable=-1
product  105x11   b= 1155 m= 186 H=[4.3808351,4.3808351] addable=2
product  105x22   b= 2310 m= 310 H=[4.3823113,4.3823113] addable=4
product  105x3    b=  315 m=  62 H=[4.1966555,4.1966556] addable=4
product  105x4    b=  420 m=  62 H=[3.9925603,3.9925603] addable=34
product  105x5    b=  525 m=  93 H=[4.2655516,4.2655517] addable=2
product  105x6    b=  630 m=  93 H=[4.1410443,4.1410444] addable=18
product  105x7    b=  735 m= 124 H=[4.3048204,4.3048205] addable=6
product  105x8    b=  840 m=  93 H=[3.9937968,3.9937968] addable=211
product  105x9    b=  945 m= 124 H=[4.1489972,4.1489972] addable=14
product  105x10   b= 1050 m= 124 H=[4.0966303,4.0966303] addable=60
product  105x11   b= 1155 m= 186 H=[4.3808351,4.3808351] addable=2
product  105x12   b= 1260 m= 155 H=[4.1780092,4.1780092] addable=36
product    3x55   b=  165 m=  42 H=[3.8302785,3.8302791] addable=0
product    3x11   b=   33 m=  12 H=[3.7068445,3.7068452] addable=0
product    3x22   b=   66 m=  20 H=[3.7745600,3.7745600] addable=0
product    3x191  b=  573 m= 100 H=[3.8711845,3.8711845] addable=0
product    3x177  b=  531 m=  92 H=[3.8616010,3.8616010] addable=2
product    3x193  b=  579 m=  98 H=[3.8634961,3.8634961] addable=1
product    3x157  b=  471 m=  86 H=[3.8545869,3.8545870] addable=0
product    3x97   b=  291 m=  66 H=[3.8187867,3.8187868] addable=0
product    3x193  b=  579 m=  98 H=[3.8622528,3.8622528] addable=1
product    3x105  b=  315 m=  62 H=[3.8419529,3.8419530] addable=1
product    3x3    b=    9 m=   4 H=[3.0079389,3.0079391] addable=0
product    3x4    b=   12 m=   4 H=[2.6355213,2.6355216] addable=2
product    3x5    b=   15 m=   6 H=[3.3051805,3.3051808] addable=0
product    3x6    b=   18 m=   6 H=[3.0501053,3.0501054] addable=2
product    3x7    b=   21 m=   8 H=[3.4566539,3.4566540] addable=0
product    3x8    b=   24 m=   6 H=[2.7880705,2.7880709] addable=6
product    3x9    b=   27 m=   8 H=[3.1327304,3.1327309] addable=1
product    3x10   b=   30 m=   8 H=[3.0348710,3.0348712] addable=5
product    3x11   b=   33 m=  12 H=[3.7068445,3.7068452] addable=0
product    3x12   b=   36 m=  10 H=[3.2381159,3.2381161] addable=3
product    4x55   b=  220 m=  42 H=[3.1587897,3.1587898] addable=68
product    4x11   b=   44 m=  12 H=[2.9954064,2.9954065] addable=10
product    4x22   b=   88 m=  20 H=[3.0866453,3.0866453] addable=44
product    4x191  b=  764 m= 100 H=[3.2376591,3.2376591] addable=282
product    4x177  b=  708 m=  92 H=[3.2314908,3.2314908] addable=262
product    4x193  b=  772 m=  98 H=[3.2352066,3.2352066] addable=288
product    4x157  b=  628 m=  86 H=[3.2214460,3.2214460] addable=228
product    4x97   b=  388 m=  66 H=[3.1694485,3.1694486] addable=128
product    4x193  b=  772 m=  98 H=[3.2343389,3.2343389] addable=288
product    4x105  b=  420 m=  62 H=[3.2034729,3.2034729] addable=148
product    4x3    b=   12 m=   4 H=[2.4797240,2.4797242] addable=2
product    4x4    b=   16 m=   4 H=[2.2896655,2.2896655] addable=8
product    4x5    b=   20 m=   6 H=[2.7031922,2.7031922] addable=4
product    4x6    b=   24 m=   6 H=[2.5740066,2.5740069] addable=12
product    4x7    b=   28 m=   8 H=[2.8167314,2.8167318] addable=6
product    4x8    b=   32 m=   6 H=[2.4306408,2.4306408] addable=16
product    4x9    b=   36 m=   8 H=[2.6504184,2.6504184] addable=10
product    4x10   b=   40 m=   8 H=[2.5971536,2.5971536] addable=20
product    4x11   b=   44 m=  12 H=[2.9954064,2.9954065] addable=10
product    4x12   b=   48 m=  10 H=[2.7331094,2.7331095] addable=24
product    5x55   b=  275 m=  63 H=[4.0346384,4.0346386] addable=0
product    5x11   b=   55 m=  18 H=[3.9673323,3.9673324] addable=0
product    5x22   b=  110 m=  30 H=[4.0035275,4.0035275] addable=0
product    5x191  b=  955 m= 150 H=[4.0514985,4.0514985] addable=0
product    5x177  b=  885 m= 138 H=[4.0430066,4.0430066] addable=0
product    5x193  b=  965 m= 147 H=[4.0437116,4.0437116] addable=0
product    5x157  b=  785 m= 129 H=[4.0385652,4.0385652] addable=0
product    5x97   b=  485 m=  99 H=[4.0162179,4.0162180] addable=0
product    5x193  b=  965 m= 147 H=[4.0425929,4.0425929] addable=0
product    5x105  b=  525 m=  93 H=[4.0315901,4.0315901] addable=1
product    5x3    b=   15 m=   6 H=[3.4168840,3.4168844] addable=2
product    5x4    b=   20 m=   6 H=[3.0304713,3.0304713] addable=2
product    5x5    b=   25 m=   9 H=[3.6438619,3.6438619] addable=0
product    5x6    b=   30 m=   9 H=[3.3920941,3.3920945] addable=2
product    5x7    b=   35 m=  12 H=[3.7619471,3.7619475] addable=0
product    5x8    b=   40 m=   9 H=[3.1253087,3.1253087] addable=6
product    5x9    b=   45 m=  12 H=[3.4462517,3.4462518] addable=2
product    5x10   b=   50 m=  12 H=[3.3486142,3.3486142] addable=2
product    5x11   b=   55 m=  18 H=[3.9673323,3.9673324] addable=0
product    5x12   b=   60 m=  15 H=[3.5306162,3.5306162] addable=3
product    6x55   b=  330 m=  63 H=[3.6106244,3.6106245] addable=5
product    6x11   b=   66 m=  18 H=[3.5084780,3.5084780] addable=0
product    6x22   b=  132 m=  30 H=[3.5653274,3.5653282] addable=0
product    6x191  b= 1146 m= 150 H=[3.6550137,3.6550137] addable=4
product    6x177  b= 1062 m= 138 H=[3.6485850,3.6485850] addable=7
product    6x193  b= 1158 m= 147 H=[3.6505894,3.6505894] addable=8
product    6x157  b=  942 m= 129 H=[3.6418183,3.6418183] addable=3
product    6x97   b=  582 m=  99 H=[3.6072660,3.6072661] addable=0
product    6x193  b= 1158 m= 147 H=[3.6496919,3.6496919] addable=9
product    6x105  b=  630 m=  93 H=[3.6308091,3.6308091] addable=0
product    6x3    b=   18 m=   6 H=[3.0469266,3.0469267] addable=0
product    6x4    b=   24 m=   6 H=[2.7862193,2.7862197] addable=6
product    6x5    b=   30 m=   9 H=[3.2413150,3.2413154] addable=0
product    6x6    b=   36 m=   9 H=[3.0722261,3.0722262] addable=4
product    6x7    b=   42 m=  12 H=[3.3412219,3.3412220] addable=0
product    6x8    b=   48 m=   9 H=[2.8849375,2.8849375] addable=12
product    6x9    b=   54 m=  12 H=[3.1276881,3.1276882] addable=1
product    6x10   b=   60 m=  12 H=[3.0593862,3.0593862] addable=9
product    6x11   b=   66 m=  18 H=[3.5084780,3.5084780] addable=0
product    6x12   b=   72 m=  15 H=[3.2009269,3.2009269] addable=9
product    7x55   b=  385 m=  84 H=[4.1683329,4.1683330] addable=0
product    7x11   b=   77 m=  24 H=[4.1250733,4.1250733] addable=0
product    7x22   b=  154 m=  40 H=[4.1473460,4.1473469] addable=0
product    7x191  b= 1337 m= 200 H=[4.1730697,4.1730697] addable=0
product    7x177  b= 1239 m= 184 H=[4.1649160,4.1649160] addable=0
product    7x193  b= 1351 m= 196 H=[4.1650612,4.1650612] addable=0
product    7x157  b= 1099 m= 172 H=[4.1618701,4.1618701] addable=0
product    7x97   b=  679 m= 132 H=[4.1467474,4.1467475] addable=0
product    7x193  b= 1351 m= 196 H=[4.1640015,4.1640015] addable=0
product    7x105  b=  735 m= 124 H=[4.1572933,4.1572934] addable=0
product    7x3    b=   21 m=   8 H=[3.6363299,3.6363300] addable=0
product    7x4    b=   28 m=   8 H=[3.2456520,3.2456525] addable=1
product    7x5    b=   35 m=  12 H=[3.8333792,3.8333797] addable=0
product    7x6    b=   42 m=  12 H=[3.5828927,3.5828928] addable=0
product    7x7    b=   49 m=  16 H=[3.9380670,3.9380671] addable=0
product    7x8    b=   56 m=  12 H=[3.3142700,3.3142700] addable=8
product    7x9    b=   63 m=  16 H=[3.6249707,3.6249708] addable=0
product    7x10   b=   70 m=  16 H=[3.5272711,3.5272711] addable=2
product    7x11   b=   77 m=  24 H=[4.1250733,4.1250733] addable=0
product    7x12   b=   84 m=  20 H=[3.7001222,3.7001222] addable=1
product    8x55   b=  440 m=  63 H=[3.1215008,3.1215008] addable=110
product    8x11   b=   88 m=  18 H=[3.0117598,3.0117598] addable=15
product    8x22   b=  176 m=  30 H=[3.0731144,3.0731146] addable=66
product    8x191  b= 1528 m= 150 H=[3.1792600,3.1792600] addable=427
product    8x177  b= 1416 m= 138 H=[3.1749970,3.1749970] addable=403
product    8x193  b= 1544 m= 147 H=[3.1776878,3.1776878] addable=440
product    8x157  b= 1256 m= 129 H=[3.1673552,3.1673552] addable=346
product    8x97   b=  776 m=  99 H=[3.1284368,3.1284368] addable=192
product    8x193  b= 1544 m= 147 H=[3.1770441,3.1770441] addable=442
product    8x105  b=  840 m=  93 H=[3.1548361,3.1548361] addable=226
product    8x3    b=   24 m=   6 H=[2.6675301,2.6675305] addable=5
product    8x4    b=   32 m=   6 H=[2.5148912,2.5148912] addable=16
product    8x5    b=   40 m=   9 H=[2.8151802,2.8151803] addable=6
product    8x6    b=   48 m=   9 H=[2.7175843,2.7175843] addable=20
product    8x7    b=   56 m=  12 H=[2.8902722,2.8902722] addable=9
product    8x8    b=   64 m=   9 H=[2.6041328,2.6041337] addable=30
product    8x9    b=   72 m=  12 H=[2.7666021,2.7666021] addable=17
product    8x10   b=   80 m=  12 H=[2.7255532,2.7255538] addable=34
product    8x11   b=   88 m=  18 H=[3.0117598,3.0117598] addable=15
product    8x12   b=   96 m=  15 H=[2.8235572,2.8235576] addable=42
product    9x55   b=  495 m=  84 H=[3.6315241,3.6315241] addable=10
product    9x11   b=   99 m=  24 H=[3.5475919,3.5475919] addable=1
product    9x22   b=  198 m=  40 H=[3.5941283,3.5941285] addable=2
product    9x191  b= 1719 m= 200 H=[3.6688358,3.6688358] addable=12
product    9x177  b= 1593 m= 184 H=[3.6632326,3.6632326] addable=19
product    9x193  b= 1737 m= 196 H=[3.6649115,3.6649115] addable=22
product    9x157  b= 1413 m= 172 H=[3.6574112,3.6574112] addable=8
product    9x97   b=  873 m= 132 H=[3.6278560,3.6278560] addable=3
product    9x193  b= 1737 m= 196 H=[3.6641228,3.6641228] addable=24
product    9x105  b=  945 m= 124 H=[3.6481753,3.6481753] addable=9
product    9x3    b=   27 m=   8 H=[3.1618414,3.1618420] addable=3
product    9x4    b=   36 m=   8 H=[2.9257384,2.9257385] addable=9
product    9x5    b=   45 m=  12 H=[3.3225140,3.3225141] addable=1
product    9x6    b=   54 m=  12 H=[3.1722190,3.1722190] addable=5
product    9x7    b=   63 m=  16 H=[3.4059202,3.4059202] addable=2
product    9x8    b=   72 m=  12 H=[3.0022455,3.0022455] addable=18
product    9x9    b=   81 m=  16 H=[3.2166689,3.2166689] addable=6
product    9x10   b=   90 m=  16 H=[3.1551699,3.1551708] addable=13
product    9x11   b=   99 m=  24 H=[3.5475919,3.5475919] addable=1
product    9x12   b=  108 m=  20 H=[3.2785998,3.2786004] addable=11
product   10x55   b=  550 m=  84 H=[3.4545917,3.4545917] addable=38
product   10x11   b=  110 m=  24 H=[3.3660766,3.3660766] addable=5
product   10x22   b=  220 m=  40 H=[3.4153569,3.4153570] addable=24
product   10x191  b= 1910 m= 200 H=[3.4976313,3.4976313] addable=147
product   10x177  b= 1770 m= 184 H=[3.4928063,3.4928063] addable=139
product   10x193  b= 1930 m= 196 H=[3.4947708,3.4947708] addable=157
product   10x157  b= 1570 m= 172 H=[3.4865684,3.4865684] addable=118
product   10x97   b=  970 m= 132 H=[3.4549188,3.4549188] addable=65
product   10x193  b= 1930 m= 196 H=[3.4940714,3.4940714] addable=157
product   10x105  b= 1050 m= 124 H=[3.4766376,3.4766376] addable=78
product   10x3    b=   30 m=   8 H=[3.0186015,3.0186017] addable=2
product   10x4    b=   40 m=   8 H=[2.8231957,2.8231957] addable=12
product   10x5    b=   50 m=  12 H=[3.1645601,3.1645601] addable=2
product   10x6    b=   60 m=  12 H=[3.0407473,3.0407473] addable=12
product   10x7    b=   70 m=  16 H=[3.2398726,3.2398726] addable=3
product   10x8    b=   80 m=  12 H=[2.8983576,2.8983583] addable=26
product   10x9    b=   90 m=  16 H=[3.0837807,3.0837815] addable=7
product   10x10   b=  100 m=  16 H=[3.0324018,3.0324023] addable=21
product   10x11   b=  110 m=  24 H=[3.3660766,3.3660766] addable=5
product   10x12   b=  120 m=  20 H=[3.1403997,3.1404000] addable=22
product   11x55   b=  605 m= 126 H=[4.4273000,4.4273000] addable=0
product   11x11   b=  121 m=  36 H=[4.4217475,4.4217475] addable=0
product   11x22   b=  242 m=  60 H=[4.4223023,4.4223027] addable=0
product   11x191  b= 2101 m= 300 H=[4.4114042,4.4114042] addable=0
product   11x177  b= 1947 m= 276 H=[4.4034274,4.4034274] addable=0
product   11x193  b= 2123 m= 294 H=[4.4026070,4.4026070] addable=0
product   11x157  b= 1727 m= 258 H=[4.4026652,4.4026652] addable=0
product   11x97   b= 1067 m= 198 H=[4.3991996,4.3991996] addable=0
product   11x193  b= 2123 m= 294 H=[4.4015974,4.4015974] addable=0
product   11x105  b= 1155 m= 186 H=[4.4019948,4.4019948] addable=0
product   11x3    b=   33 m=  12 H=[4.0004767,4.0004775] addable=0
product   11x4    b=   44 m=  12 H=[3.5871818,3.5871819] addable=2
product   11x5    b=   55 m=  18 H=[4.1639030,4.1639031] addable=0
product   11x6    b=   66 m=  18 H=[3.9035118,3.9035118] addable=0
product   11x7    b=   77 m=  24 H=[4.2536114,4.2536114] addable=0
product   11x8    b=   88 m=  18 H=[3.6215940,3.6215941] addable=15
product   11x9    b=   99 m=  24 H=[3.9295856,3.9295856] addable=1
product   11x10   b=  110 m=  24 H=[3.8277546,3.8277546] addable=7
product   11x11   b=  121 m=  36 H=[4.4217475,4.4217475] addable=0
product   11x12   b=  132 m=  30 H=[3.9941211,3.9941220] addable=2
product   12x55   b=  660 m= 105 H=[3.7229430,3.7229430] addable=10
product   12x11   b=  132 m=  30 H=[3.6552306,3.6552314] addable=0
product   12x22   b=  264 m=  50 H=[3.6926453,3.6926454] addable=2
product   12x191  b= 2292 m= 250 H=[3.7521769,3.7521769] addable=12
product   12x177  b= 2124 m= 230 H=[3.7469218,3.7469218] addable=17
product   12x193  b= 2316 m= 245 H=[3.7482138,3.7482138] addable=20
product   12x157  b= 1884 m= 215 H=[3.7420466,3.7420466] addable=8
product   12x97   b= 1164 m= 165 H=[3.7173597,3.7173597] addable=1
product   12x193  b= 2316 m= 245 H=[3.7474761,3.7474761] addable=21
product   12x105  b= 1260 m= 155 H=[3.7345484,3.7345484] addable=5
product   12x3    b=   36 m=  10 H=[3.3105807,3.3105809] addable=0
product   12x4    b=   48 m=  10 H=[3.0784684,3.0784684] addable=14
product   12x5    b=   60 m=  15 H=[3.4525809,3.4525810] addable=0
product   12x6    b=   72 m=  15 H=[3.3065542,3.3065542] addable=10
product   12x7    b=   84 m=  20 H=[3.5268279,3.5268279] addable=1
product   12x8    b=   96 m=  15 H=[3.1398918,3.1398923] addable=30
product   12x9    b=  108 m=  20 H=[3.3434669,3.3434676] addable=4
product   12x10   b=  120 m=  20 H=[3.2834660,3.2834664] addable=23
product   12x11   b=  132 m=  30 H=[3.6552306,3.6552314] addable=0
product   12x12   b=  144 m=  25 H=[3.3989226,3.3989229] addable=19

top products by certified lower bound (27s total):
  b= 3025 (55x55) m= 441 H_lo=4.4397487 addable=0
  b=  605 (55x11) m= 126 H_lo=4.4367087 addable=0
  b=  605 (55x11) m= 126 H_lo=4.4367087 addable=0
  b= 1210 (55x22) m= 210 H_lo=4.4365911 addable=0
  b=  605 (11x55) m= 126 H_lo=4.4273000 addable=0
  b=  605 (11x55) m= 126 H_lo=4.4273000 addable=0
  b= 1210 (22x55) m= 210 H_lo=4.4235849 addable=0
  b= 5775 (55x105) m= 651 H_lo=4.4225028 addable=-1
  b=  242 (11x22) m=  60 H_lo=4.4223023 addable=0
  b=  242 (11x22) m=  60 H_lo=4.4223023 addable=0
