c ---- [ banner ] ------------------------------------------------------------
c
c Kissat SAT Solver
c 
c Copyright (c) 2021-2024 Armin Biere University of Freiburg
c Copyright (c) 2019-2021 Armin Biere Johannes Kepler University Linz
c 
c Version 4.0.4 unknown
c Apple clang version 17.0.0 (clang-1700.3.19.1) -W -Wall -O3 -DNDEBUG
c Thu Oct 16 20:09:41 UTC 2025 Darwin Tahoe-arm64.local 25.0.0 arm64
c
c ---- [ parsing ] -----------------------------------------------------------
c
c opened and reading DIMACS file:
c
c   /Users/alexroman/research/scinet_seeding/erdos-fleet/attacks/erdos-436-r2/cnf/k8_B1504412.cnf
c
c parsed 'p cnf 12035304 93780196' header
c closing input after reading 2123966377 bytes (2 GB)
c finished parsing after 11.16 seconds
c
c ---- [ options ] -----------------------------------------------------------
c
c --lucky=false                    (different from default 'true')
c
c ---- [ solving ] -----------------------------------------------------------
c
c seconds   switched rate     size/glue tier1    binary                remaining
c          MB reductions conflicts size  tier2        irredundant
c           level restarts redundant glue  trail                variables
c
c * 11.16 3556 0 0 0  0 0   0   0 0.0 0 0 0 0 0% 4711282 89068906 12035290 100%
c ( 11.16 3556 0 0 0  0 0   0   0 0.0 0 0 0 0 0% 4711282 89068906 12035290 100%
c . 14.83 4260 0 0 0  0 0   0   0 0.0 0 0 0 0 0% 4711250 52963059 12035290 100%
c c 22.22 5944 0 0 0  0 0   0   0 0.0 0 0 0 0 0% 4711484 52963057 12035289 100%
c d 23.22 6109 0 0 0  0 0   0   0 0.0 0 0 0 0 0% 4711482 52963057 12035289 100%
c ) 26.83 6207 0 0 0  0 0   0   0 0.0 0 0 0 0 0% 4711482 52963057 12035289 100%
c { 26.83 6207 0 0 0  0 0   0   0 0.0 0 0 2 6 0% 4711482 52963057 12035289 100%
c - 31.34 5530 323962 0 1 45 8477 1000 635 1.8 13 7 6 9 3% 4711493 52963056 12035289 100%
c } 31.34 5530 323962 1 1 45 8477 1000 635 1.8 13 7 6 9 3% 4711493 52963056 12035289 100%
c [ 31.34 5530 0 1 1 45 0 1000 635 0.0 0 0 2 6 0% 4711493 52963056 12035289 100%
c B 31.64 5740 163481 1 1 45 25793 1009 641 3.2 16 5 2 6 2% 4711493 52963056 12035289 100%
c - 33.09 5677 1482 1 2 45 232 2002 1437 1.5 14 10 6 13 0% 4711497 52963056 12035289 100%
c W 38.18 6415 1471 1 2 45 231 2010 1445 1.5 14 10 6 13 0% 4711497 52963056 12035289 100%
c - 41.98 5015 621 1 3 47 97 3417 2376 1.5 14 9 6 13 0% 4711507 52963053 12035289 100%
c I 43.32 4092 461 1 3 47 72 4269 3117 1.5 14 9 6 13 0% 4711508 52963053 12035289 100%
c ] 43.79 4025 436 2 3 47 67 4475 3311 1.5 14 9 5 12 0% 4711510 52963051 12035289 100%
c { 43.79 4025 323962 2 3 47 8477 4475 3311 1.8 13 7 6 9 3% 4711510 52963051 12035289 100%
c - 45.56 4370 192981 2 4 58 5054 5149 3213 1.8 12 7 5 8 2% 4711522 52963050 12035289 100%
c } 46.15 4375 161366 3 4 74 4236 5475 3475 1.8 12 6 5 8 2% 4711524 52963050 12035289 100%
c [ 46.15 4375 436 3 4 74 67 5475 3475 1.5 14 9 5 12 0% 4711524 52963050 12035289 100%
c
c seconds     switched  rate       size/glue tier1      binary                remaining
c          MB  reductions conflicts      size  tier2         irredundant
c            level restarts   redundant    glue   trail                variables
c
c u 49.99 4778 386 3 4 74 60 5933 3837 1.5 14 9 5 12 0% 4711524 52963050 12035289 100%
c v 51.52 4511 386 3 4 74 60 5933 3748 1.5 14 9 5 12 0% 4711524 52963050 12035289 100%
c w 52.84 4350 386 3 4 74 60 5933 3717 1.5 14 9 5 12 0% 4711524 52963050 12035289 100%
c - 58.54 4537 297 3 5 75 46 7150 3987 1.5 14 9 5 12 0% 4711526 52963050 12035289 100%
c ] 58.61 4537 292 4 5 75 45 7236 4065 1.5 14 9 5 12 0% 4711526 52963050 12035289 100%
c { 58.61 4537 161366 4 5 75 4236 7236 4065 1.8 12 6 5 8 2% 4711526 52963050 12035289 100%
c i 61.88 4686 83912 4 5 288 2268 9073 5656 1.7 12 7 4 8 1% 4711534 52963050 12035288 100%
c - 62.75 4687 77771 4 6 345 2107 9386 4876 1.7 12 7 4 8 1% 4711533 52963049 12035288 100%
c } 62.93 4687 74078 5 6 349 2007 9588 5047 1.7 12 7 4 8 1% 4711535 52963049 12035288 100%
c [ 62.93 4687 292 5 6 349 45 9588 5047 1.5 14 9 5 12 0% 4711535 52963049 12035288 100%
c B 62.95 4710 292 5 6 349 45 9588 5047 1.5 14 9 5 12 0% 4711535 52963049 12035288 100%
c - 66.42 4729 209 5 7 351 31 11835 5599 1.5 14 10 5 12 0% 4711536 52963049 12035288 100%
c ] 67.07 4730 197 6 7 351 29 12340 6055 1.5 14 10 5 12 0% 4711536 52963049 12035288 100%
c { 67.07 4730 74078 6 7 351 2007 12340 6055 1.7 12 7 4 8 1% 4711536 52963049 12035288 100%
c o 68.24 4848 73724 6 7 354 1998 12362 6072 1.7 12 7 4 8 1% 4711536 52963049 12035288 100%
c i 68.50 4850 71971 6 7 392 1951 12466 6172 1.7 12 7 4 8 1% 4711538 52963049 12035287 100%
c i 69.76 4858 65012 6 7 544 1874 12961 6651 1.7 12 7 4 8 1% 4711546 52963049 12035283 100%
c - 80.87 4428 57557 6 8 1013 2001 14481 5960 1.6 13 8 2 8 1% 4711521 52963049 12035282 100%
c } 89.80 4408 48141 7 8 1480 1931 16409 7818 1.6 13 8 2 8 1% 4711528 52963049 12035282 100%
c [ 89.80 4408 197 7 8 1480 29 16409 7818 1.5 14 10 5 12 0% 4711528 52963049 12035282 100%
c
c seconds     switched    rate        size/glue  tier1      binary                remaining
c          MB  reductions   conflicts       size   tier2         irredundant
c            level  restarts     redundant     glue   trail                variables
c
c W 98.97 5432 197 7 8 1480 29 16409 7818 1.5 14 10 5 12 0% 4711528 52821038 12035282 100%
c - 100.84 4995 178 7 9 1480 26 17309 6398 1.5 15 10 5 12 0% 4711528 52821038 12035282 100%
c u 112.53 4495 161 7 9 1481 24 18270 5776 1.5 15 10 5 12 0% 4711677 52820992 12035280 100%
c v 115.59 4504 161 7 9 1481 24 18270 4978 1.5 15 10 5 12 0% 4711677 52820992 12035280 100%
c w 117.04 4504 161 7 9 1481 24 18270 4725 1.5 15 10 5 12 0% 4711677 52820992 12035280 100%
c u 125.96 4726 161 7 9 1481 24 18270 4701 1.5 15 10 5 12 0% 4711677 52820992 12035280 100%
c v 128.65 4655 161 7 9 1481 24 18270 4132 1.5 15 10 5 12 0% 4711677 52820992 12035280 100%
c w 129.98 4655 161 7 9 1481 24 18270 4096 1.5 15 10 5 12 0% 4711677 52820992 12035280 100%
c - 137.63 4932 136 7 10 1482 20 20310 4412 1.5 15 10 4 12 0% 4711672 52820992 12035280 100%
c - 142.07 4955 109 7 11 1485 16 23472 5420 1.5 15 10 4 12 0% 4711672 52820992 12035280 100%
c O 142.83 4901 106 7 11 1485 15 23939 5769 1.5 15 10 4 12 0% 4711672 52820992 12035280 100%
c o 144.63 4975 106 7 11 1485 15 23939 5769 1.5 15 10 4 12 0% 4711672 52820992 12035280 100%
c - 148.38 4720 90 7 12 1486 13 26788 6245 1.5 14 9 4 12 0% 4711672 52820992 12035280 100%
c s 153.88 4852 80 7 12 1487 11 29652 8804 1.5 14 10 4 12 0% 4711747 52814482 12035280 100%
c e 175.32 5602 80 7 12 1487 11 29652 8804 1.5 14 10 4 12 0% 508624 20444969 1974408 16%
c s 177.10 5570 80 7 12 1487 11 29652 8804 1.5 14 10 4 12 0% 508633 20444267 1974408 16%
c e 178.48 5491 80 7 12 1487 11 29652 8804 1.5 14 10 4 12 0% 508549 20444351 1974361 16%
c ^ 178.49 5491 80 7 12 1487 11 29652 8804 1.5 14 10 4 12 0% 508549 20444351 1974361 16%
c - 181.46 5401 78 7 13 1488 11 30252 6630 1.5 14 9 4 11 0% 508590 20444304 1974361 16%
c ] 181.67 5346 76 8 13 1488 11 30633 6940 1.5 14 9 4 11 0% 508590 20444304 1974361 16%
c
c seconds        switched      rate         size/glue tier1    binary               remaining
c           MB     reductions     conflicts       size  tier2       irredundant
c              level    restarts       redundant    glue  trail               variables
c
c { 181.67 5346 48141 8 13 1488 1931 30633 6940 1.6 13 8 2 8 1% 508590 20444304 1974361 16%
c - 184.61 5342 34280 8 14 1538 1377 33857 7258 1.6 13 8 2 8 1% 508590 20444304 1974361 16%
c } 187.15 5343 26990 9 14 1601 1086 36795 9703 1.6 13 8 2 8 0% 508590 20444304 1974361 16%
c [ 187.15 5343 76 9 14 1601 11 36795 9703 1.5 14 9 4 11 0% 508590 20444304 1974361 16%
c B 187.15 5343 76 9 14 1601 11 36795 9703 1.5 14 9 4 11 0% 508590 20444304 1974361 16%
c u 189.53 5150 74 9 14 1601 10 37418 9455 1.5 14 9 4 11 0% 508590 20444304 1974361 16%
c v 191.63 5151 74 9 14 1601 10 37418 8344 1.5 14 9 4 11 0% 508590 20444304 1974361 16%
c w 192.56 5089 74 9 14 1601 10 37418 8120 1.5 14 9 4 11 0% 508590 20444304 1974361 16%
c - 194.24 5069 74 9 15 1601 10 37599 6251 1.5 14 9 4 11 0% 508590 20444304 1974361 16%
c - 197.10 5070 65 9 16 1604 9 41471 7184 1.5 14 9 4 11 0% 508591 20444304 1974361 16%
c ] 199.04 4342 60 10 16 1606 8 44261 9556 1.5 14 9 4 11 0% 508592 20444304 1974361 16%
c { 199.04 4342 26990 10 16 1606 1086 44261 9556 1.6 13 8 2 8 0% 508592 20444304 1974361 16%
c o 199.51 4364 26949 10 16 1609 1085 44283 9570 1.6 13 8 2 8 0% 508592 20444304 1974361 16%
c - 200.63 4252 24781 10 17 1634 999 45472 7665 1.6 13 8 2 8 0% 508593 20444304 1974361 16%
c - 203.86 3920 19291 10 18 1708 782 49595 8233 1.6 12 8 2 8 0% 508593 20444304 1974361 16%
c } 206.34 3560 16308 11 18 1785 664 52890 10950 1.6 12 8 2 8 0% 508593 20444304 1974361 16%
c [ 206.34 3560 60 11 18 1785 8 52890 10950 1.5 14 9 4 11 0% 508593 20444304 1974361 16%
c W 209.39 4171 60 11 18 1785 8 52890 10950 1.5 14 9 4 11 0% 508593 20444304 1974361 16%
c - 210.54 4093 59 11 19 1785 8 53838 8896 1.5 14 9 4 11 0% 508593 20444304 1974361 16%
c s 211.80 3600 58 11 19 1786 8 54276 9292 1.5 14 10 4 11 0% 508593 20444302 1974361 16%
c
c seconds      switched    rate        size/glue  tier1     binary               remaining
c           MB   reductions  conflicts       size   tier2        irredundant
c            level    restarts    redundant     glue   trail               variables
c
c e 217.95 3199 58 11 19 1786 8 54276 9292 1.5 14 10 4 11 0% 505758 20448548 1972950 16%
c ^ 219.41 3204 58 11 19 1786 8 54276 9292 1.5 14 10 4 11 0% 505758 20448548 1972950 16%
c - 223.15 2924 53 11 20 1789 7 58198 8987 1.5 15 10 3 12 0% 505758 20448548 1972950 16%
c u 228.47 3608 52 11 20 1790 7 59334 9089 1.5 15 10 3 12 0% 505829 20448548 1972950 16%
c v 230.51 3612 52 11 20 1790 7 59334 7513 1.5 15 10 3 12 0% 505829 20448548 1972950 16%
c w 231.48 3611 52 11 20 1790 7 59334 7189 1.5 15 10 3 12 0% 505829 20448548 1972950 16%
c t 235.38 3653 52 11 20 1790 7 59334 7189 1.5 15 10 3 12 0% 505826 20448548 1972950 16%
c f 350.04 1719 52 11 20 1790 7 59334 7189 1.5 15 10 3 12 0% 505782 20273415 1972958 16%
c b 351.95 1829 52 11 20 1790 7 59334 7189 1.5 15 10 3 12 0% 505782 20273415 1972957 16%
c u 352.77 1839 52 11 20 1790 7 59334 7162 1.5 15 10 3 12 0% 505782 20273415 1972957 16%
c v 354.49 1839 52 11 20 1790 7 59334 6615 1.5 15 10 3 12 0% 505782 20273415 1972957 16%
c w 355.39 1839 52 11 20 1790 7 59334 6530 1.5 15 10 3 12 0% 505782 20273415 1972957 16%
c t 357.80 1792 52 11 20 1790 7 59334 6530 1.5 15 10 3 12 0% 595948 20183207 1972957 16%
c ] 360.92 1855 51 12 20 1790 6 60464 7515 1.5 15 10 3 12 0% 595945 20183207 1972957 16%
c { 360.92 1855 16308 12 20 1790 664 60464 7515 1.6 12 8 2 8 0% 595945 20183207 1972957 16%
c - 362.88 1957 14742 12 21 1842 602 62670 6870 1.6 12 8 2 8 0% 595943 20183207 1972957 16%
c - 366.70 1958 12239 12 22 2084 504 67253 8687 1.6 12 8 2 8 0% 595943 20183207 1972957 16%
c - 371.12 1961 10379 12 23 2249 433 71943 10082 1.6 12 8 2 8 0% 595943 20183207 1972957 16%
c } 371.12 1961 10379 13 23 2249 433 71943 10082 1.6 12 8 2 8 0% 595943 20183207 1972957 16%
c [ 371.12 1961 51 13 23 2249 6 71943 10082 1.5 15 10 3 12 0% 595943 20183207 1972957 16%
c
c seconds      switched    rate         size/glue  tier1     binary               remaining
c           MB   reductions  conflicts        size   tier2        irredundant
c            level    restarts     redundant     glue   trail               variables
c
c I 371.12 1962 51 13 23 2249 6 71943 10082 1.5 15 10 3 12 0% 595943 20183207 1972957 16%
c - 375.13 1967 47 13 24 2252 6 76739 10395 1.5 15 10 3 12 0% 595943 20183207 1972957 16%
c - 379.51 1968 44 13 25 2255 5 81637 10149 1.5 16 10 3 12 0% 595943 20183207 1972957 16%
c ] 381.33 1968 43 14 25 2255 5 84251 12592 1.6 16 10 3 12 0% 595943 20183207 1972957 16%
c { 381.33 1968 10379 14 25 2255 433 84251 12592 1.6 12 8 2 8 0% 595943 20183207 1972957 16%
c o 381.76 1981 10386 14 25 2256 433 84277 12602 1.6 12 8 2 8 0% 595943 20183207 1972957 16%
c - 383.69 1982 9623 14 26 2322 405 86637 10803 1.6 12 7 2 8 0% 595943 20183207 1972957 16%
c u 386.37 1980 9360 14 26 2341 395 87510 10263 1.6 12 7 2 8 0% 595943 20183207 1972957 16%
c v 388.76 1981 9360 14 26 2341 395 87510 8236 1.6 12 7 2 8 0% 595943 20183207 1972957 16%
c w 389.80 1981 9360 14 26 2341 395 87510 7910 1.6 12 7 2 8 0% 595943 20183207 1972957 16%
c - 397.21 1997 8277 14 27 2370 352 91736 8417 1.6 12 7 2 8 0% 595944 20183207 1972957 16%
c - 402.54 1999 7260 14 28 2706 315 96933 10426 1.6 12 7 2 8 0% 595944 20183207 1972957 16%
c } 403.96 1999 6903 15 28 2739 300 98967 11935 1.6 12 7 2 8 0% 595944 20183207 1972957 16%
c [ 403.96 1999 43 15 28 2739 5 98967 11935 1.6 16 10 3 12 0% 595944 20183207 1972957 16%
c B 403.96 2001 43 15 28 2739 5 98967 11935 1.6 16 10 3 12 0% 595944 20183207 1972957 16%
c - 406.95 2001 41 15 29 2741 5 102225 11263 1.6 16 10 2 12 0% 595944 20183207 1972957 16%
c - 411.07 2001 38 15 30 2745 4 107610 11684 1.6 16 10 2 12 0% 595944 20183207 1972957 16%
c s 412.75 2085 38 15 30 2745 4 107661 11725 1.6 16 10 2 12 0% 595944 20183166 1972957 16%
c e 418.94 2119 38 15 30 2745 4 107661 11725 1.6 16 10 2 12 0% 567579 20224674 1960053 16%
c s 420.61 2107 38 15 30 2745 4 107661 11725 1.6 16 10 2 12 0% 567579 20224672 1960053 16%
c
c seconds      switched    rate          size/glue  tier1     binary               remaining
c           MB   reductions  conflicts         size   tier2        irredundant
c            level    restarts      redundant     glue   trail               variables
c
c ^ 421.42 2119 38 15 30 2745 4 107661 11725 1.6 16 10 2 12 0% 567579 20224672 1960053 16%
c - 425.93 2121 35 15 31 2747 4 113087 12285 1.6 15 10 2 11 0% 567581 20224672 1960053 16%
c ] 428.07 2121 34 16 31 2749 4 115610 14587 1.6 15 10 2 11 0% 567581 20224672 1960053 16%
c { 428.07 2121 6903 16 31 2749 300 115610 14587 1.6 12 7 2 8 0% 567581 20224672 1960053 16%
c - 431.37 2122 6434 16 32 2895 284 118654 12937 1.6 12 7 2 8 0% 567581 20224672 1960053 16%
c u 436.41 2120 5935 16 32 3080 265 122177 14417 1.6 12 7 2 8 0% 567584 20224672 1960053 16%
c v 439.25 2120 5935 16 32 3080 265 122177 10312 1.6 12 7 2 8 0% 567585 20224672 1960053 16%
c w 440.42 2120 5935 16 32 3080 265 122177 9429 1.6 12 7 2 8 0% 567585 20224672 1960053 16%
c o 447.13 2145 5730 16 32 3173 258 124278 11158 1.6 12 7 2 8 0% 567585 20224672 1960053 16%
c - 447.36 2145 5726 16 33 3180 257 124310 9371 1.6 12 7 2 8 0% 567585 20224672 1960053 16%
c - 453.31 2146 5109 16 34 3458 236 130057 11074 1.6 12 7 2 8 0% 567585 20224672 1960053 16%
c } 457.36 2146 4760 17 34 3670 225 133948 14242 1.6 12 7 2 8 0% 567585 20224672 1960053 16%
c [ 457.36 2146 34 17 34 3670 4 133948 14242 1.6 15 10 2 11 0% 567585 20224672 1960053 16%
c W 460.00 3452 34 17 34 3670 4 133948 14242 1.6 15 10 2 11 0% 567585 20224672 1960053 16%
c - 462.05 3442 34 17 35 3671 4 135889 11676 1.6 16 10 2 11 0% 567585 20224672 1960053 16%
c - 467.30 3450 33 17 36 3675 3 141809 11432 1.6 16 10 2 11 0% 567585 20224672 1960053 16%
c - 473.09 3454 32 17 37 3678 3 147809 11167 1.6 16 10 2 11 0% 567585 20224672 1960053 16%
c ] 476.83 3456 31 18 37 3681 3 152106 15083 1.6 16 10 2 11 0% 567585 20224672 1960053 16%
c { 476.83 3456 4760 18 37 3681 225 152106 15083 1.6 12 7 2 8 0% 567585 20224672 1960053 16%
c - 478.61 3460 4592 18 38 3687 218 153891 11658 1.6 12 7 2 8 0% 567585 20224672 1960053 16%
c
c seconds        switched     rate           size/glue tier1    binary               remaining
c           MB     reductions    conflicts         size  tier2       irredundant
c             level     restarts        redundant    glue  trail               variables
c
c - 483.40 3461 4076 18 39 3687 193 160056 12273 1.7 12 7 2 7 0% 567587 20224672 1960053 16%
c u 491.13 3909 3818 18 39 3687 181 163586 12808 1.7 11 7 2 7 0% 567596 20224672 1960053 16%
c v 494.62 3859 3818 18 39 3687 181 163586 9952 1.7 11 7 2 7 0% 567596 20224672 1960053 16%
c w 495.97 3860 3818 18 39 3687 181 163586 9776 1.7 11 7 2 7 0% 567596 20224672 1960053 16%
c t 501.80 3762 3818 18 39 3687 181 163586 9776 1.7 11 7 2 7 0% 567595 20224672 1960053 16%
c - 506.40 3835 3637 18 40 3689 172 166300 8760 1.7 11 7 2 7 0% 567595 20224672 1960053 16%
c - 512.26 3781 3257 18 41 3692 155 172624 10152 1.7 11 7 2 7 0% 567598 20224672 1960053 16%
c } 513.97 3616 3160 19 41 3705 150 174451 11394 1.7 11 7 2 7 0% 567598 20224672 1960053 16%
c [ 513.97 3616 31 19 41 3705 3 174451 11394 1.6 16 10 2 11 0% 567598 20224672 1960053 16%
c O 513.97 3626 31 19 41 3705 3 174451 11394 1.6 16 10 2 11 0% 567598 20224672 1960053 16%
c o 514.51 3640 31 19 41 3705 3 174451 11394 1.6 16 10 2 11 0% 567598 20224672 1960053 16%
c - 517.51 3640 30 19 42 3708 3 179027 11865 1.6 16 10 2 11 0% 567598 20224672 1960053 16%
c - 522.59 3340 28 19 43 3711 3 185510 13043 1.6 16 10 2 11 0% 567599 20224672 1960053 16%
c - 528.05 3200 27 19 44 3716 3 192069 13646 1.6 16 10 2 11 0% 567599 20224672 1960053 16%
c s 532.60 3182 27 19 44 3717 3 193524 14890 1.6 16 10 2 11 0% 567599 19883412 1960053 16%
c e 538.70 3196 27 19 44 3717 3 193524 14890 1.6 16 10 2 11 0% 565815 19890956 1958167 16%
c s 542.02 3184 27 19 44 3717 3 193524 14890 1.6 16 10 2 11 0% 565815 19506579 1958167 16%
c e 543.99 3196 27 19 44 3717 3 193524 14890 1.6 16 10 2 11 0% 565807 19506650 1958150 16%
c ^ 544.01 2254 27 19 44 3717 3 193524 14890 1.6 16 10 2 11 0% 565807 19506650 1958150 16%
c - 549.31 2256 26 19 45 3718 2 198702 14068 1.6 16 10 2 11 0% 565808 19506650 1958150 16%
c
c seconds      switched    rate          size/glue  tier1     binary               remaining
c           MB   reductions  conflicts         size   tier2        irredundant
c            level    restarts      redundant     glue   trail               variables
c
c ] 549.51 2256 26 20 45 3718 2 198938 14285 1.6 16 10 2 11 0% 565808 19506650 1958150 16%
c { 549.52 2256 3160 20 45 3718 150 198938 14285 1.7 11 7 2 7 0% 565808 19506650 1958150 16%
c - 556.49 1917 2868 20 46 4480 140 205411 15121 1.7 11 7 2 7 0% 565809 19506649 1958150 16%
c u 564.33 1930 2598 20 46 4905 129 211977 18369 1.7 11 7 2 7 0% 565813 19506649 1958150 16%
c v 566.63 1930 2598 20 46 4905 129 211977 16169 1.7 11 7 2 7 0% 565813 19506649 1958150 16%
c w 567.74 1930 2598 20 46 4905 129 211977 15827 1.7 11 7 2 7 0% 565813 19506649 1958150 16%
c t 570.57 2016 2598 20 46 4905 129 211977 15827 1.7 11 7 2 7 0% 565812 19506649 1958150 16%
c - 574.04 2058 2590 20 47 4947 128 212193 12446 1.7 11 7 2 7 0% 565812 19506649 1958150 16%
c i 577.27 2058 2442 20 47 5159 122 216303 15482 1.7 11 7 2 7 0% 565824 19506649 1958149 16%
c - 580.25 2058 2364 20 48 5425 120 219049 8704 1.7 11 7 2 7 0% 565796 19506649 1958149 16%
c } 587.10 2059 2173 21 48 6331 113 225677 14140 1.6 11 7 2 7 0% 565796 19506649 1958149 16%
c [ 587.10 2059 26 21 48 6331 2 225677 14140 1.6 16 10 2 11 0% 565796 19506649 1958149 16%
c B 587.11 2061 26 21 48 6331 2 225677 14140 1.6 16 10 2 11 0% 565796 19506649 1958149 16%
c ] 588.41 2076 26 21 48 6331 2 225886 14331 1.6 16 10 2 11 0% 565796 19506649 1958149 16%
c 1 588.41 2076 2173 21 48 6331 113 225886 14331 1.6 11 7 2 7 0% 565796 19506649 1958149 16%
c
c ---- [ result ] ------------------------------------------------------------
c
s SATISFIABLE
c
c ---- [ profiling ] ---------------------------------------------------------
c
c         306.27   51.85 %  simplify
c         255.31   43.22 %  search
c         245.31   41.53 %  probe
c         134.68   22.80 %  focused
c         126.85   21.47 %  factor
c         120.64   20.42 %  stable
c          63.04   10.67 %  eliminate
c          51.75    8.76 %  vivify
c          26.77    4.53 %  substitute
c          19.37    3.28 %  congruence
c          15.67    2.65 %  preprocess
c          15.04    2.55 %  subsume
c          12.48    2.11 %  sweep
c          11.16    1.89 %  parse
c          10.38    1.76 %  reduce
c           9.92    1.68 %  walking
c           5.02    0.85 %  transitive
c           3.07    0.52 %  backbone
c           0.15    0.03 %  extend
c =============================================
c         590.72  100.00 %  total
c
c ---- [ statistics ] --------------------------------------------------------
c
c chronological:                         1765                1 %  conflicts
c conflicts:                           225886              382.39 per second
c congruent:                                1                0 %  variables
c decisions:                         21887260               96.90 per conflict
c eliminated:                        10077126               84 %  variables
c factored:                                 8                0 %  variables
c iterations:                               5                0 %  variables
c propagations:                    1185905807          2007570    per second
c reductions:                              48             4706    interval
c reordered:                                6            37648    interval
c rephased:                                13            17376    interval
c restarts:                              6331               36    interval
c strengthened:                         51147                0 %  checks
c substituted:                              1                0 %  variables
c subsumed:                            732810                0 %  checks
c switched:                                21            10756    interval
c vivified:                             44045               17 %  checks
c walks:                                    4            56472    interval
c
c ---- [ glue usage ] --------------------------------------------------------
c
c focused glue 2   used 64427 clauses 15.77% accumulated 59.97% tier1
c focused glue 3   used 30809 clauses  7.54% accumulated 67.51%
c focused glue 4-5 used 53448 clauses 13.08% accumulated 80.59%
c focused glue 6   used 27800 clauses  6.80% accumulated 87.40%
c focused glue 7   used 21088 clauses  5.16% accumulated 92.56% tier2
c
c stable glue 2   used  59372 clauses 13.40% accumulated 54.32% tier1
c stable glue 3   used  28793 clauses  6.50% accumulated 60.82%
c stable glue 4-9 used 112351 clauses 25.36% accumulated 86.18%
c stable glue 10  used  11554 clauses  2.61% accumulated 88.79%
c stable glue 11  used   9607 clauses  2.17% accumulated 90.95% tier2
c
c ---- [ resources ] ---------------------------------------------------------
c
c maximum-resident-set-size:     7103926239232 bytes    6774832 MB
c process-time:                         9m 51s             590.72 seconds
c
c ---- [ shutting down ] -----------------------------------------------------
c
c exit 10
