c ---- [ banner ] ------------------------------------------------------------
c
c Kissat SAT Solver
c 
c Copyright (c) 2021-2024 Armin Biere University of Freiburg
c Copyright (c) 2019-2021 Armin Biere Johannes Kepler University Linz
c 
c Version 4.0.4 unknown
c Apple clang version 17.0.0 (clang-1700.3.19.1) -W -Wall -O3 -DNDEBUG
c Thu Oct 16 20:09:41 UTC 2025 Darwin Tahoe-arm64.local 25.0.0 arm64
c
c ---- [ parsing ] -----------------------------------------------------------
c
c opened and reading DIMACS file:
c
c   /Users/alexroman/research/scinet_seeding/erdos-fleet/attacks/erdos-436-r2/cnf/k8_B1499875.cnf
c
c parsed 'p cnf 11999008 93496666' header
c closing input after reading 2117192745 bytes (2 GB)
c finished parsing after 11.92 seconds
c
c ---- [ options ] -----------------------------------------------------------
c
c --lucky=false                    (different from default 'true')
c
c ---- [ solving ] -----------------------------------------------------------
c
c seconds   switched rate     size/glue tier1    binary                remaining
c          MB reductions conflicts size  tier2        irredundant
c           level restarts redundant glue  trail                variables
c
c * 11.92 3561 0 0 0  0 0   0   0 0.0 0 0 0 0 0% 4697645 88799013 11998994 100%
c ( 11.92 3561 0 0 0  0 0   0   0 0.0 0 0 0 0 0% 4697645 88799013 11998994 100%
c . 15.24 4150 0 0 0  0 0   0   0 0.0 0 0 0 0 0% 4697613 52802030 11998994 100%
c c 23.22 5701 0 0 0  0 0   0   0 0.0 0 0 0 0 0% 4697847 52802028 11998993 100%
c d 24.53 6564 0 0 0  0 0   0   0 0.0 0 0 0 0 0% 4697845 52802028 11998993 100%
c ) 28.36 5957 0 0 0  0 0   0   0 0.0 0 0 0 0 0% 4697845 52802028 11998993 100%
c { 28.36 5957 0 0 0  0 0   0   0 0.0 0 0 2 6 0% 4697845 52802028 11998993 100%
c - 33.93 4207 116318 0 1 198 8516 1000 632 1.6 11 7 6 8 1% 4697867 52802026 11998993 100%
c } 33.93 4207 116318 1 1 198 8516 1000 632 1.6 11 7 6 8 1% 4697867 52802026 11998993 100%
c [ 33.93 4207 0 1 1 198 0 1000 632 0.0 0 0 2 6 0% 4697867 52802026 11998993 100%
c B 34.26 4407 304041 1 1 198 54643 1006 636 1.6 22 14 2 6 3% 4697867 52802026 11998993 100%
c - 36.14 4413 20591 1 2 198 1581 2000 1415 1.5 13 9 5 12 0% 4697872 52802025 11998993 100%
c W 42.27 6062 20446 1 2 198 1569 2007 1422 1.5 13 9 5 12 0% 4697872 52802025 11998993 100%
c - 45.39 4796 8452 1 3 200 649 3414 2404 1.5 13 9 6 11 0% 4697879 52802025 11998993 100%
c I 46.80 4718 6227 1 3 200 478 4266 3088 1.5 14 9 5 12 0% 4697881 52802025 11998993 100%
c ] 47.57 4632 5565 2 3 200 427 4648 3438 1.5 14 9 5 12 0% 4697883 52802025 11998993 100%
c { 47.57 4632 116318 2 3 200 8516 4648 3438 1.6 11 7 6 8 1% 4697883 52802025 11998993 100%
c - 48.88 4372 77523 2 4 208 5680 5146 3210 1.7 10 6 4 7 1% 4697886 52802023 11998993 100%
c } 49.65 4347 57843 3 4 209 4238 5649 3592 1.8 10 6 4 7 1% 4697886 52802023 11998993 100%
c [ 49.65 4347 5565 3 4 209 427 5649 3592 1.5 14 9 5 12 0% 4697886 52802023 11998993 100%
c
c seconds      switched   rate        size/glue tier1      binary                remaining
c          MB   reductions  conflicts       size  tier2         irredundant
c            level  restarts     redundant    glue   trail                variables
c
c u 53.58 4758 5162 3 4 209 396 5928 3724 1.5 14 9 5 12 0% 4697886 52802023 11998993 100%
c v 55.13 4758 5162 3 4 209 396 5928 3558 1.5 14 9 5 12 0% 4697886 52802023 11998993 100%
c w 56.38 4758 5162 3 4 209 396 5928 3392 1.5 14 9 5 12 0% 4697886 52802023 11998993 100%
c ] 61.74 5008 4363 4 4 209 335 6635 3992 1.5 14 9 5 12 0% 4697887 52802023 11998993 100%
c { 61.74 5008 57843 4 4 209 4238 6635 3992 1.8 10 6 4 7 1% 4697887 52802023 11998993 100%
c - 63.08 5011 45977 4 5 370 3377 7147 3811 1.7 11 6 4 7 1% 4697894 52802023 11998993 100%
c i 63.11 5011 45792 4 5 374 3364 7157 3815 1.7 11 6 4 7 1% 4697895 52802023 11998992 100%
c } 66.88 5017 26756 5 5 666 2004 8988 5374 1.7 11 6 4 7 0% 4697901 52802023 11998992 100%
c [ 66.88 5017 4363 5 5 666 335 8988 5374 1.5 14 9 5 12 0% 4697901 52802023 11998992 100%
c B 66.90 5028 4363 5 5 666 335 8988 5374 1.5 14 9 5 12 0% 4697901 52802023 11998992 100%
c - 67.88 5029 4014 5 6 666 308 9383 4839 1.5 14 9 5 12 0% 4697892 52802023 11998992 100%
c - 71.54 5032 2670 5 7 668 205 11836 5700 1.5 14 10 4 12 0% 4697893 52802023 11998992 100%
c ] 71.93 5032 2549 6 7 668 196 12179 6013 1.5 15 10 4 12 0% 4697893 52802023 11998992 100%
c { 71.93 5032 26756 6 7 668 2004 12179 6013 1.7 11 6 4 7 0% 4697893 52802023 11998992 100%
c o 73.22 5150 26578 6 7 670 1991 12208 6034 1.7 11 6 4 7 0% 4697893 52802023 11998992 100%
c i 74.60 5142 23444 6 7 873 1777 12785 6601 1.7 11 7 4 7 0% 4697899 52802022 11998990 100%
c i 81.17 5073 22812 6 7 1209 1777 14044 7812 1.6 12 7 4 7 0% 4697905 52802021 11998987 100%
c - 82.55 5076 21265 6 8 1293 1657 14482 6178 1.6 12 7 2 8 0% 4697889 52802021 11998987 100%
c } 90.34 4933 20174 7 8 1725 1628 16248 7889 1.6 13 8 2 8 0% 4697901 52802021 11998987 100%
c [ 90.34 4933 2549 7 8 1725 196 16248 7889 1.5 15 10 4 12 0% 4697901 52802021 11998987 100%
c
c seconds       switched    rate         size/glue  tier1      binary                remaining
c           MB   reductions    conflicts       size   tier2         irredundant
c             level   restarts      redundant     glue   trail                variables
c
c W 100.81 4184 2549 7 8 1725 196 16248 7889 1.5 15 10 4 12 0% 4697901 52666576 11998987 100%
c - 103.28 4134 2234 7 9 1726 171 17314 6612 1.5 15 10 4 12 0% 4697901 52666576 11998987 100%
c u 114.06 4374 2011 7 9 1726 154 18257 5884 1.5 15 10 4 12 0% 4698023 52666552 11998987 100%
c v 116.96 4380 2011 7 9 1726 154 18257 5316 1.5 15 10 4 12 0% 4698023 52666552 11998987 100%
c w 118.41 4313 2011 7 9 1726 154 18257 5277 1.5 15 10 4 12 0% 4698023 52666552 11998987 100%
c - 127.68 4703 1648 7 10 1727 127 20316 5186 1.5 14 9 4 11 0% 4698023 52666552 11998987 100%
c - 131.80 4391 1284 7 11 1730 99 23478 6119 1.5 14 9 4 11 0% 4698023 52666552 11998987 100%
c O 132.24 4393 1257 7 11 1730 97 23777 6405 1.5 14 9 4 11 0% 4698023 52666552 11998987 100%
c o 134.15 4553 1257 7 11 1730 97 23777 6405 1.5 14 9 4 11 0% 4698023 52666552 11998987 100%
c ] 140.82 4604 1137 7 11 1731 87 25282 7653 1.6 14 9 4 11 0% 4698023 52666552 11998987 100%
c 1 140.82 4604 20174 7 11 1731 1628 25282 7653 1.6 13 8 2 8 0% 4698023 52666552 11998987 100%
c
c ---- [ result ] ------------------------------------------------------------
c
s SATISFIABLE
c
c ---- [ profiling ] ---------------------------------------------------------
c
c          74.50   52.18 %  search
c          43.46   30.44 %  probe
c          43.29   30.32 %  stable
c          37.97   26.59 %  simplify
c          31.21   21.86 %  focused
c          16.43   11.51 %  preprocess
c          13.91    9.74 %  congruence
c          11.92    8.35 %  parse
c          11.75    8.23 %  vivify
c           9.51    6.66 %  substitute
c           7.62    5.34 %  walking
c           5.65    3.96 %  sweep
c           3.42    2.40 %  reduce
c           1.60    1.12 %  transitive
c           1.05    0.73 %  backbone
c           0.00    0.00 %  extend
c =============================================
c         142.79  100.00 %  total
c
c ---- [ statistics ] --------------------------------------------------------
c
c chronological:                          295                1 %  conflicts
c conflicts:                            25282              177.06 per second
c congruent:                                1                0 %  variables
c decisions:                         18507359              732.04 per conflict
c iterations:                               3                0 %  variables
c propagations:                     345135955          2417070    per second
c reductions:                              11             2298    interval
c reordered:                                2            12641    interval
c rephased:                                 6             4214    interval
c restarts:                              1731               15    interval
c substituted:                              1                0 %  variables
c switched:                                 7             3612    interval
c vivified:                              4271                8 %  checks
c walks:                                    2            12641    interval
c
c ---- [ glue usage ] --------------------------------------------------------
c
c focused glue 2   used 3859 clauses 23.85% accumulated 57.78% tier1
c focused glue 3   used  921 clauses  5.69% accumulated 63.47%
c focused glue 4-6 used 3356 clauses 20.74% accumulated 84.21%
c focused glue 7   used  885 clauses  5.47% accumulated 89.67%
c focused glue 8   used  557 clauses  3.44% accumulated 93.12% tier2
c
c stable glue 4   used  3052 clauses  5.82% accumulated 54.88% tier1
c stable glue 5   used  3340 clauses  6.37% accumulated 61.25%
c stable glue 6-9 used 12858 clauses 24.52% accumulated 85.77%
c stable glue 10  used  1965 clauses  3.75% accumulated 89.52%
c stable glue 11  used  1453 clauses  2.77% accumulated 92.29% tier2
c
c ---- [ resources ] ---------------------------------------------------------
c
c maximum-resident-set-size:     7189792030720 bytes    6856720 MB
c process-time:                         2m 23s             142.79 seconds
c
c ---- [ shutting down ] -----------------------------------------------------
c
c exit 10
