c ---- [ banner ] ------------------------------------------------------------
c
c Kissat SAT Solver
c 
c Copyright (c) 2021-2024 Armin Biere University of Freiburg
c Copyright (c) 2019-2021 Armin Biere Johannes Kepler University Linz
c 
c Version 4.0.4 unknown
c Apple clang version 17.0.0 (clang-1700.3.19.1) -W -Wall -O3 -DNDEBUG
c Thu Oct 16 20:09:41 UTC 2025 Darwin Tahoe-arm64.local 25.0.0 arm64
c
c ---- [ parsing ] -----------------------------------------------------------
c
c opened and reading DIMACS file:
c
c   /Users/alexroman/research/scinet_seeding/erdos-fleet/attacks/erdos-436-r2/cnf/k8_B1502456.cnf
c
c parsed 'p cnf 12019656 93657851' header
c closing input after reading 2121043415 bytes (2 GB)
c finished parsing after 11.57 seconds
c
c ---- [ options ] -----------------------------------------------------------
c
c --lucky=false                    (different from default 'true')
c
c ---- [ solving ] -----------------------------------------------------------
c
c seconds   switched rate     size/glue tier1    binary                remaining
c          MB reductions conflicts size  tier2        irredundant
c           level restarts redundant glue  trail                variables
c
c * 11.57 3490 0 0 0  0 0   0   0 0.0 0 0 0 0 0% 4705490 88952353 12019642 100%
c ( 11.57 3490 0 0 0  0 0   0   0 0.0 0 0 0 0 0% 4705490 88952353 12019642 100%
c . 15.45 4632 0 0 0  0 0   0   0 0.0 0 0 0 0 0% 4705458 52893450 12019642 100%
c c 22.27 5267 0 0 0  0 0   0   0 0.0 0 0 0 0 0% 4705692 52893448 12019641 100%
c d 23.25 5386 0 0 0  0 0   0   0 0.0 0 0 0 0 0% 4705690 52893448 12019641 100%
c ) 26.92 5843 0 0 0  0 0   0   0 0.0 0 0 0 0 0% 4705690 52893448 12019641 100%
c { 26.92 5843 0 0 0  0 0   0   0 0.0 0 0 2 6 0% 4705690 52893448 12019641 100%
c - 31.57 5664 322603 0 1 20 8377 1000 578 1.5 11 7 6 9 3% 4705705 52893448 12019641 100%
c } 31.57 5664 322603 1 1 20 8377 1000 578 1.5 11 7 6 9 3% 4705705 52893448 12019641 100%
c [ 31.57 5664 0 1 1 20 0 1000 578 0.0 0 0 2 6 0% 4705705 52893448 12019641 100%
c B 32.33 5540 2090049 1 1 20 241033 1010 586 1.1 32 29 2 6 21% 4705705 52893448 12019641 100%
c - 33.75 5400 20906 1 2 20 2409 2001 1370 1.5 15 10 7 13 0% 4705709 52893448 12019641 100%
c W 38.88 6063 20636 1 2 20 2378 2014 1380 1.5 15 10 7 13 0% 4705709 52893448 12019641 100%
c - 42.19 4842 8602 1 3 22 991 3415 2295 1.5 14 9 6 12 0% 4705712 52893448 12019641 100%
c I 43.26 4808 6322 1 3 22 728 4274 2982 1.5 14 10 6 12 0% 4705713 52893448 12019641 100%
c ] 44.38 4644 5484 2 3 22 632 4766 3431 1.5 14 9 6 12 0% 4705719 52893448 12019641 100%
c { 44.38 4644 322603 2 3 22 8377 4766 3431 1.5 11 7 6 9 3% 4705719 52893448 12019641 100%
c - 45.29 4554 233055 2 4 25 6056 5147 3331 1.7 12 7 6 9 2% 4705723 52893448 12019641 100%
c } 46.20 4536 160518 3 4 25 4171 5766 3725 1.7 11 7 6 9 2% 4705726 52893448 12019641 100%
c [ 46.20 4536 5484 3 4 25 632 5766 3725 1.5 14 9 6 12 0% 4705726 52893448 12019641 100%
c
c seconds      switched  rate        size/glue tier1      binary                remaining
c          MB   reductions conflicts       size  tier2         irredundant
c            level  restarts    redundant    glue   trail                variables
c
c u 49.92 4954 5255 3 4 25 605 5929 3633 1.5 14 9 6 12 0% 4705726 52893448 12019641 100%
c v 51.52 4862 5255 3 4 25 605 5929 3302 1.5 14 9 6 12 0% 4705726 52893448 12019641 100%
c w 52.78 4692 5255 3 4 25 605 5929 3240 1.5 14 9 6 12 0% 4705726 52893448 12019641 100%
c ] 58.03 4614 4396 4 4 25 506 6685 3886 1.5 14 9 6 12 0% 4705730 52893447 12019641 100%
c { 58.03 4614 160518 4 4 25 4171 6685 3886 1.7 11 7 6 9 2% 4705730 52893447 12019641 100%
c i 58.19 4754 156836 4 4 38 4083 6733 3913 1.7 11 7 6 9 2% 4705731 52893447 12019640 100%
c - 59.27 4926 130151 4 5 78 3389 7147 3731 1.7 11 7 5 8 1% 4705722 52893447 12019640 100%
c } 63.40 4925 73363 5 5 301 1990 9038 5355 1.7 11 7 5 8 1% 4705726 52893447 12019640 100%
c [ 63.40 4925 4396 5 5 301 506 9038 5355 1.5 14 9 6 12 0% 4705726 52893447 12019640 100%
c B 63.42 4947 4396 5 5 301 506 9038 5355 1.5 14 9 6 12 0% 4705726 52893447 12019640 100%
c - 64.39 4960 4087 5 6 301 471 9383 4947 1.5 14 9 6 12 0% 4705727 52893447 12019640 100%
c - 68.69 4445 2717 5 7 303 313 11832 6125 1.6 14 9 5 11 0% 4705728 52893447 12019640 100%
c ] 68.88 4446 2668 6 7 303 307 11965 6238 1.6 14 9 5 11 0% 4705728 52893447 12019640 100%
c { 68.88 4446 73363 6 7 303 1990 11965 6238 1.7 11 7 5 8 1% 4705728 52893447 12019640 100%
c o 70.20 4659 73163 6 7 304 1987 11978 6249 1.7 11 7 5 8 1% 4705728 52893447 12019640 100%
c i 76.94 4655 61603 6 7 667 2039 13139 7358 1.6 12 7 5 8 1% 4705746 52893447 12019637 100%
c i 77.02 4656 61381 6 7 675 2038 13160 7377 1.6 12 7 5 8 1% 4705747 52893446 12019635 100%
c i 82.18 4491 57995 6 7 834 2552 13783 7962 1.6 12 7 5 8 1% 4705758 52893446 12019632 100%
c - 85.67 4253 52598 6 8 1038 2362 14477 6399 1.6 12 8 3 8 1% 4705748 52893446 12019632 100%
c } 92.26 4223 46544 7 8 1270 2205 16034 7869 1.6 13 8 3 8 1% 4705761 52893443 12019632 100%
c
c seconds      switched    rate         size/glue tier1      binary                remaining
c          MB   reductions    conflicts       size  tier2         irredundant
c            level   restarts      redundant    glue   trail                variables
c
c [ 92.26 4223 2668 7 8 1270 307 16034 7869 1.6 14 9 5 11 0% 4705761 52893443 12019632 100%
c W 102.71 5540 2668 7 8 1270 307 16034 7869 1.6 14 9 5 11 0% 4705761 52757703 12019632 100%
c - 105.23 5212 2274 7 9 1271 262 17305 6695 1.6 14 9 5 11 0% 4705761 52757703 12019632 100%
c u 117.13 4804 2043 7 9 1272 235 18267 5920 1.6 14 9 5 11 0% 4705900 52757661 12019632 100%
c v 119.92 4805 2043 7 9 1272 235 18267 5234 1.6 14 9 5 11 0% 4705900 52757661 12019632 100%
c w 121.43 4805 2043 7 9 1272 235 18267 4830 1.6 14 9 5 11 0% 4705900 52757661 12019632 100%
c t 127.29 5040 2043 7 9 1272 235 18267 4830 1.6 14 9 5 11 0% 4705899 52757661 12019632 100%
c - 130.89 5293 1677 7 10 1273 193 20306 4861 1.5 14 9 5 11 0% 4705900 52757661 12019632 100%
c - 135.61 5321 1307 7 11 1275 150 23468 5841 1.6 14 9 5 11 0% 4705900 52757661 12019632 100%
c O 135.75 5321 1298 7 11 1275 149 23562 5927 1.6 14 9 5 11 0% 4705900 52757661 12019632 100%
c o 137.67 5164 1298 7 11 1275 149 23562 5927 1.6 14 9 5 11 0% 4705900 52757661 12019632 100%
c - 141.72 5139 1056 7 12 1276 121 26785 6615 1.5 14 9 4 11 0% 4705900 52757661 12019632 100%
c ] 144.76 4701 919 8 12 1277 105 29305 8792 1.5 14 9 4 11 0% 4705900 52757661 12019632 100%
c { 144.76 4701 46544 8 12 1277 2205 29305 8792 1.6 13 8 3 8 1% 4705900 52757661 12019632 100%
c s 147.92 4859 44694 8 12 1303 2120 29645 9071 1.6 13 8 3 8 1% 4705981 52751249 12019632 100%
c e 171.76 3892 44694 8 12 1303 2120 29645 9071 1.6 13 8 3 8 1% 502000 20418762 1970762 16%
c s 173.28 3977 44694 8 12 1303 2120 29645 9071 1.6 13 8 3 8 1% 502008 20418123 1970762 16%
c e 174.40 4190 44694 8 12 1303 2120 29645 9071 1.6 13 8 3 8 1% 501917 20418214 1970716 16%
c ^ 174.41 4190 44694 8 12 1303 2120 29645 9071 1.6 13 8 3 8 1% 501917 20418214 1970716 16%
c - 176.98 4797 41679 8 13 1312 1977 30249 6864 1.6 13 8 3 8 1% 501944 20418174 1970716 16%
c
c seconds        switched      rate         size/glue tier1    binary               remaining
c           MB     reductions     conflicts       size  tier2       irredundant
c              level    restarts       redundant    glue  trail               variables
c
c - 179.85 4617 29589 8 14 1364 1408 33855 7601 1.6 12 8 3 8 1% 501944 20418174 1970716 16%
c } 181.27 4610 26132 9 14 1405 1246 35466 8870 1.6 12 8 3 8 0% 501944 20418174 1970716 16%
c [ 181.27 4610 919 9 14 1405 105 35466 8870 1.5 14 9 4 11 0% 501944 20418174 1970716 16%
c B 181.27 4610 919 9 14 1405 105 35466 8870 1.5 14 9 4 11 0% 501944 20418174 1970716 16%
c u 185.01 3615 834 9 14 1406 96 37410 9444 1.5 14 9 4 11 0% 501947 20418174 1970716 16%
c v 186.20 3560 834 9 14 1406 96 37410 8990 1.5 14 9 4 11 0% 501947 20418174 1970716 16%
c w 186.92 3536 834 9 14 1406 96 37410 8804 1.5 14 9 4 11 0% 501947 20418174 1970716 16%
c - 189.17 3135 826 9 15 1407 95 37596 6859 1.5 14 9 4 11 0% 501947 20418174 1970716 16%
c - 192.41 1687 695 9 16 1409 80 41470 7322 1.5 14 9 4 11 0% 501947 20418174 1970716 16%
c ] 192.73 1687 685 10 16 1410 78 41843 7628 1.5 14 9 4 11 0% 501947 20418174 1970716 16%
c { 192.73 1687 26132 10 16 1410 1246 41843 7628 1.6 12 8 3 8 0% 501947 20418174 1970716 16%
c o 194.66 1755 23159 10 16 1485 1106 43583 8992 1.6 12 8 3 8 0% 501947 20418174 1970716 16%
c - 196.36 1756 20583 10 17 1557 987 45470 8066 1.6 12 8 3 8 0% 501947 20418174 1970716 16%
c - 199.27 1757 16458 10 18 1612 791 49593 8750 1.6 12 7 3 8 0% 501947 20418174 1970716 16%
c } 200.02 1757 15781 11 18 1640 760 50471 9463 1.6 12 7 3 8 0% 501947 20418174 1970716 16%
c [ 200.02 1757 685 11 18 1640 78 50471 9463 1.5 14 9 4 11 0% 501947 20418174 1970716 16%
c W 202.52 2718 685 11 18 1640 78 50471 9463 1.5 14 9 4 11 0% 501947 20418174 1970716 16%
c - 205.08 2736 601 11 19 1642 69 53835 9199 1.5 14 9 4 11 0% 501947 20418174 1970716 16%
c s 206.16 2749 592 11 19 1642 68 54262 9544 1.5 14 9 4 11 0% 501949 20418168 1970716 16%
c e 211.77 2768 592 11 19 1642 68 54262 9544 1.5 14 9 4 11 0% 501434 20419643 1969756 16%
c
c seconds       switched     rate        size/glue tier1     binary               remaining
c           MB    reductions   conflicts       size  tier2        irredundant
c             level    restarts     redundant    glue   trail               variables
c
c ^ 212.97 2753 592 11 19 1642 68 54262 9544 1.5 14 9 4 11 0% 501434 20419643 1969756 16%
c ] 216.33 2766 525 12 19 1645 60 57729 12460 1.5 14 9 4 11 0% 501434 20419643 1969756 16%
c { 216.33 2766 15781 12 19 1645 760 57729 12460 1.6 12 7 3 8 0% 501434 20419643 1969756 16%
c - 216.75 2767 15441 12 20 1682 744 58193 8915 1.6 12 7 2 8 0% 501434 20419643 1969756 16%
c u 219.17 2775 14668 12 20 1749 708 59319 9034 1.6 12 7 2 8 0% 501434 20419643 1969756 16%
c v 220.93 2775 14668 12 20 1749 708 59319 7566 1.6 12 7 2 8 0% 501434 20419643 1969756 16%
c w 221.71 2775 14668 12 20 1749 708 59319 7228 1.6 12 7 2 8 0% 501434 20419643 1969756 16%
c f 319.11 1934 14668 12 20 1749 708 59319 7228 1.6 12 7 2 8 0% 501386 20242825 1969764 16%
c u 322.74 2974 14668 12 20 1749 708 59319 6522 1.6 12 7 2 8 0% 591508 20152729 1969763 16%
c v 324.23 2974 14668 12 20 1749 708 59319 4297 1.6 12 7 2 8 0% 591508 20152729 1969763 16%
c w 324.90 2974 14668 12 20 1749 708 59319 3927 1.6 12 7 2 8 0% 591508 20152729 1969763 16%
c t 328.06 2993 14668 12 20 1749 708 59319 3927 1.6 12 7 2 8 0% 591505 20152729 1969763 16%
c - 332.15 3019 12739 12 21 1877 618 62665 5582 1.6 12 7 2 8 0% 591503 20152729 1969763 16%
c - 335.19 3020 10726 12 22 1960 524 67248 7972 1.6 12 7 2 8 0% 591504 20152729 1969763 16%
c } 336.81 3022 10039 13 22 2108 493 69208 9602 1.6 12 7 2 8 0% 591504 20152729 1969763 16%
c [ 336.81 3022 525 13 22 2108 60 69208 9602 1.5 14 9 4 11 0% 591504 20152729 1969763 16%
c I 336.81 3022 525 13 22 2108 60 69208 9602 1.5 14 9 4 11 0% 591504 20152729 1969763 16%
c - 339.34 3022 481 13 23 2110 55 71939 9220 1.5 15 9 4 11 0% 591504 20152729 1969763 16%
c - 343.53 3022 418 13 24 2113 48 76735 9623 1.5 15 9 3 11 0% 591504 20152729 1969763 16%
c ] 343.94 3022 412 14 24 2113 47 77206 10017 1.5 14 9 3 11 0% 591504 20152729 1969763 16%
c
c seconds         switched     rate          size/glue tier1    binary               remaining
c           MB      reductions    conflicts        size  tier2       irredundant
c              level     restarts       redundant    glue  trail               variables
c
c { 343.94 3022 10039 14 24 2113 493 77206 10017 1.6 12 7 2 8 0% 591504 20152729 1969763 16%
c o 344.32 3022 10032 14 24 2118 493 77241 10042 1.6 12 7 2 8 0% 591504 20152729 1969763 16%
c - 348.13 3024 8760 14 25 2329 436 81633 10539 1.6 12 7 2 8 0% 591504 20152729 1969763 16%
c - 352.26 3025 7626 14 26 2494 383 86633 11247 1.6 12 7 2 8 0% 591505 20152729 1969763 16%
c u 354.25 3022 7448 14 26 2522 375 87486 10587 1.6 12 7 2 8 0% 591505 20152729 1969763 16%
c v 355.96 3022 7448 14 26 2522 375 87486 8949 1.6 12 7 2 8 0% 591505 20152729 1969763 16%
c w 356.72 3022 7448 14 26 2522 375 87486 8783 1.6 12 7 2 8 0% 591505 20152729 1969763 16%
c x 357.56 3021 7448 14 26 2522 375 87486 8783 1.6 12 7 2 8 0% 591505 20152725 1969763 16%
c - 363.40 3045 6733 14 27 2636 342 91733 9069 1.6 12 7 2 8 0% 591505 20152725 1969763 16%
c } 363.54 3045 6700 15 27 2639 340 91921 9231 1.6 12 7 2 8 0% 591505 20152725 1969763 16%
c [ 363.54 3045 412 15 27 2639 47 91921 9231 1.5 14 9 3 11 0% 591505 20152725 1969763 16%
c B 363.54 3045 412 15 27 2639 47 91921 9231 1.5 14 9 3 11 0% 591505 20152725 1969763 16%
c - 368.06 3045 362 15 28 2642 41 96929 9738 1.5 15 10 3 11 0% 591505 20152725 1969763 16%
c ] 373.20 3046 320 16 28 2645 36 102023 14008 1.5 15 10 3 11 0% 591505 20152725 1969763 16%
c { 373.20 3046 6700 16 28 2645 340 102023 14008 1.6 12 7 2 8 0% 591505 20152725 1969763 16%
c - 373.56 1988 6679 16 29 2684 340 102220 9688 1.6 12 7 2 8 0% 591505 20152725 1969763 16%
c - 377.83 1989 5918 16 30 2924 305 107605 10710 1.6 12 7 2 8 0% 591506 20152725 1969763 16%
c s 379.58 1996 5914 16 30 2929 305 107630 10735 1.6 12 7 2 8 0% 591506 20152637 1969763 16%
c e 385.25 2031 5914 16 30 2929 305 107630 10735 1.6 12 7 2 8 0% 556073 20204203 1955366 16%
c s 387.10 2082 5914 16 30 2929 305 107630 10735 1.6 12 7 2 8 0% 556073 20204185 1955366 16%
c
c seconds        switched     rate           size/glue tier1    binary               remaining
c           MB     reductions    conflicts         size  tier2       irredundant
c             level     restarts        redundant    glue  trail               variables
c
c e 387.71 2082 5914 16 30 2929 305 107630 10735 1.6 12 7 2 8 0% 556073 20204184 1955365 16%
c ^ 387.71 2082 5914 16 30 2929 305 107630 10735 1.6 12 7 2 8 0% 556073 20204184 1955365 16%
c - 392.61 2084 5278 16 31 3259 278 113082 11802 1.6 12 7 2 8 0% 556073 20204184 1955365 16%
c o 396.23 2099 4847 16 31 3473 257 117433 15298 1.6 12 7 2 8 0% 556073 20204184 1955365 16%
c - 397.20 2099 4737 16 32 3565 252 118649 12492 1.6 12 7 2 8 0% 556073 20204184 1955365 16%
c } 398.58 2099 4595 17 32 3664 247 120361 13806 1.6 12 7 2 8 0% 556073 20204184 1955365 16%
c [ 398.58 2099 320 17 32 3664 36 120361 13806 1.5 15 10 3 11 0% 556073 20204184 1955365 16%
c W 400.67 2960 320 17 32 3664 36 120361 13806 1.5 15 10 3 11 0% 556073 20204184 1955365 16%
c u 403.84 2977 308 17 32 3665 35 122142 14022 1.5 15 10 3 11 0% 556073 20204184 1955365 16%
c v 406.36 2977 308 17 32 3665 35 122142 10629 1.5 15 10 3 11 0% 556073 20204184 1955365 16%
c w 407.28 2977 308 17 32 3665 35 122142 10478 1.5 15 10 3 11 0% 556073 20204184 1955365 16%
c ] 410.52 3006 308 17 32 3665 35 122145 10481 1.5 15 10 3 11 0% 556073 20204184 1955365 16%
c 1 410.52 3006 4595 17 32 3665 247 122145 10481 1.6 12 7 2 8 0% 556073 20204184 1955365 16%
c
c ---- [ result ] ------------------------------------------------------------
c
s SATISFIABLE
c
c ---- [ profiling ] ---------------------------------------------------------
c
c         221.17   53.61 %  simplify
c         174.98   42.41 %  probe
c         162.43   39.37 %  search
c         100.64   24.40 %  factor
c          85.30   20.68 %  focused
c          77.14   18.70 %  stable
c          48.04   11.65 %  eliminate
c          30.05    7.28 %  vivify
c          16.40    3.97 %  substitute
c          15.35    3.72 %  preprocess
c          14.96    3.63 %  congruence
c          11.57    2.80 %  parse
c           9.61    2.33 %  walking
c           8.58    2.08 %  subsume
c           7.78    1.88 %  sweep
c           7.23    1.75 %  reduce
c           3.26    0.79 %  transitive
c           1.90    0.46 %  backbone
c           0.08    0.02 %  extend
c =============================================
c         412.55  100.00 %  total
c
c ---- [ statistics ] --------------------------------------------------------
c
c chronological:                         1308                1 %  conflicts
c conflicts:                           122145              296.07 per second
c congruent:                                1                0 %  variables
c decisions:                         25184589              206.19 per conflict
c eliminated:                        10064262               84 %  variables
c factored:                                 8                0 %  variables
c iterations:                               4                0 %  variables
c propagations:                     756185635          1832935    per second
c reductions:                              32             3817    interval
c reordered:                                5            24429    interval
c rephased:                                11            11104    interval
c restarts:                              3665               33    interval
c strengthened:                            90                0 %  checks
c substituted:                              1                0 %  variables
c subsumed:                              7073                0 %  checks
c switched:                                17             7185    interval
c vivified:                             30501               36 %  checks
c walks:                                    4            30536    interval
c
c ---- [ glue usage ] --------------------------------------------------------
c
c focused glue 2   used 28112 clauses 13.52% accumulated 56.28% tier1
c focused glue 3   used 12903 clauses  6.21% accumulated 62.49%
c focused glue 4-6 used 41117 clauses 19.78% accumulated 82.26%
c focused glue 7   used 14436 clauses  6.94% accumulated 89.21%
c focused glue 8   used  9690 clauses  4.66% accumulated 93.87% tier2
c
c stable glue 3   used 12319 clauses  6.23% accumulated 53.68% tier1
c stable glue 4   used 11813 clauses  5.97% accumulated 59.65%
c stable glue 5-9 used 50465 clauses 25.50% accumulated 85.15%
c stable glue 10  used  6278 clauses  3.17% accumulated 88.32%
c stable glue 11  used  5047 clauses  2.55% accumulated 90.87% tier2
c
c ---- [ resources ] ---------------------------------------------------------
c
c maximum-resident-set-size:     6942479089664 bytes    6620864 MB
c process-time:                         6m 53s             412.55 seconds
c
c ---- [ shutting down ] -----------------------------------------------------
c
c exit 10
