c ---- [ banner ] ------------------------------------------------------------
c
c Kissat SAT Solver
c 
c Copyright (c) 2021-2024 Armin Biere University of Freiburg
c Copyright (c) 2019-2021 Armin Biere Johannes Kepler University Linz
c 
c Version 4.0.4 unknown
c Apple clang version 17.0.0 (clang-1700.3.19.1) -W -Wall -O3 -DNDEBUG
c Thu Oct 16 20:09:41 UTC 2025 Darwin Tahoe-arm64.local 25.0.0 arm64
c
c ---- [ parsing ] -----------------------------------------------------------
c
c opened and reading DIMACS file:
c
c   /Users/alexroman/research/scinet_seeding/erdos-fleet/attacks/erdos-436-r2/cnf/k8_B1503630.cnf
c
c parsed 'p cnf 12029048 93731256' header
c closing input after reading 2122797121 bytes (2 GB)
c finished parsing after 12.07 seconds
c
c ---- [ options ] -----------------------------------------------------------
c
c --lucky=false                    (different from default 'true')
c
c ---- [ solving ] -----------------------------------------------------------
c
c seconds   switched rate     size/glue tier1    binary                remaining
c          MB reductions conflicts size  tier2        irredundant
c           level restarts redundant glue  trail                variables
c
c * 12.07 3424 0 0 0  0 0   0   0 0.0 0 0 0 0 0% 4708988 89022260 12029034 100%
c ( 12.07 3424 0 0 0  0 0   0   0 0.0 0 0 0 0 0% 4708988 89022260 12029034 100%
c . 15.61 4267 0 0 0  0 0   0   0 0.0 0 0 0 0 0% 4708956 52935181 12029034 100%
c c 22.54 5173 0 0 0  0 0   0   0 0.0 0 0 0 0 0% 4709190 52935179 12029033 100%
c d 23.54 5305 0 0 0  0 0   0   0 0.0 0 0 0 0 0% 4709188 52935179 12029033 100%
c ) 27.22 5405 0 0 0  0 0   0   0 0.0 0 0 0 0 0% 4709188 52935179 12029033 100%
c { 27.22 5405 0 0 0  0 0   0   0 0.0 0 0 2 6 0% 4709188 52935179 12029033 100%
c - 31.84 6128 322908 0 1 20 8384 1000 578 1.5 11 7 6 9 3% 4709203 52935179 12029033 100%
c } 31.84 6128 322908 1 1 20 8384 1000 578 1.5 11 7 6 9 3% 4709203 52935179 12029033 100%
c [ 31.84 6128 0 1 1 20 0 1000 578 0.0 0 0 2 6 0% 4709203 52935179 12029033 100%
c B 32.60 6370 2145315 1 1 20 186046 1013 588 1.1 32 29 2 6 21% 4709203 52935179 12029033 100%
c - 34.17 6347 27717 1 2 20 2404 2003 1418 1.6 13 9 6 11 0% 4709209 52935179 12029033 100%
c W 39.59 5057 27360 1 2 20 2373 2017 1429 1.5 13 9 6 11 0% 4709209 52935179 12029033 100%
c - 43.16 5327 11448 1 3 22 993 3419 2421 1.5 13 9 6 12 0% 4709225 52935177 12029033 100%
c I 44.11 5092 8412 1 3 22 729 4278 3166 1.5 14 9 6 12 0% 4709226 52935177 12029033 100%
c ] 44.54 4979 7734 2 3 22 670 4563 3426 1.5 14 10 6 12 0% 4709229 52935177 12029033 100%
c { 44.54 4979 322908 2 3 22 8384 4563 3426 1.5 11 7 6 9 3% 4709229 52935177 12029033 100%
c - 45.58 4979 202351 2 4 23 5256 5153 3278 1.6 11 7 6 9 2% 4709232 52935177 12029033 100%
c } 46.14 4950 160499 3 4 23 4169 5563 3513 1.6 10 7 6 9 2% 4709234 52935177 12029033 100%
c [ 46.14 4950 7734 3 4 23 670 5563 3513 1.5 14 10 6 12 0% 4709234 52935177 12029033 100%
c
c seconds      switched  rate        size/glue  tier1      binary                remaining
c          MB   reductions conflicts       size   tier2         irredundant
c            level  restarts    redundant     glue   trail                variables
c
c u 50.32 4761 7000 3 4 23 607 5931 3601 1.5 14 10 6 13 0% 4709234 52935177 12029033 100%
c v 51.83 4678 7000 3 4 23 607 5931 3453 1.5 14 10 6 13 0% 4709234 52935177 12029033 100%
c w 53.08 4468 7000 3 4 23 607 5931 3446 1.5 14 10 6 13 0% 4709234 52935177 12029033 100%
c ] 57.99 4632 6062 4 4 23 526 6528 3924 1.5 14 10 6 13 0% 4709235 52935177 12029033 100%
c { 57.99 4632 160499 4 4 23 4169 6528 3924 1.6 10 7 6 9 2% 4709235 52935177 12029033 100%
c - 59.69 4880 122086 4 5 137 3194 7153 3766 1.6 11 7 5 8 1% 4709237 52935177 12029033 100%
c } 62.84 4864 73382 5 5 340 1952 8881 5203 1.6 11 7 5 8 1% 4709241 52935177 12029033 100%
c [ 62.84 4864 6062 5 5 340 526 8881 5203 1.5 14 10 6 13 0% 4709241 52935177 12029033 100%
c B 62.86 4875 6062 5 5 340 526 8881 5203 1.5 14 10 6 13 0% 4709241 52935177 12029033 100%
c - 64.16 4894 5440 5 6 340 471 9389 4923 1.5 14 10 6 13 0% 4709241 52935177 12029033 100%
c ] 67.43 4789 3801 6 6 342 329 11494 6707 1.5 14 9 6 13 0% 4709246 52935176 12029033 100%
c { 67.43 4789 73382 6 6 342 1952 11494 6707 1.6 11 7 5 8 1% 4709246 52935176 12029033 100%
c o 68.88 4724 72215 6 6 344 1921 11563 6763 1.6 11 7 5 8 1% 4709247 52935176 12029033 100%
c i 69.01 4724 71767 6 6 354 1909 11590 6788 1.6 11 7 5 8 1% 4709248 52935176 12029032 100%
c i 69.12 4724 70743 6 6 377 1883 11656 6849 1.6 11 7 5 8 1% 4709251 52935174 12029029 100%
c - 69.84 4674 67939 6 7 426 1809 11838 6021 1.6 11 7 5 8 1% 4709232 52935174 12029029 100%
c - 84.46 4270 50067 6 8 1160 1962 14483 6442 1.6 12 8 3 8 1% 4709257 52935173 12029029 100%
c } 89.59 4196 46002 7 8 1422 1989 15563 7488 1.6 13 8 3 8 1% 4709264 52935173 12029029 100%
c [ 89.59 4196 3801 7 8 1422 329 15563 7488 1.5 14 9 6 13 0% 4709264 52935173 12029029 100%
c W 99.44 5924 3801 7 8 1422 329 15563 7488 1.5 14 9 6 13 0% 4709264 52799403 12029029 100%
c
c seconds       switched    rate         size/glue tier1      binary                remaining
c           MB   reductions    conflicts       size  tier2         irredundant
c             level   restarts      redundant    glue   trail                variables
c
c - 103.50 4193 3028 7 9 1423 262 17311 6753 1.5 14 9 4 12 0% 4709264 52799403 12029029 100%
c u 115.40 4531 2723 7 9 1424 236 18267 5867 1.5 14 10 4 12 0% 4709393 52799367 12029027 100%
c v 118.40 4534 2723 7 9 1424 236 18267 5087 1.5 14 10 4 12 0% 4709393 52799367 12029027 100%
c w 119.90 4534 2723 7 9 1424 236 18267 4805 1.5 14 10 4 12 0% 4709393 52799367 12029027 100%
c t 125.74 4851 2723 7 9 1424 236 18267 4805 1.5 14 10 4 12 0% 4709391 52799367 12029027 100%
c u 129.21 5035 2723 7 9 1424 236 18267 4690 1.5 14 10 4 12 0% 4709391 52799367 12029027 100%
c v 131.74 5034 2723 7 9 1424 236 18267 4439 1.5 14 10 4 12 0% 4709391 52799367 12029027 100%
c w 133.11 5030 2723 7 9 1424 236 18267 4315 1.5 14 10 4 12 0% 4709391 52799367 12029027 100%
c x 134.58 5245 2723 7 9 1424 236 18267 4315 1.5 14 10 4 12 0% 4709391 52799351 12029026 100%
c i 137.39 5066 2723 7 9 1424 236 18267 4315 1.5 14 10 4 12 0% 4709391 52793224 12029026 100%
c - 140.40 5022 2235 7 10 1425 194 20311 4532 1.5 14 10 4 12 0% 4709377 52793224 12029026 100%
c O 144.50 4984 1788 7 10 1427 155 23093 6826 1.5 14 10 4 12 0% 4709377 52793224 12029026 100%
c o 146.51 4348 1788 7 10 1427 155 23093 6826 1.5 14 10 4 12 0% 4709377 52793224 12029026 100%
c - 147.72 4384 1739 7 11 1427 151 23476 5643 1.5 14 9 4 12 0% 4709377 52793224 12029026 100%
c - 152.47 4045 1404 7 12 1428 122 26793 6702 1.5 14 9 4 12 0% 4709377 52793224 12029026 100%
c ] 153.14 4050 1363 8 12 1428 118 27293 7126 1.5 14 9 4 12 0% 4709377 52793224 12029026 100%
c { 153.14 4050 46002 8 12 1428 1989 27293 7126 1.6 13 8 3 8 1% 4709377 52793224 12029026 100%
c s 159.25 4681 35655 8 12 1521 1562 29651 8987 1.6 12 8 3 8 1% 4709445 52786831 12029026 100%
c e 183.71 4011 35655 8 12 1521 1562 29651 8987 1.6 12 8 3 8 1% 502316 20434617 1972271 16%
c s 185.35 4080 35655 8 12 1521 1562 29651 8987 1.6 12 8 3 8 1% 502325 20433984 1972271 16%
c
c seconds        switched      rate         size/glue tier1    binary               remaining
c           MB     reductions     conflicts       size  tier2       irredundant
c              level    restarts       redundant    glue  trail               variables
c
c e 186.49 4258 35655 8 12 1521 1562 29651 8987 1.6 12 8 3 8 1% 502235 20434074 1972226 16%
c ^ 186.49 4258 35655 8 12 1521 1562 29651 8987 1.6 12 8 3 8 1% 502235 20434074 1972226 16%
c - 189.31 5052 33661 8 13 1560 1477 30258 7108 1.6 12 8 2 8 0% 502281 20434019 1972226 16%
c } 191.52 4240 25876 9 13 1595 1136 33452 9520 1.6 12 8 2 8 0% 502281 20434019 1972226 16%
c [ 191.52 4240 1363 9 13 1595 118 33452 9520 1.5 14 9 4 12 0% 502281 20434019 1972226 16%
c B 191.52 4240 1363 9 13 1595 118 33452 9520 1.5 14 9 4 12 0% 502281 20434019 1972226 16%
c - 192.37 2865 1332 9 14 1595 115 33864 7457 1.5 14 9 4 12 0% 502282 20434018 1972226 16%
c ] 194.83 2898 1262 9 14 1596 109 34862 8322 1.5 14 9 4 12 0% 502283 20434018 1972226 16%
c 1 194.83 2898 25876 9 14 1596 1136 34862 8322 1.6 12 8 2 8 0% 502283 20434018 1972226 16%
c
c ---- [ result ] ------------------------------------------------------------
c
s SATISFIABLE
c
c ---- [ profiling ] ---------------------------------------------------------
c
c          87.29   44.30 %  search
c          80.32   40.76 %  simplify
c          54.61   27.72 %  probe
c          45.91   23.30 %  stable
c          41.38   21.00 %  focused
c          30.24   15.35 %  eliminate
c          18.60    9.44 %  vivify
c          15.14    7.68 %  preprocess
c          13.81    7.01 %  congruence
c          12.48    6.33 %  substitute
c          12.07    6.13 %  parse
c           7.07    3.59 %  walking
c           5.72    2.90 %  sweep
c           5.28    2.68 %  reduce
c           3.58    1.82 %  subsume
c           2.43    1.23 %  transitive
c           1.57    0.80 %  backbone
c           0.10    0.05 %  extend
c =============================================
c         197.05  100.00 %  total
c
c ---- [ statistics ] --------------------------------------------------------
c
c chronological:                          376                1 %  conflicts
c conflicts:                            34862              176.92 per second
c congruent:                                1                0 %  variables
c decisions:                         20517076              588.52 per conflict
c eliminated:                        10056786               84 %  variables
c iterations:                               2                0 %  variables
c propagations:                     434577613          2205373    per second
c reductions:                              14             2490    interval
c reordered:                                2            17431    interval
c rephased:                                 7             4980    interval
c restarts:                              1596               22    interval
c strengthened:                            77                0 %  checks
c substituted:                              1                0 %  variables
c subsumed:                              6949                0 %  checks
c switched:                                 9             3874    interval
c vivified:                              6285                3 %  checks
c walks:                                    2            17431    interval
c
c ---- [ glue usage ] --------------------------------------------------------
c
c focused glue 3   used 1986 clauses  5.84% accumulated 55.44% tier1
c focused glue 4   used 2094 clauses  6.15% accumulated 61.59%
c focused glue 5-6 used 5508 clauses 16.19% accumulated 77.78%
c focused glue 7   used 2789 clauses  8.20% accumulated 85.98%
c focused glue 8   used 1785 clauses  5.25% accumulated 91.23% tier2
c
c stable glue 4    used  3313 clauses  5.44% accumulated 53.59% tier1
c stable glue 5    used  4007 clauses  6.57% accumulated 60.17%
c stable glue 6-10 used 16153 clauses 26.50% accumulated 86.67%
c stable glue 11   used  1818 clauses  2.98% accumulated 89.65%
c stable glue 12   used  1472 clauses  2.42% accumulated 92.07% tier2
c
c ---- [ resources ] ---------------------------------------------------------
c
c maximum-resident-set-size:     6840221958144 bytes    6523344 MB
c process-time:                         3m 17s             197.05 seconds
c
c ---- [ shutting down ] -----------------------------------------------------
c
c exit 10
