c ---- [ banner ] ------------------------------------------------------------
c
c Kissat SAT Solver
c 
c Copyright (c) 2021-2024 Armin Biere University of Freiburg
c Copyright (c) 2019-2021 Armin Biere Johannes Kepler University Linz
c 
c Version 4.0.4 unknown
c Apple clang version 17.0.0 (clang-1700.3.19.1) -W -Wall -O3 -DNDEBUG
c Thu Oct 16 20:09:41 UTC 2025 Darwin Tahoe-arm64.local 25.0.0 arm64
c
c ---- [ parsing ] -----------------------------------------------------------
c
c opened and reading DIMACS file:
c
c   /Users/alexroman/research/scinet_seeding/erdos-fleet/attacks/erdos-436-r2/cnf/k8_B1505194.cnf
c
c parsed 'p cnf 12041560 93828506' header
c closing input after reading 2125120357 bytes (2 GB)
c finished parsing after 11.48 seconds
c
c ---- [ options ] -----------------------------------------------------------
c
c --lucky=false                    (different from default 'true')
c
c ---- [ solving ] -----------------------------------------------------------
c
c seconds   switched rate     size/glue tier1    binary                remaining
c          MB reductions conflicts size  tier2        irredundant
c           level restarts redundant glue  trail                variables
c
c * 11.48 3552 0 0 0  0 0   0   0 0.0 0 0 0 0 0% 4714080 89114418 12041546 100%
c ( 11.48 3552 0 0 0  0 0   0   0 0.0 0 0 0 0 0% 4714080 89114418 12041546 100%
c . 15.32 4057 0 0 0  0 0   0   0 0.0 0 0 0 0 0% 4714048 52989803 12041546 100%
c c 22.35 5174 0 0 0  0 0   0   0 0.0 0 0 0 0 0% 4714282 52989801 12041545 100%
c d 23.30 5302 0 0 0  0 0   0   0 0.0 0 0 0 0 0% 4714280 52989801 12041545 100%
c ) 26.81 5513 0 0 0  0 0   0   0 0.0 0 0 0 0 0% 4714280 52989801 12041545 100%
c { 26.81 5513 0 0 0  0 0   0   0 0.0 0 0 2 6 0% 4714280 52989801 12041545 100%
c i 30.56 5825 547935 0 0 25 14271 593 502 1.9 14 7 7 9 6% 4714290 52989801 12041544 100%
c - 31.48 5449 324700 0 1 35 8457 1000 648 1.7 12 7 7 9 3% 4714279 52989801 12041544 100%
c } 31.48 5449 324700 1 1 35 8457 1000 648 1.7 12 7 7 9 3% 4714279 52989801 12041544 100%
c [ 31.48 5449 0 1 1 35 0 1000 648 0.0 0 0 2 6 0% 4714279 52989801 12041544 100%
c B 31.83 5548 492040 1 1 35 492029 1001 649 1.2 21 17 2 6 5% 4714279 52989801 12041544 100%
c - 34.76 5452 769323 1 2 35 4210 2000 1439 1.3 33 26 7 27 8% 4714285 52989801 12041544 100%
c W 40.51 4775 767183 1 2 35 4197 2003 1442 1.3 33 26 7 27 7% 4714285 52853897 12041544 100%
c - 43.83 5763 316867 1 3 37 1734 3414 2359 1.3 21 16 7 18 3% 4714288 52853897 12041544 100%
c ] 44.92 5663 243235 2 3 37 1332 4133 2911 1.4 19 14 7 17 2% 4714290 52853897 12041544 100%
c { 44.92 5663 324700 2 3 37 8457 4133 2911 1.7 12 7 7 9 3% 4714290 52853897 12041544 100%
c } 46.25 5473 161389 3 3 37 4205 5133 3797 1.8 12 7 6 9 2% 4714292 52853897 12041544 100%
c [ 46.25 5473 243235 3 3 37 1332 5133 3797 1.4 19 14 7 17 2% 4714292 52853897 12041544 100%
c I 46.26 5476 243235 3 3 37 1332 5133 3797 1.4 19 14 7 17 2% 4714292 52853897 12041544 100%
c
c seconds        switched   rate        size/glue  tier1      binary                remaining
c          MB     reductions  conflicts       size   tier2         irredundant
c              level  restarts     redundant     glue   trail                variables
c
c - 46.81 5409 242055 3 4 37 1325 5148 3425 1.4 19 14 7 15 2% 4714292 52853897 12041544 100%
c ] 47.86 5247 195246 4 4 37 1069 5891 4084 1.3 19 14 7 18 2% 4714297 52853896 12041544 100%
c { 47.86 5247 161389 4 4 37 4205 5891 4084 1.8 12 7 6 9 2% 4714297 52853896 12041544 100%
c u 51.32 4873 158293 4 4 48 4131 5931 3921 1.8 12 7 6 9 2% 4714297 52853896 12041544 100%
c v 52.86 4597 158293 4 4 48 4131 5931 3429 1.8 12 7 6 9 2% 4714297 52853896 12041544 100%
c w 54.09 4376 158293 4 4 48 4131 5931 3100 1.8 12 7 6 9 2% 4714297 52853896 12041544 100%
c - 60.27 4768 99208 4 5 133 2633 7148 3393 1.7 12 7 5 8 1% 4714303 52853896 12041544 100%
c } 61.97 4771 74067 5 5 211 1974 8244 4354 1.7 12 7 5 8 1% 4714305 52853896 12041544 100%
c [ 61.97 4771 195246 5 5 211 1069 8244 4354 1.3 19 14 7 18 2% 4714305 52853896 12041544 100%
c B 62.73 4927 166245 5 5 211 911 8907 4899 1.4 19 14 7 18 2% 4714306 52853896 12041544 100%
c - 63.79 4946 150028 5 6 212 822 9386 4723 1.4 18 13 6 16 2% 4714306 52853896 12041544 100%
c ] 65.96 4964 113898 6 6 213 624 10933 6055 1.4 18 13 6 16 1% 4714310 52853895 12041544 100%
c { 65.96 4964 74067 6 6 213 1974 10933 6055 1.7 12 7 5 8 1% 4714310 52853895 12041544 100%
c o 67.27 4813 72454 6 6 215 1932 11028 6129 1.7 12 7 5 8 1% 4714310 52853895 12041544 100%
c i 69.55 4841 66092 6 6 371 1928 11562 6632 1.7 12 7 5 8 1% 4714322 52853894 12041542 100%
c - 70.58 4842 62570 6 7 455 1827 11835 5996 1.7 12 7 5 8 1% 4714321 52853894 12041542 100%
c - 87.14 4504 50565 6 8 1160 2129 14481 6578 1.6 13 8 3 8 1% 4714339 52853894 12041542 100%
c } 90.32 4506 48916 7 8 1291 2131 15002 7085 1.6 14 8 3 8 1% 4714339 52853894 12041542 100%
c [ 90.32 4506 113898 7 8 1291 624 15002 7085 1.4 18 13 6 16 1% 4714339 52853894 12041542 100%
c W 99.37 5291 113898 7 8 1291 624 15002 7085 1.4 18 13 6 16 1% 4714339 52853883 12041542 100%
c
c seconds        switched    rate         size/glue  tier1      binary                remaining
c           MB    reductions    conflicts       size   tier2         irredundant
c              level   restarts      redundant     glue   trail                variables
c
c - 103.60 4785 83362 7 9 1293 457 17309 6942 1.4 17 12 4 14 1% 4714340 52853883 12041542 100%
c u 113.97 4641 74925 7 9 1293 411 18263 6146 1.4 17 12 4 14 1% 4714452 52853873 12041542 100%
c v 117.04 4642 74925 7 9 1293 411 18263 5415 1.4 17 12 4 14 1% 4714452 52853873 12041542 100%
c w 118.43 4642 74925 7 9 1293 411 18263 5256 1.4 17 12 4 14 1% 4714452 52853873 12041542 100%
c t 124.20 4799 74925 7 9 1293 411 18263 5256 1.4 17 12 4 14 1% 4714451 52853873 12041542 100%
c - 127.28 4979 61390 7 10 1295 337 20310 5413 1.5 16 11 4 13 1% 4714451 52853873 12041542 100%
c O 129.77 4993 51132 7 10 1296 281 22531 7241 1.5 16 11 4 12 1% 4714451 52853873 12041542 100%
c o 131.68 4896 51132 7 10 1296 281 22531 7241 1.5 16 11 4 12 1% 4714451 52853873 12041542 100%
c - 133.08 4906 47705 7 11 1297 262 23472 6162 1.5 16 11 4 12 1% 4714451 52853873 12041542 100%
c - 136.93 4905 38423 7 12 1297 211 26788 6742 1.5 16 11 4 12 1% 4714451 52853873 12041542 100%
c s 141.99 5205 32747 7 12 1300 180 29654 9223 1.5 16 11 4 12 0% 4714527 52847361 12041542 100%
c e 3273.62 3876 32747 7 12 1300 180 29654 9223 1.5 16 11 4 12 0% 726014 20478587 2037511 17%
c ^ 3273.62 3876 32747 7 12 1300 180 29654 9223 1.5 16 11 4 12 0% 726014 20478587 2037511 17%
c ] 3274.27 3945 32747 7 12 1300 180 29654 9169 1.5 16 11 4 12 0% 726014 20478587 2037511 17%
c ? 3274.27 3945 48916 7 12 1300 2131 29654 9169 1.6 14 8 3 8 1% 726014 20478587 2037511 17%
c
c ---- [ result ] ------------------------------------------------------------
c
s UNKNOWN
c
c ---- [ profiling ] ---------------------------------------------------------
c
c        3170.67   96.84 %  simplify
c        3134.30   95.72 %  eliminate
c          76.80    2.35 %  search
c          42.39    1.29 %  stable
c          41.10    1.26 %  probe
c          34.41    1.05 %  focused
c          15.33    0.47 %  preprocess
c          12.76    0.39 %  congruence
c          11.82    0.36 %  vivify
c          11.48    0.35 %  parse
c           8.53    0.26 %  substitute
c           6.75    0.21 %  walking
c           5.61    0.17 %  sweep
c           3.92    0.12 %  reduce
c           1.77    0.05 %  subsume
c           1.42    0.04 %  transitive
c           0.96    0.03 %  backbone
c =============================================
c        3274.27  100.00 %  total
c
c ---- [ statistics ] --------------------------------------------------------
c
c chronological:                          833                3 %  conflicts
c conflicts:                            29654                9.06 per second
c congruent:                                1                0 %  variables
c decisions:                         22312981              752.44 per conflict
c eliminated:                        10004020               83 %  variables
c iterations:                               2                0 %  variables
c propagations:                     400935775           122450    per second
c reductions:                              12             2471    interval
c reordered:                                2            14827    interval
c rephased:                                 6             4942    interval
c restarts:                              1300               23    interval
c strengthened:                            76                0 %  checks
c substituted:                              1                0 %  variables
c subsumed:                              6436                0 %  checks
c switched:                                 7             4236    interval
c vivified:                              5862               17 %  checks
c walks:                                    2            14827    interval
c
c ---- [ glue usage ] --------------------------------------------------------
c
c focused glue 3   used 1013 clauses  6.33% accumulated 53.42% tier1
c focused glue 4   used  996 clauses  6.23% accumulated 59.65%
c focused glue 5-7 used 3943 clauses 24.66% accumulated 84.30%
c focused glue 8   used  894 clauses  5.59% accumulated 89.89%
c focused glue 9   used  515 clauses  3.22% accumulated 93.12% tier2
c
c stable glue 4    used  3804 clauses  5.64% accumulated 52.07% tier1
c stable glue 5    used  4596 clauses  6.82% accumulated 58.89%
c stable glue 6-10 used 17275 clauses 25.62% accumulated 84.51%
c stable glue 11   used  2226 clauses  3.30% accumulated 87.81%
c stable glue 12   used  1839 clauses  2.73% accumulated 90.54% tier2
c
c ---- [ resources ] ---------------------------------------------------------
c
c maximum-resident-set-size:     6562290597888 bytes    6258288 MB
c process-time:                        54m 34s            3274.27 seconds
c
c ---- [ shutting down ] -----------------------------------------------------
c
c exit 0
