c ---- [ banner ] ------------------------------------------------------------
c
c Kissat SAT Solver
c 
c Copyright (c) 2021-2024 Armin Biere University of Freiburg
c Copyright (c) 2019-2021 Armin Biere Johannes Kepler University Linz
c 
c Version 4.0.4 unknown
c Apple clang version 17.0.0 (clang-1700.3.19.1) -W -Wall -O3 -DNDEBUG
c Thu Oct 16 20:09:41 UTC 2025 Darwin Tahoe-arm64.local 25.0.0 arm64
c
c ---- [ parsing ] -----------------------------------------------------------
c
c opened and reading DIMACS file:
c
c   /Users/alexroman/research/scinet_seeding/erdos-fleet/attacks/erdos-436-r2/cnf/k8_B1501283.cnf
c
c parsed 'p cnf 12010272 93584581' header
c closing input after reading 2119292935 bytes (2 GB)
c finished parsing after 12.06 seconds
c
c ---- [ options ] -----------------------------------------------------------
c
c --lucky=false                    (different from default 'true')
c
c ---- [ solving ] -----------------------------------------------------------
c
c seconds   switched rate     size/glue tier1    binary                remaining
c          MB reductions conflicts size  tier2        irredundant
c           level restarts redundant glue  trail                variables
c
c * 12.06 3571 0 0 0  0 0   0   0 0.0 0 0 0 0 0% 4701937 88882636 12010258 100%
c ( 12.06 3571 0 0 0  0 0   0   0 0.0 0 0 0 0 0% 4701937 88882636 12010258 100%
c . 15.46 4113 0 0 0  0 0   0   0 0.0 0 0 0 0 0% 4701905 52851861 12010258 100%
c c 23.23 5744 0 0 0  0 0   0   0 0.0 0 0 0 0 0% 4702139 52851859 12010257 100%
c d 24.49 6645 0 0 0  0 0   0   0 0.0 0 0 0 0 0% 4702137 52851859 12010257 100%
c ) 28.35 6079 0 0 0  0 0   0   0 0.0 0 0 0 0 0% 4702137 52851859 12010257 100%
c { 28.35 6079 0 0 0  0 0   0   0 0.0 0 0 2 6 0% 4702137 52851859 12010257 100%
c - 34.18 4233 117347 0 1 184 8629 1000 648 1.7 11 6 5 8 1% 4702163 52851857 12010257 100%
c } 34.18 4233 117347 1 1 184 8629 1000 648 1.7 11 6 5 8 1% 4702163 52851857 12010257 100%
c [ 34.18 4233 0 1 1 184 0 1000 648 0.0 0 0 2 6 0% 4702163 52851857 12010257 100%
c B 34.43 4410 3983 1 1 184 3963 1001 649 3.0 18 6 2 6 0% 4702163 52851857 12010257 100%
c - 37.35 4461 209371 1 2 184 2045 2001 1424 1.6 18 11 4 13 2% 4702175 52851856 12010257 100%
c W 43.47 6202 208951 1 2 184 2041 2003 1426 1.6 18 11 4 13 2% 4702175 52851856 12010257 100%
c - 46.59 6896 86259 1 3 186 843 3415 2326 1.5 15 10 6 12 1% 4702178 52851855 12010257 100%
c I 47.90 6968 63626 1 3 186 622 4262 3051 1.5 15 10 6 12 1% 4702180 52851854 12010257 100%
c ] 48.21 7004 61679 2 3 186 603 4363 3138 1.5 15 10 6 12 1% 4702181 52851854 12010257 100%
c { 48.21 7004 117347 2 3 186 8629 4363 3138 1.7 11 6 5 8 1% 4702181 52851854 12010257 100%
c - 49.61 7046 65357 2 4 198 4810 5148 3118 1.6 10 6 5 8 1% 4702183 52851854 12010257 100%
c } 49.87 7046 58251 3 4 198 4288 5363 3271 1.6 10 6 5 8 1% 4702183 52851854 12010257 100%
c [ 49.87 7046 61679 3 4 198 603 5363 3271 1.5 15 10 6 12 1% 4702183 52851854 12010257 100%
c
c seconds       switched   rate        size/glue  tier1      binary                remaining
c          MB    reductions  conflicts       size   tier2         irredundant
c             level  restarts     redundant     glue   trail                variables
c
c u 54.07 6014 52648 3 4 198 515 5931 3440 1.4 15 10 6 13 1% 4702183 52851854 12010257 100%
c v 55.56 6014 52648 3 4 198 515 5931 2815 1.4 15 10 6 13 1% 4702183 52851854 12010257 100%
c w 56.81 6014 52648 3 4 198 515 5931 2465 1.4 15 10 6 13 1% 4702183 52851854 12010257 100%
c ] 61.62 5827 47139 4 4 198 461 6382 2804 1.4 14 10 6 13 1% 4702183 52851854 12010257 100%
c { 61.62 5827 58251 4 4 198 4288 6382 2804 1.6 10 6 5 8 1% 4702183 52851854 12010257 100%
c i 62.78 5790 45863 4 4 301 3397 6943 3272 1.6 10 6 5 8 1% 4702187 52851853 12010256 100%
c - 63.47 5790 42398 4 5 347 3140 7149 3021 1.6 10 6 5 8 1% 4702185 52851853 12010256 100%
c } 66.68 5769 27658 5 5 549 2083 8734 4379 1.6 11 7 5 8 0% 4702188 52851853 12010256 100%
c [ 66.68 5769 47139 5 5 549 461 8734 4379 1.4 14 10 6 13 1% 4702188 52851853 12010256 100%
c B 66.70 5781 47139 5 5 549 461 8734 4379 1.4 14 10 6 13 1% 4702188 52851853 12010256 100%
c - 68.24 5334 40898 5 6 549 400 9385 4360 1.4 15 11 6 14 1% 4702189 52851853 12010256 100%
c ] 71.20 5188 28918 6 6 551 284 11398 6039 1.4 15 10 6 14 0% 4702191 52851852 12010256 100%
c { 71.20 5188 27658 6 6 551 2083 11398 6039 1.6 11 7 5 8 0% 4702191 52851852 12010256 100%
c o 72.43 5074 27378 6 6 561 2063 11443 6065 1.6 11 7 5 8 0% 4702192 52851852 12010256 100%
c i 72.49 5074 27283 6 6 566 2056 11460 6078 1.6 11 7 5 8 0% 4702194 52851851 12010253 100%
c i 72.96 5074 25570 6 6 631 1928 11751 6357 1.6 11 7 4 8 0% 4702200 52851850 12010252 100%
c - 73.36 5073 25116 6 7 642 1894 11834 5349 1.6 11 7 4 8 0% 4702179 52851850 12010252 100%
c i 74.43 5066 24372 6 7 700 2013 12015 5524 1.6 11 7 4 8 0% 4702181 52851850 12010251 100%
c i 75.07 5076 24854 6 7 701 2174 12018 5525 1.6 11 7 4 8 0% 4702182 52851850 12010248 100%
c i 76.20 4999 25906 6 7 702 2385 12045 5535 1.6 11 7 4 8 0% 4702183 52851850 12010245 100%
c
c seconds       switched    rate         size/glue tier1     binary                remaining
c          MB    reductions    conflicts       size  tier2        irredundant
c             level  restarts       redundant    glue  trail                variables
c
c i 78.55 5002 23406 6 7 863 2276 12649 6120 1.6 11 7 4 8 0% 4702185 52851850 12010242 100%
c - 86.69 4973 20155 6 8 1316 1979 14480 6197 1.6 12 7 2 8 0% 4702172 52851849 12010242 100%
c } 92.28 4616 20865 7 8 1485 2099 15468 7130 1.6 12 8 2 8 0% 4702179 52851849 12010242 100%
c [ 92.28 4616 28918 7 8 1485 284 15468 7130 1.4 15 10 6 14 0% 4702179 52851849 12010242 100%
c W 102.54 4699 28918 7 8 1485 284 15468 7130 1.4 15 10 6 14 0% 4702179 52710014 12010242 100%
c - 106.04 4891 22731 7 9 1486 223 17308 6605 1.5 15 10 4 12 0% 4702179 52710014 12010242 100%
c u 117.17 5783 20424 7 9 1487 201 18263 5893 1.5 15 10 4 12 0% 4702338 52709952 12010242 100%
c v 120.46 6169 20424 7 9 1487 201 18263 4467 1.5 15 10 4 12 0% 4702338 52709952 12010242 100%
c w 121.91 5887 20424 7 9 1487 201 18263 4454 1.5 15 10 4 12 0% 4702338 52709952 12010242 100%
c t 128.00 4506 20424 7 9 1487 201 18263 4454 1.5 15 10 4 12 0% 4702337 52709952 12010242 100%
c - 131.51 4843 16740 7 10 1488 165 20309 4497 1.5 15 10 4 12 0% 4702337 52709952 12010242 100%
c O 135.44 4565 13468 7 10 1490 133 22997 6622 1.5 15 10 4 12 0% 4702337 52709952 12010242 100%
c o 137.30 4578 13468 7 10 1490 133 22997 6622 1.5 15 10 4 12 0% 4702337 52709952 12010242 100%
c - 138.26 4579 13013 7 11 1490 128 23472 5358 1.5 15 10 4 12 0% 4702337 52709952 12010242 100%
c - 141.84 4494 10481 7 12 1491 104 26788 6452 1.5 14 10 4 11 0% 4702337 52709952 12010242 100%
c ] 142.35 4477 10183 8 12 1491 101 27279 6887 1.5 14 10 4 11 0% 4702337 52709952 12010242 100%
c { 142.35 4477 20865 8 12 1491 2099 27279 6887 1.6 12 8 2 8 0% 4702337 52709952 12010242 100%
c s 147.64 5036 16232 8 12 1564 1636 29640 8802 1.6 12 8 2 8 0% 4702412 52703454 12010242 100%
c e 168.87 6563 16232 8 12 1564 1636 29640 8802 1.6 12 8 2 8 0% 501713 20402478 1969196 16%
c s 170.33 6605 16232 8 12 1564 1636 29640 8802 1.6 12 8 2 8 0% 501724 20401834 1969196 16%
c
c seconds        switched      rate         size/glue tier1    binary               remaining
c           MB     reductions     conflicts       size  tier2       irredundant
c              level    restarts       redundant    glue  trail               variables
c
c e 171.34 6798 16232 8 12 1564 1636 29640 8802 1.6 12 8 2 8 0% 501628 20401930 1969148 16%
c ^ 171.35 6798 16232 8 12 1564 1636 29640 8802 1.6 12 8 2 8 0% 501628 20401930 1969148 16%
c - 173.44 6835 15308 8 13 1578 1543 30254 7025 1.6 12 8 2 8 0% 501655 20401906 1969148 16%
c } 176.05 6843 11828 9 13 1716 1193 33438 9670 1.6 12 7 2 8 0% 501655 20401906 1969148 16%
c [ 176.05 6843 10183 9 13 1716 101 33438 9670 1.5 14 10 4 11 0% 501655 20401906 1969148 16%
c B 176.06 6843 10183 9 13 1716 101 33438 9670 1.5 14 10 4 11 0% 501655 20401906 1969148 16%
c - 176.50 6846 9940 9 14 1716 98 33859 7647 1.5 14 10 3 12 0% 501656 20401906 1969148 16%
c u 180.84 5898 8249 9 14 1718 82 37404 9862 1.5 14 10 3 11 0% 501656 20401906 1969148 16%
c v 182.34 5898 8249 9 14 1718 82 37404 8847 1.5 14 10 3 11 0% 501656 20401906 1969148 16%
c w 183.04 5898 8249 9 14 1718 82 37404 8634 1.5 14 10 3 11 0% 501656 20401906 1969148 16%
c t 184.84 5889 8249 9 14 1718 82 37404 8634 1.5 14 10 3 11 0% 501655 20401906 1969148 16%
c - 185.25 5885 8170 9 15 1719 81 37601 6689 1.5 14 10 3 11 0% 501655 20401906 1969148 16%
c ] 186.95 5855 7510 10 15 1720 74 39399 8190 1.5 14 10 3 11 0% 501655 20401906 1969148 16%
c { 186.95 5855 11828 10 15 1720 1193 39399 8190 1.6 12 7 2 8 0% 501655 20401906 1969148 16%
c - 188.92 5722 10261 10 16 1772 1038 41473 7534 1.6 12 7 2 8 0% 501656 20401906 1969148 16%
c o 190.94 5599 8814 10 16 1825 891 44009 9406 1.6 12 7 2 8 0% 501656 20401906 1969148 16%
c - 192.10 5603 8160 10 17 1874 826 45473 8227 1.6 12 7 2 8 0% 501656 20401906 1969148 16%
c } 194.16 5605 7211 11 17 2037 732 48026 10347 1.6 12 7 2 8 0% 501656 20401906 1969148 16%
c [ 194.16 5605 7510 11 17 2037 74 48026 10347 1.5 14 10 3 11 0% 501656 20401906 1969148 16%
c W 196.74 5986 7510 11 17 2037 74 48026 10347 1.5 14 10 3 11 0% 501656 20401906 1969148 16%
c
c seconds        switched     rate         size/glue  tier1     binary               remaining
c           MB     reductions   conflicts        size   tier2        irredundant
c             level     restarts      redundant     glue   trail               variables
c
c ] 198.51 5988 7167 11 17 2038 71 49073 11277 1.5 14 10 3 11 0% 501656 20401906 1969148 16%
c 1 198.51 5988 7211 11 17 2038 732 49073 11277 1.6 12 7 2 8 0% 501656 20401906 1969148 16%
c
c ---- [ result ] ------------------------------------------------------------
c
s SATISFIABLE
c
c ---- [ profiling ] ---------------------------------------------------------
c
c          98.23   49.00 %  search
c          71.93   35.88 %  simplify
c          49.97   24.93 %  stable
c          49.49   24.68 %  probe
c          48.26   24.07 %  focused
c          26.29   13.11 %  eliminate
c          16.29    8.13 %  preprocess
c          15.56    7.76 %  vivify
c          13.88    6.92 %  congruence
c          12.06    6.02 %  parse
c          11.00    5.49 %  substitute
c           9.04    4.51 %  walking
c           5.86    2.92 %  sweep
c           5.26    2.62 %  reduce
c           3.20    1.60 %  subsume
c           1.93    0.96 %  transitive
c           1.26    0.63 %  backbone
c           0.07    0.04 %  extend
c =============================================
c         200.48  100.00 %  total
c
c ---- [ statistics ] --------------------------------------------------------
c
c chronological:                          838                2 %  conflicts
c conflicts:                            49073              244.77 per second
c congruent:                                1                0 %  variables
c decisions:                         21321363              434.48 per conflict
c eliminated:                        10041088               84 %  variables
c iterations:                               7                0 %  variables
c propagations:                     448533491          2237223    per second
c reductions:                              17             2887    interval
c reordered:                                3            16358    interval
c rephased:                                 8             6134    interval
c restarts:                              2038               24    interval
c strengthened:                            86                0 %  checks
c substituted:                              1                0 %  variables
c subsumed:                              7056                0 %  checks
c switched:                                11             4461    interval
c vivified:                              9733               15 %  checks
c walks:                                    3            16358    interval
c
c ---- [ glue usage ] --------------------------------------------------------
c
c focused glue 2   used  8715 clauses 14.81% accumulated 53.39% tier1
c focused glue 3   used  3321 clauses  5.64% accumulated 59.03%
c focused glue 4-6 used 12930 clauses 21.97% accumulated 81.00%
c focused glue 7   used  4371 clauses  7.43% accumulated 88.43%
c focused glue 8   used  2891 clauses  4.91% accumulated 93.34% tier2
c
c stable glue 3   used  5480 clauses  6.30% accumulated 51.56% tier1
c stable glue 4   used  5550 clauses  6.38% accumulated 57.95%
c stable glue 5-9 used 23331 clauses 26.83% accumulated 84.78%
c stable glue 10  used  2894 clauses  3.33% accumulated 88.11%
c stable glue 11  used  2251 clauses  2.59% accumulated 90.69% tier2
c
c ---- [ resources ] ---------------------------------------------------------
c
c maximum-resident-set-size:     7690692591616 bytes    7334416 MB
c process-time:                         3m 20s             200.48 seconds
c
c ---- [ shutting down ] -----------------------------------------------------
c
c exit 10
