c ---- [ banner ] ------------------------------------------------------------
c
c Kissat SAT Solver
c 
c Copyright (c) 2021-2024 Armin Biere University of Freiburg
c Copyright (c) 2019-2021 Armin Biere Johannes Kepler University Linz
c 
c Version 4.0.4 unknown
c Apple clang version 17.0.0 (clang-1700.3.19.1) -W -Wall -O3 -DNDEBUG
c Thu Oct 16 20:09:41 UTC 2025 Darwin Tahoe-arm64.local 25.0.0 arm64
c
c ---- [ parsing ] -----------------------------------------------------------
c
c opened and reading DIMACS file:
c
c   cnf/k5_m3_B10000000.cnf
c
c parsed 'p cnf 50000010 250695923' header
c closing input after reading 6013033438 bytes (6 GB)
c finished parsing after 47.18 seconds
c
c ---- [ options ] -----------------------------------------------------------
c
c --restartint=50                  (different from default '1')
c --target=2                       (different from default '1')
c
c ---- [ solving ] -----------------------------------------------------------
c
c seconds   switched rate     size/glue tier1    binary                 remaining
c          MB reductions conflicts size  tier2         irredundant
c           level restarts redundant glue  trail                 variables
c
c * 47.18 4290 0 0 0  0 0   0   0 0.0 0 0 0 0 0% 6648021 244047898 50000002 100%
c lucky in forward setting literals to true
c l 223.43 11056 0 0 0  0 0   0   0 0.0 0 0 0 0 0% 6648021 244047898 50000002 100%
c 1 223.43 11056 0 0 0  0 0   0   0 0.0 0 0 0 0 0% 6648021 244047898 50000002 100%
c
c ---- [ result ] ------------------------------------------------------------
c
s SATISFIABLE
c
c ---- [ profiling ] ---------------------------------------------------------
c
c         176.26   76.02 %  lucky
c          47.18   20.35 %  parse
c           0.00    0.00 %  search
c           0.00    0.00 %  simplify
c =============================================
c         231.85  100.00 %  total
c
c ---- [ statistics ] --------------------------------------------------------
c
c conflicts:                                0                0.00 per second
c decisions:                                0                0.00 per conflict
c propagations:                      50761474           218940    per second
c switched:                                 0                0    interval
c
c ---- [ glue usage ] --------------------------------------------------------
c
c no clauses used at all
c
c ---- [ resources ] ---------------------------------------------------------
c
c maximum-resident-set-size:     11966164762624 bytes   11411824 MB
c process-time:                         3m 52s             231.85 seconds
c
c ---- [ shutting down ] -----------------------------------------------------
c
c exit 10
RC=10
