[driver] 69 jobs queued
[driver] +    0.0s start: single 1000000 2 --append
[driver] +    0.0s start: single 10000 3 --append
[driver] +    0.0s start: single 794300 2 --append
[driver] 69 jobs queued
[driver] +    0.0s start: single 1000000 2 --append
[driver] +    0.0s start: single 10000 3 --append
[driver] +    0.0s start: single 794300 2 --append
[driver] +  408.8s done: single 794300 2 --append
[driver] +  408.8s start: single 7943 3 --append
[driver] +  701.2s done: single 10000 3 --append
[driver] +  701.2s start: single 631000 2 --append
[driver] +  747.3s done: single 1000000 2 --append
[driver] +  747.3s start: single 6310 3 --append
[driver] +  847.5s done: single 7943 3 --append
[driver] +  847.5s start: single 501200 2 --append
[driver] +  961.7s done: single 6310 3 --append
[driver] +  961.7s start: single 398100 2 --append
[driver] + 1053.9s done: single 631000 2 --append
[driver] + 1053.9s start: single 5012 3 --append
[driver] + 1069.9s done: single 501200 2 --append
[driver] + 1069.9s start: single 316200 2 --append
[driver] + 1104.0s done: single 398100 2 --append
[driver] + 1104.0s start: single 4467 3 --append
[driver] + 1156.1s done: single 316200 2 --append
[driver] + 1156.1s start: single 251200 2 --append
[driver] + 1158.1s done: single 5012 3 --append
[driver] + 1158.1s start: single 3981 3 --append
[driver] + 1176.1s done: single 4467 3 --append
[driver] + 1176.1s start: single 3548 3 --append
[driver] + 1210.2s done: single 3981 3 --append
[driver] + 1210.2s start: single 199500 2 --append
[driver] + 1212.2s done: single 251200 2 --append
[driver] + 1212.2s start: single 3162 3 --append
[driver] + 1214.2s done: single 3548 3 --append
[driver] + 1214.2s start: single 158500 2 --append
[driver] + 1238.3s done: single 3162 3 --append
[driver] + 1238.3s done: single 158500 2 --append
[driver] + 1238.3s start: single 2818 3 --append
[driver] + 1238.3s start: single 2512 3 --append
[driver] + 1246.3s done: single 199500 2 --append
[driver] + 1246.3s start: single 125900 2 --append
[driver] + 1252.3s done: single 2512 3 --append
[driver] + 1252.3s start: range 3 500 3
[driver] + 1256.3s done: single 2818 3 --append
[driver] + 1256.3s start: single 2239 3 --append
[driver] + 1260.3s done: single 125900 2 --append
[driver] + 1260.3s start: single 100000 2 --append
[driver] + 1266.3s done: range 3 500 3
[driver] + 1266.3s done: single 2239 3 --append
[driver] + 1266.3s start: single 89130 2 --append
[driver] + 1266.3s start: single 1995 3 --append
[driver] + 1270.3s done: single 100000 2 --append
[driver] + 1270.3s start: single 79430 2 --append
[driver] + 1274.3s done: single 89130 2 --append
[driver] + 1274.3s done: single 1995 3 --append
[driver] + 1274.3s start: single 1778 3 --append
[driver] + 1274.3s start: single 70790 2 --append
[driver] + 1276.4s done: single 79430 2 --append
[driver] + 1276.4s start: single 1585 3 --append
[driver] + 1278.4s done: single 70790 2 --append
[driver] + 1278.4s start: single 63100 2 --append
[driver] + 1280.4s done: single 1778 3 --append
[driver] + 1280.4s done: single 1585 3 --append
[driver] + 1280.4s start: single 56230 2 --append
[driver] + 1280.4s start: single 1413 3 --append
[driver] + 1282.4s done: single 63100 2 --append
[driver] + 1282.4s start: range 3 2000 2
[driver] + 1284.4s done: single 56230 2 --append
[driver] + 1284.4s done: single 1413 3 --append
[driver] + 1284.4s done: range 3 2000 2
[driver] + 1284.4s start: single 50120 2 --append
[driver] + 1284.4s start: single 1259 3 --append
[driver] + 1284.4s start: single 44670 2 --append
[driver] + 1286.4s done: single 1259 3 --append
[driver] + 1286.4s done: single 44670 2 --append
[driver] + 1286.4s start: single 39810 2 --append
[driver] + 1286.4s start: single 1122 3 --append
[driver] + 1288.4s done: single 50120 2 --append
[driver] + 1288.4s done: single 39810 2 --append
[driver] + 1288.4s done: single 1122 3 --append
[driver] + 1288.4s start: single 35480 2 --append
[driver] + 1288.4s start: single 1000 3 --append
[driver] + 1288.4s start: single 31620 2 --append
[driver] + 1290.4s done: single 35480 2 --append
[driver] + 1290.4s done: single 1000 3 --append
[driver] + 1290.4s done: single 31620 2 --append
[driver] + 1290.4s start: single 28180 2 --append
[driver] + 1290.5s start: single 891 3 --append
[driver] + 1290.5s start: single 25120 2 --append
[driver] + 1292.5s done: single 28180 2 --append
[driver] + 1292.5s done: single 891 3 --append
[driver] + 1292.5s done: single 25120 2 --append
[driver] + 1292.5s start: single 22390 2 --append
[driver] + 1292.5s start: single 794 3 --append
[driver] + 1292.5s start: single 19950 2 --append
[driver] + 1294.5s done: single 22390 2 --append
[driver] + 1294.5s done: single 794 3 --append
[driver] + 1294.5s done: single 19950 2 --append
[driver] + 1294.5s start: single 708 3 --append
[driver] + 1294.5s start: single 17780 2 --append
[driver] + 1294.5s start: single 631 3 --append
[driver] + 1296.5s done: single 708 3 --append
[driver] + 1296.5s done: single 17780 2 --append
[driver] + 1296.5s done: single 631 3 --append
[driver] + 1296.5s start: single 15850 2 --append
[driver] + 1296.5s start: single 14130 2 --append
[driver] + 1296.5s start: single 562 3 --append
[driver] + 1298.5s done: single 15850 2 --append
[driver] + 1298.5s done: single 14130 2 --append
[driver] + 1298.5s done: single 562 3 --append
[driver] + 1298.5s start: single 12590 2 --append
[driver] + 1298.5s start: single 11220 2 --append
[driver] + 1298.5s start: single 10000 2 --append
[driver] + 1300.5s done: single 12590 2 --append
[driver] + 1300.5s done: single 11220 2 --append
[driver] + 1300.5s done: single 10000 2 --append
[driver] + 1300.5s start: single 8910 2 --append
[driver] + 1300.5s start: single 7940 2 --append
[driver] + 1300.5s start: single 7080 2 --append
[driver] + 1302.5s done: single 8910 2 --append
[driver] + 1302.5s done: single 7940 2 --append
[driver] + 1302.5s done: single 7080 2 --append
[driver] + 1302.5s start: single 6310 2 --append
[driver] + 1302.5s start: single 5620 2 --append
[driver] + 1302.5s start: single 5010 2 --append
[driver] + 1304.6s done: single 6310 2 --append
[driver] + 1304.6s done: single 5620 2 --append
[driver] + 1304.6s done: single 5010 2 --append
[driver] + 1304.6s start: single 4470 2 --append
[driver] + 1304.6s start: single 3980 2 --append
[driver] + 1304.6s start: single 3550 2 --append
[driver] + 1306.6s done: single 4470 2 --append
[driver] + 1306.6s done: single 3980 2 --append
[driver] + 1306.6s done: single 3550 2 --append
[driver] + 1306.6s start: single 3160 2 --append
[driver] + 1306.6s start: single 2820 2 --append
[driver] + 1306.6s start: single 2510 2 --append
[driver] + 1308.6s done: single 3160 2 --append
[driver] + 1308.6s done: single 2820 2 --append
[driver] + 1308.6s done: single 2510 2 --append
[driver] + 1308.6s start: single 2240 2 --append
[driver] + 1310.6s done: single 2240 2 --append
[driver] all jobs finished in 1310.6s
