0.0 done 0 10000000 (w0)
0.2 done 10000000 100000000 (w1)
1.2 done 100000000 1000000000 (w2)
1.4 done 1000000000 2000000000 (w0)
1.5 done 2000000000 3000000000 (w1)
2.4 done 3000000000 4000000000 (w2)
2.6 done 4000000000 5000000000 (w0)
2.7 done 5000000000 6000000000 (w1)
3.7 done 6000000000 7000000000 (w2)
3.9 done 7000000000 8000000000 (w0)
4.0 done 8000000000 9000000000 (w1)
4.9 done 9000000000 10000000000 (w2)
5.2 done 10000000000 11000000000 (w0)
5.2 done 11000000000 12000000000 (w1)
6.2 done 12000000000 13000000000 (w2)
6.4 done 13000000000 14000000000 (w0)
6.5 done 14000000000 15000000000 (w1)
7.4 done 15000000000 16000000000 (w2)
7.6 done 16000000000 17000000000 (w0)
7.7 done 17000000000 18000000000 (w1)
8.7 done 18000000000 19000000000 (w2)
8.8 done 19000000000 20000000000 (w0)
8.9 done 20000000000 21000000000 (w1)
10.0 done 21000000000 22000000000 (w2)
10.1 done 22000000000 23000000000 (w0)
10.2 done 23000000000 24000000000 (w1)
11.2 done 24000000000 25000000000 (w2)
11.4 done 25000000000 26000000000 (w0)
11.5 done 26000000000 27000000000 (w1)
12.5 done 27000000000 28000000000 (w2)
12.6 done 28000000000 29000000000 (w0)
12.7 done 29000000000 30000000000 (w1)
13.8 done 30000000000 31000000000 (w2)
13.9 done 31000000000 32000000000 (w0)
14.0 done 32000000000 33000000000 (w1)
15.1 done 33000000000 34000000000 (w2)
15.1 done 34000000000 35000000000 (w0)
15.3 done 35000000000 36000000000 (w1)
16.4 done 36000000000 37000000000 (w2)
16.4 done 37000000000 38000000000 (w0)
16.5 done 38000000000 39000000000 (w1)
17.6 done 39000000000 40000000000 (w2)
17.8 done 40000000000 41000000000 (w0)
17.8 done 41000000000 42000000000 (w1)
18.9 done 42000000000 43000000000 (w2)
19.0 done 43000000000 44000000000 (w0)
19.1 done 44000000000 45000000000 (w1)
20.2 done 45000000000 46000000000 (w2)
20.3 done 46000000000 47000000000 (w0)
20.5 done 47000000000 48000000000 (w1)
21.6 done 48000000000 49000000000 (w2)
21.7 done 49000000000 50000000000 (w0)
21.8 done 50000000000 51000000000 (w1)
23.0 done 51000000000 52000000000 (w2)
23.1 done 52000000000 53000000000 (w0)
23.2 done 53000000000 54000000000 (w1)
24.3 done 54000000000 55000000000 (w2)
24.4 done 55000000000 56000000000 (w0)
24.5 done 56000000000 57000000000 (w1)
25.7 done 58000000000 59000000000 (w0)
25.7 done 57000000000 58000000000 (w2)
25.7 done 59000000000 60000000000 (w1)
27.1 done 61000000000 62000000000 (w2)
27.1 done 60000000000 61000000000 (w0)
27.2 done 62000000000 63000000000 (w1)
28.4 done 65000000000 66000000000 (w1)
28.5 done 63000000000 64000000000 (w2)
28.6 done 64000000000 65000000000 (w0)
29.8 done 66000000000 67000000000 (w1)
29.8 done 67000000000 68000000000 (w2)
29.9 done 68000000000 69000000000 (w0)
31.0 done 69000000000 70000000000 (w1)
31.1 done 70000000000 71000000000 (w2)
31.2 done 71000000000 72000000000 (w0)
32.3 done 73000000000 74000000000 (w2)
32.4 done 72000000000 73000000000 (w1)
32.4 done 74000000000 75000000000 (w0)
33.7 done 75000000000 76000000000 (w2)
33.8 done 76000000000 77000000000 (w1)
33.8 done 77000000000 78000000000 (w0)
35.1 done 78000000000 79000000000 (w2)
35.3 done 79000000000 80000000000 (w1)
35.4 done 80000000000 81000000000 (w0)
36.5 done 81000000000 82000000000 (w2)
36.7 done 82000000000 83000000000 (w1)
37.0 done 83000000000 84000000000 (w0)
37.9 done 84000000000 85000000000 (w2)
38.2 done 85000000000 86000000000 (w1)
38.9 done 86000000000 87000000000 (w0)
40.2 done 87000000000 88000000000 (w2)
40.5 done 88000000000 89000000000 (w1)
40.8 done 89000000000 90000000000 (w0)
41.6 done 90000000000 91000000000 (w2)
41.8 done 91000000000 92000000000 (w1)
42.3 done 92000000000 93000000000 (w0)
43.0 done 93000000000 94000000000 (w2)
43.3 done 94000000000 95000000000 (w1)
43.7 done 95000000000 96000000000 (w0)
44.4 done 96000000000 97000000000 (w2)
44.7 done 97000000000 98000000000 (w1)
45.1 done 98000000000 99000000000 (w0)
45.8 done 99000000000 100000000000 (w2)
72.3 done 100000000000 120000000000 (w1)
72.5 done 120000000000 140000000000 (w0)
74.0 done 140000000000 160000000000 (w2)
100.7 done 160000000000 180000000000 (w1)
101.0 done 180000000000 200000000000 (w0)
102.8 done 200000000000 220000000000 (w2)
128.6 done 220000000000 240000000000 (w1)
129.0 done 240000000000 260000000000 (w0)
131.0 done 260000000000 280000000000 (w2)
156.7 done 280000000000 300000000000 (w1)
157.0 done 300000000000 320000000000 (w0)
159.0 done 320000000000 340000000000 (w2)
185.7 done 340000000000 360000000000 (w1)
186.5 done 360000000000 380000000000 (w0)
188.8 done 380000000000 400000000000 (w2)
214.5 done 400000000000 420000000000 (w1)
215.6 done 420000000000 440000000000 (w0)
217.9 done 440000000000 460000000000 (w2)
242.8 done 460000000000 480000000000 (w1)
244.1 done 480000000000 500000000000 (w0)
245.9 done 500000000000 520000000000 (w2)
269.6 done 520000000000 540000000000 (w1)
270.5 done 540000000000 560000000000 (w0)
272.6 done 560000000000 580000000000 (w2)
296.8 done 580000000000 600000000000 (w1)
297.6 done 600000000000 620000000000 (w0)
299.4 done 620000000000 640000000000 (w2)
323.5 done 640000000000 660000000000 (w1)
324.3 done 660000000000 680000000000 (w0)
326.2 done 680000000000 700000000000 (w2)
351.5 done 700000000000 720000000000 (w1)
352.4 done 720000000000 740000000000 (w0)
354.9 done 740000000000 760000000000 (w2)
379.0 done 760000000000 780000000000 (w1)
380.3 done 780000000000 800000000000 (w0)
382.5 done 800000000000 820000000000 (w2)
406.8 done 820000000000 840000000000 (w1)
407.6 done 840000000000 860000000000 (w0)
409.7 done 860000000000 880000000000 (w2)
434.1 done 880000000000 900000000000 (w1)
434.7 done 900000000000 920000000000 (w0)
436.9 done 920000000000 940000000000 (w2)
460.9 done 940000000000 960000000000 (w1)
461.5 done 960000000000 980000000000 (w0)
463.3 done 980000000000 1000000000000 (w2)
473.6 done 1000000000000 1010000000000 (w1)
474.4 done 1010000000000 1020000000000 (w0)
476.1 done 1020000000000 1030000000000 (w2)
486.4 done 1030000000000 1040000000000 (w1)
487.7 done 1040000000000 1050000000000 (w0)
489.1 done 1050000000000 1060000000000 (w2)
499.9 done 1060000000000 1070000000000 (w1)
501.3 done 1070000000000 1080000000000 (w0)
502.7 done 1080000000000 1090000000000 (w2)
513.4 done 1090000000000 1100000000000 (w1)
515.0 done 1100000000000 1110000000000 (w0)
516.4 done 1110000000000 1120000000000 (w2)
527.2 done 1120000000000 1130000000000 (w1)
528.9 done 1130000000000 1140000000000 (w0)
530.3 done 1140000000000 1150000000000 (w2)
541.1 done 1150000000000 1160000000000 (w1)
542.5 done 1160000000000 1170000000000 (w0)
543.8 done 1170000000000 1180000000000 (w2)
554.8 done 1180000000000 1190000000000 (w1)
556.4 done 1190000000000 1200000000000 (w0)
557.8 done 1200000000000 1210000000000 (w2)
569.2 done 1210000000000 1220000000000 (w1)
571.1 done 1220000000000 1230000000000 (w0)
571.8 done 1230000000000 1240000000000 (w2)
583.3 done 1240000000000 1250000000000 (w1)
585.1 done 1250000000000 1260000000000 (w0)
585.9 done 1260000000000 1270000000000 (w2)
597.1 done 1270000000000 1280000000000 (w1)
599.2 done 1280000000000 1290000000000 (w0)
599.7 done 1290000000000 1300000000000 (w2)
610.8 done 1300000000000 1310000000000 (w1)
613.3 done 1310000000000 1320000000000 (w0)
613.7 done 1320000000000 1330000000000 (w2)
624.6 done 1330000000000 1340000000000 (w1)
627.1 done 1340000000000 1350000000000 (w0)
627.4 done 1350000000000 1360000000000 (w2)
638.4 done 1360000000000 1370000000000 (w1)
641.1 done 1380000000000 1390000000000 (w2)
641.1 done 1370000000000 1380000000000 (w0)
652.3 done 1390000000000 1400000000000 (w1)
654.9 done 1410000000000 1420000000000 (w0)
655.0 done 1400000000000 1410000000000 (w2)
666.1 done 1420000000000 1430000000000 (w1)
668.9 done 1430000000000 1440000000000 (w0)
669.0 done 1440000000000 1450000000000 (w2)
679.8 done 1450000000000 1460000000000 (w1)
682.9 done 1460000000000 1470000000000 (w0)
683.0 done 1470000000000 1480000000000 (w2)
693.9 done 1480000000000 1490000000000 (w1)
697.1 done 1500000000000 1510000000000 (w2)
697.1 done 1490000000000 1500000000000 (w0)
708.5 done 1510000000000 1520000000000 (w1)
711.5 done 1530000000000 1540000000000 (w0)
712.0 done 1520000000000 1530000000000 (w2)
723.1 done 1540000000000 1550000000000 (w1)
726.2 done 1550000000000 1560000000000 (w0)
726.6 done 1560000000000 1570000000000 (w2)
737.5 done 1570000000000 1580000000000 (w1)
739.3 done 1580000000000 1590000000000 (w0)
740.9 done 1590000000000 1600000000000 (w2)
751.7 done 1600000000000 1610000000000 (w1)
753.6 done 1610000000000 1620000000000 (w0)
755.5 done 1620000000000 1630000000000 (w2)
766.7 done 1630000000000 1640000000000 (w1)
768.4 done 1640000000000 1650000000000 (w0)
770.6 done 1650000000000 1660000000000 (w2)
781.3 done 1660000000000 1670000000000 (w1)
782.4 done 1670000000000 1680000000000 (w0)
784.8 done 1680000000000 1690000000000 (w2)
795.2 done 1690000000000 1700000000000 (w1)
796.3 done 1700000000000 1710000000000 (w0)
798.5 done 1710000000000 1720000000000 (w2)
809.4 done 1720000000000 1730000000000 (w1)
810.3 done 1740000000000 1750000000000 (w2)
810.3 done 1730000000000 1740000000000 (w0)
823.3 done 1750000000000 1760000000000 (w1)
824.0 done 1770000000000 1780000000000 (w0)
824.0 done 1760000000000 1770000000000 (w2)
837.2 done 1780000000000 1790000000000 (w1)
837.8 done 1800000000000 1810000000000 (w2)
837.8 done 1790000000000 1800000000000 (w0)
850.9 done 1810000000000 1820000000000 (w1)
851.5 done 1820000000000 1830000000000 (w2)
851.7 done 1830000000000 1840000000000 (w0)
864.9 done 1840000000000 1850000000000 (w1)
865.4 done 1860000000000 1870000000000 (w0)
865.4 done 1850000000000 1860000000000 (w2)
878.0 done 1880000000000 1890000000000 (w0)
878.1 done 1890000000000 1900000000000 (w2)
878.8 done 1870000000000 1880000000000 (w1)
891.8 done 1900000000000 1910000000000 (w0)
892.0 done 1910000000000 1920000000000 (w2)
892.8 done 1920000000000 1930000000000 (w1)
905.7 done 1930000000000 1940000000000 (w0)
906.0 done 1940000000000 1950000000000 (w2)
906.7 done 1950000000000 1960000000000 (w1)
920.4 done 1960000000000 1970000000000 (w0)
920.6 done 1970000000000 1980000000000 (w2)
921.3 done 1980000000000 1990000000000 (w1)
934.5 done 1990000000000 2000000000000 (w0)
934.9 done 2000000000000 2010000000000 (w2)
935.2 done 2010000000000 2020000000000 (w1)
948.7 done 2020000000000 2030000000000 (w0)
949.1 done 2030000000000 2040000000000 (w2)
949.4 done 2040000000000 2050000000000 (w1)
962.6 done 2050000000000 2060000000000 (w0)
962.8 done 2060000000000 2070000000000 (w2)
963.0 done 2070000000000 2080000000000 (w1)
975.9 done 2080000000000 2090000000000 (w0)
976.1 done 2090000000000 2100000000000 (w2)
976.4 done 2100000000000 2110000000000 (w1)
989.9 done 2110000000000 2120000000000 (w0)
990.1 done 2120000000000 2130000000000 (w2)
990.8 done 2130000000000 2140000000000 (w1)
1004.3 done 2140000000000 2150000000000 (w0)
1004.4 done 2150000000000 2160000000000 (w2)
1004.9 done 2160000000000 2170000000000 (w1)
1018.6 done 2170000000000 2180000000000 (w0)
1018.8 done 2180000000000 2190000000000 (w2)
1019.1 done 2190000000000 2200000000000 (w1)
1033.3 done 2200000000000 2210000000000 (w0)
1033.5 done 2210000000000 2220000000000 (w2)
1033.8 done 2220000000000 2230000000000 (w1)
1047.4 done 2230000000000 2240000000000 (w0)
1047.7 done 2240000000000 2250000000000 (w2)
1047.8 done 2250000000000 2260000000000 (w1)
1061.9 done 2260000000000 2270000000000 (w0)
1062.2 done 2280000000000 2290000000000 (w1)
1062.3 done 2270000000000 2280000000000 (w2)
1076.0 done 2290000000000 2300000000000 (w0)
1076.1 done 2300000000000 2310000000000 (w1)
1076.3 done 2310000000000 2320000000000 (w2)
1088.7 done 2320000000000 2330000000000 (w0)
1090.1 done 2330000000000 2340000000000 (w1)
1090.9 done 2340000000000 2350000000000 (w2)
1103.1 done 2350000000000 2360000000000 (w0)
1104.2 done 2360000000000 2370000000000 (w1)
1105.2 done 2370000000000 2380000000000 (w2)
1117.3 done 2380000000000 2390000000000 (w0)
1118.5 done 2390000000000 2400000000000 (w1)
1119.5 done 2400000000000 2410000000000 (w2)
1131.3 done 2410000000000 2420000000000 (w0)
1132.8 done 2420000000000 2430000000000 (w1)
1133.7 done 2430000000000 2440000000000 (w2)
1145.7 done 2440000000000 2450000000000 (w0)
1147.0 done 2450000000000 2460000000000 (w1)
1148.4 done 2460000000000 2470000000000 (w2)
1160.3 done 2470000000000 2480000000000 (w0)
1161.7 done 2480000000000 2490000000000 (w1)
1163.0 done 2490000000000 2500000000000 (w2)
1174.7 done 2500000000000 2510000000000 (w0)
1176.2 done 2510000000000 2520000000000 (w1)
1177.5 done 2520000000000 2530000000000 (w2)
1189.4 done 2530000000000 2540000000000 (w0)
1190.8 done 2540000000000 2550000000000 (w1)
1191.6 done 2550000000000 2560000000000 (w2)
1203.8 done 2560000000000 2570000000000 (w0)
1205.2 done 2570000000000 2580000000000 (w1)
1206.1 done 2580000000000 2590000000000 (w2)
1218.3 done 2590000000000 2600000000000 (w0)
1219.6 done 2600000000000 2610000000000 (w1)
1220.3 done 2610000000000 2620000000000 (w2)
1232.4 done 2620000000000 2630000000000 (w0)
1233.7 done 2630000000000 2640000000000 (w1)
1234.4 done 2640000000000 2650000000000 (w2)
1246.8 done 2650000000000 2660000000000 (w0)
1248.2 done 2660000000000 2670000000000 (w1)
1248.5 done 2670000000000 2680000000000 (w2)
1261.1 done 2680000000000 2690000000000 (w0)
1262.4 done 2690000000000 2700000000000 (w1)
1262.9 done 2700000000000 2710000000000 (w2)
1275.6 done 2710000000000 2720000000000 (w0)
1276.8 done 2720000000000 2730000000000 (w1)
1277.0 done 2730000000000 2740000000000 (w2)
1289.9 done 2740000000000 2750000000000 (w0)
1290.9 done 2750000000000 2760000000000 (w1)
1291.4 done 2760000000000 2770000000000 (w2)
1304.4 done 2770000000000 2780000000000 (w0)
1305.4 done 2780000000000 2790000000000 (w1)
1305.8 done 2790000000000 2800000000000 (w2)
1318.7 done 2800000000000 2810000000000 (w0)
1319.7 done 2810000000000 2820000000000 (w1)
1319.9 done 2820000000000 2830000000000 (w2)
1333.9 done 2830000000000 2840000000000 (w0)
1334.8 done 2840000000000 2850000000000 (w1)
1335.1 done 2850000000000 2860000000000 (w2)
1348.5 done 2860000000000 2870000000000 (w0)
1349.5 done 2880000000000 2890000000000 (w2)
1350.0 done 2870000000000 2880000000000 (w1)
3279.8 done 2890000000000 2900000000000 (w0)
3282.6 done 2900000000000 2910000000000 (w2)
3284.0 done 2910000000000 2920000000000 (w1)
6088.5 done 2920000000000 2930000000000 (w0)
6089.1 done 2930000000000 2940000000000 (w2)
6091.2 done 2940000000000 2950000000000 (w1)
7141.3 done 2950000000000 2960000000000 (w0)
7142.0 done 2960000000000 2970000000000 (w2)
7143.7 done 2970000000000 2980000000000 (w1)
7143.7 ALL-STOP queue_remaining=1702
11.8 done 2980000000000 2990000000000 (w0)
11.8 done 3000000000000 3010000000000 (w2)
11.8 done 2990000000000 3000000000000 (w1)
23.7 done 3010000000000 3020000000000 (w0)
23.7 done 3020000000000 3030000000000 (w2)
23.8 done 3030000000000 3040000000000 (w1)
35.4 done 3040000000000 3050000000000 (w0)
35.4 done 3060000000000 3070000000000 (w1)
35.5 done 3050000000000 3060000000000 (w2)
47.1 done 3070000000000 3080000000000 (w0)
47.1 done 3080000000000 3090000000000 (w1)
47.1 done 3090000000000 3100000000000 (w2)
58.7 done 3100000000000 3110000000000 (w0)
58.7 done 3110000000000 3120000000000 (w1)
58.8 done 3120000000000 3130000000000 (w2)
70.4 done 3130000000000 3140000000000 (w0)
70.5 done 3150000000000 3160000000000 (w2)
70.5 done 3140000000000 3150000000000 (w1)
82.0 done 3160000000000 3170000000000 (w0)
82.1 done 3170000000000 3180000000000 (w2)
82.1 done 3180000000000 3190000000000 (w1)
93.6 done 3190000000000 3200000000000 (w0)
93.7 done 3200000000000 3210000000000 (w2)
93.7 done 3210000000000 3220000000000 (w1)
105.4 done 3220000000000 3230000000000 (w0)
105.4 done 3240000000000 3250000000000 (w1)
105.4 done 3230000000000 3240000000000 (w2)
117.0 done 3250000000000 3260000000000 (w0)
117.1 done 3270000000000 3280000000000 (w2)
117.1 done 3260000000000 3270000000000 (w1)
128.7 done 3280000000000 3290000000000 (w0)
128.8 done 3300000000000 3310000000000 (w1)
128.8 done 3290000000000 3300000000000 (w2)
140.4 done 3310000000000 3320000000000 (w0)
140.5 done 3320000000000 3330000000000 (w1)
140.5 done 3330000000000 3340000000000 (w2)
152.1 done 3340000000000 3350000000000 (w0)
152.2 done 3360000000000 3370000000000 (w2)
152.2 done 3350000000000 3360000000000 (w1)
163.8 done 3370000000000 3380000000000 (w0)
163.9 done 3380000000000 3390000000000 (w2)
163.9 done 3390000000000 3400000000000 (w1)
175.4 done 3400000000000 3410000000000 (w0)
175.6 done 3410000000000 3420000000000 (w2)
175.7 done 3420000000000 3430000000000 (w1)
187.2 done 3430000000000 3440000000000 (w0)
187.3 done 3440000000000 3450000000000 (w2)
187.4 done 3450000000000 3460000000000 (w1)
198.9 done 3460000000000 3470000000000 (w0)
199.0 done 3470000000000 3480000000000 (w2)
199.1 done 3480000000000 3490000000000 (w1)
211.0 done 3490000000000 3500000000000 (w0)
211.2 done 3500000000000 3510000000000 (w2)
211.2 done 3510000000000 3520000000000 (w1)
222.8 done 3520000000000 3530000000000 (w0)
222.9 done 3530000000000 3540000000000 (w2)
223.0 done 3540000000000 3550000000000 (w1)
234.5 done 3550000000000 3560000000000 (w0)
234.6 done 3560000000000 3570000000000 (w2)
234.7 done 3570000000000 3580000000000 (w1)
246.4 done 3580000000000 3590000000000 (w0)
246.6 done 3590000000000 3600000000000 (w2)
246.7 done 3600000000000 3610000000000 (w1)
258.3 done 3610000000000 3620000000000 (w0)
258.6 done 3630000000000 3640000000000 (w1)
258.6 done 3620000000000 3630000000000 (w2)
270.2 done 3640000000000 3650000000000 (w0)
270.4 done 3650000000000 3660000000000 (w1)
270.5 done 3660000000000 3670000000000 (w2)
282.2 done 3670000000000 3680000000000 (w0)
282.4 done 3680000000000 3690000000000 (w1)
282.5 done 3690000000000 3700000000000 (w2)
294.1 done 3700000000000 3710000000000 (w0)
294.2 done 3710000000000 3720000000000 (w1)
294.3 done 3720000000000 3730000000000 (w2)
305.8 done 3730000000000 3740000000000 (w0)
306.0 done 3740000000000 3750000000000 (w1)
306.2 done 3750000000000 3760000000000 (w2)
317.8 done 3760000000000 3770000000000 (w0)
318.1 done 3770000000000 3780000000000 (w1)
318.2 done 3780000000000 3790000000000 (w2)
329.7 done 3790000000000 3800000000000 (w0)
330.0 done 3800000000000 3810000000000 (w1)
330.0 done 3810000000000 3820000000000 (w2)
341.6 done 3820000000000 3830000000000 (w0)
341.8 done 3830000000000 3840000000000 (w1)
341.9 done 3840000000000 3850000000000 (w2)
353.5 done 3850000000000 3860000000000 (w0)
353.7 done 3860000000000 3870000000000 (w1)
353.8 done 3870000000000 3880000000000 (w2)
365.5 done 3880000000000 3890000000000 (w0)
365.5 done 3890000000000 3900000000000 (w1)
365.7 done 3900000000000 3910000000000 (w2)
377.7 done 3910000000000 3920000000000 (w0)
377.8 done 3920000000000 3930000000000 (w1)
378.1 done 3930000000000 3940000000000 (w2)
389.8 done 3940000000000 3950000000000 (w0)
389.9 done 3950000000000 3960000000000 (w1)
390.2 done 3960000000000 3970000000000 (w2)
402.5 done 3970000000000 3980000000000 (w0)
402.6 done 3980000000000 3990000000000 (w1)
402.8 done 3990000000000 4000000000000 (w2)
414.4 done 4000000000000 4010000000000 (w0)
414.5 done 4010000000000 4020000000000 (w1)
414.6 done 4020000000000 4030000000000 (w2)
426.3 done 4030000000000 4040000000000 (w0)
426.4 done 4040000000000 4050000000000 (w1)
426.5 done 4050000000000 4060000000000 (w2)
438.7 done 4060000000000 4070000000000 (w0)
438.9 done 4070000000000 4080000000000 (w1)
438.9 done 4080000000000 4090000000000 (w2)
451.2 done 4090000000000 4100000000000 (w0)
451.4 done 4100000000000 4110000000000 (w1)
451.5 done 4110000000000 4120000000000 (w2)
463.1 done 4120000000000 4130000000000 (w0)
463.2 done 4130000000000 4140000000000 (w1)
463.3 done 4140000000000 4150000000000 (w2)
475.1 done 4150000000000 4160000000000 (w0)
475.2 done 4160000000000 4170000000000 (w1)
475.4 done 4170000000000 4180000000000 (w2)
487.1 done 4180000000000 4190000000000 (w0)
487.2 done 4190000000000 4200000000000 (w1)
487.4 done 4200000000000 4210000000000 (w2)
499.0 done 4210000000000 4220000000000 (w0)
499.1 done 4220000000000 4230000000000 (w1)
499.3 done 4230000000000 4240000000000 (w2)
511.1 done 4240000000000 4250000000000 (w0)
511.3 done 4250000000000 4260000000000 (w1)
511.5 done 4260000000000 4270000000000 (w2)
524.1 done 4270000000000 4280000000000 (w0)
524.3 done 4280000000000 4290000000000 (w1)
524.4 done 4290000000000 4300000000000 (w2)
536.7 done 4300000000000 4310000000000 (w0)
536.8 done 4320000000000 4330000000000 (w2)
536.9 done 4310000000000 4320000000000 (w1)
549.4 done 4330000000000 4340000000000 (w0)
549.5 done 4340000000000 4350000000000 (w2)
549.5 done 4350000000000 4360000000000 (w1)
561.9 done 4360000000000 4370000000000 (w0)
562.0 done 4380000000000 4390000000000 (w1)
562.0 done 4370000000000 4380000000000 (w2)
574.2 done 4390000000000 4400000000000 (w0)
574.3 done 4400000000000 4410000000000 (w1)
574.3 done 4410000000000 4420000000000 (w2)
586.2 done 4430000000000 4440000000000 (w1)
586.2 done 4420000000000 4430000000000 (w0)
586.3 done 4440000000000 4450000000000 (w2)
598.0 done 4460000000000 4470000000000 (w0)
598.0 done 4450000000000 4460000000000 (w1)
598.0 done 4470000000000 4480000000000 (w2)
609.7 done 4480000000000 4490000000000 (w0)
609.7 done 4490000000000 4500000000000 (w1)
609.8 done 4500000000000 4510000000000 (w2)
621.5 done 4510000000000 4520000000000 (w0)
621.5 done 4520000000000 4530000000000 (w1)
621.5 done 4530000000000 4540000000000 (w2)
633.3 done 4540000000000 4550000000000 (w0)
633.3 done 4550000000000 4560000000000 (w1)
633.3 done 4560000000000 4570000000000 (w2)
645.1 done 4570000000000 4580000000000 (w0)
645.1 done 4580000000000 4590000000000 (w1)
645.1 done 4590000000000 4600000000000 (w2)
657.0 done 4600000000000 4610000000000 (w0)
657.1 done 4620000000000 4630000000000 (w2)
657.1 done 4610000000000 4620000000000 (w1)
668.9 done 4630000000000 4640000000000 (w0)
668.9 done 4640000000000 4650000000000 (w2)
668.9 done 4650000000000 4660000000000 (w1)
680.7 done 4660000000000 4670000000000 (w0)
680.8 done 4680000000000 4690000000000 (w1)
680.8 done 4670000000000 4680000000000 (w2)
692.6 done 4690000000000 4700000000000 (w0)
692.6 done 4710000000000 4720000000000 (w2)
692.7 done 4700000000000 4710000000000 (w1)
704.4 done 4720000000000 4730000000000 (w0)
704.5 done 4730000000000 4740000000000 (w2)
704.5 done 4740000000000 4750000000000 (w1)
716.3 done 4760000000000 4770000000000 (w2)
716.3 done 4750000000000 4760000000000 (w0)
716.3 done 4770000000000 4780000000000 (w1)
728.1 done 4780000000000 4790000000000 (w2)
728.2 done 4790000000000 4800000000000 (w0)
728.2 done 4800000000000 4810000000000 (w1)
740.1 done 4810000000000 4820000000000 (w2)
740.1 done 4820000000000 4830000000000 (w0)
740.2 done 4830000000000 4840000000000 (w1)
752.1 done 4840000000000 4850000000000 (w2)
752.1 done 4850000000000 4860000000000 (w0)
752.1 done 4860000000000 4870000000000 (w1)
764.3 done 4880000000000 4890000000000 (w0)
764.3 done 4870000000000 4880000000000 (w2)
764.4 done 4890000000000 4900000000000 (w1)
776.3 done 4900000000000 4910000000000 (w0)
776.3 done 4910000000000 4920000000000 (w2)
776.4 done 4920000000000 4930000000000 (w1)
788.6 done 4940000000000 4950000000000 (w2)
788.6 done 4930000000000 4940000000000 (w0)
788.7 done 4950000000000 4960000000000 (w1)
801.0 done 4970000000000 4980000000000 (w0)
801.1 done 4960000000000 4970000000000 (w2)
801.2 done 4980000000000 4990000000000 (w1)
813.1 done 4990000000000 5000000000000 (w0)
813.1 done 5000000000000 5010000000000 (w2)
813.2 done 5010000000000 5020000000000 (w1)
825.3 done 5030000000000 5040000000000 (w2)
825.3 done 5020000000000 5030000000000 (w0)
825.4 done 5040000000000 5050000000000 (w1)
837.3 done 5050000000000 5060000000000 (w2)
837.3 done 5060000000000 5070000000000 (w0)
837.4 done 5070000000000 5080000000000 (w1)
849.2 done 5090000000000 5100000000000 (w0)
849.3 done 5080000000000 5090000000000 (w2)
849.4 done 5100000000000 5110000000000 (w1)
861.5 done 5120000000000 5130000000000 (w2)
861.5 done 5110000000000 5120000000000 (w0)
861.6 done 5130000000000 5140000000000 (w1)
873.7 done 5140000000000 5150000000000 (w2)
873.7 done 5150000000000 5160000000000 (w0)
873.9 done 5160000000000 5170000000000 (w1)
885.8 done 5170000000000 5180000000000 (w2)
885.9 done 5180000000000 5190000000000 (w0)
886.0 done 5190000000000 5200000000000 (w1)
897.9 done 5210000000000 5220000000000 (w0)
897.9 done 5200000000000 5210000000000 (w2)
898.1 done 5220000000000 5230000000000 (w1)
910.2 done 5230000000000 5240000000000 (w0)
910.2 done 5240000000000 5250000000000 (w2)
910.4 done 5250000000000 5260000000000 (w1)
922.3 done 5260000000000 5270000000000 (w0)
922.3 done 5270000000000 5280000000000 (w2)
922.5 done 5280000000000 5290000000000 (w1)
934.2 done 5290000000000 5300000000000 (w0)
934.2 done 5300000000000 5310000000000 (w2)
934.4 done 5310000000000 5320000000000 (w1)
946.4 done 5320000000000 5330000000000 (w0)
946.4 done 5330000000000 5340000000000 (w2)
946.5 done 5340000000000 5350000000000 (w1)
958.2 done 5350000000000 5360000000000 (w0)
958.2 done 5360000000000 5370000000000 (w2)
958.4 done 5370000000000 5380000000000 (w1)
971.1 done 5380000000000 5390000000000 (w0)
971.1 done 5390000000000 5400000000000 (w2)
971.2 done 5400000000000 5410000000000 (w1)
983.4 done 5410000000000 5420000000000 (w0)
983.5 done 5420000000000 5430000000000 (w2)
983.6 done 5430000000000 5440000000000 (w1)
995.4 done 5440000000000 5450000000000 (w0)
995.4 done 5450000000000 5460000000000 (w2)
995.6 done 5460000000000 5470000000000 (w1)
1007.2 done 5470000000000 5480000000000 (w0)
1007.3 done 5480000000000 5490000000000 (w2)
1007.4 done 5490000000000 5500000000000 (w1)
1019.2 done 5500000000000 5510000000000 (w0)
1019.2 done 5510000000000 5520000000000 (w2)
1019.3 done 5520000000000 5530000000000 (w1)
1031.5 done 5530000000000 5540000000000 (w0)
1031.5 done 5540000000000 5550000000000 (w2)
1031.6 done 5550000000000 5560000000000 (w1)
1043.4 done 5560000000000 5570000000000 (w0)
1043.4 done 5570000000000 5580000000000 (w2)
1043.5 done 5580000000000 5590000000000 (w1)
1055.3 done 5590000000000 5600000000000 (w0)
1055.4 done 5600000000000 5610000000000 (w2)
1055.5 done 5610000000000 5620000000000 (w1)
1067.4 done 5620000000000 5630000000000 (w0)
1067.4 done 5630000000000 5640000000000 (w2)
1067.5 done 5640000000000 5650000000000 (w1)
1079.3 done 5650000000000 5660000000000 (w0)
1079.3 done 5660000000000 5670000000000 (w2)
1079.4 done 5670000000000 5680000000000 (w1)
1091.1 done 5680000000000 5690000000000 (w0)
1091.2 done 5690000000000 5700000000000 (w2)
1091.3 done 5700000000000 5710000000000 (w1)
1103.1 done 5710000000000 5720000000000 (w0)
1103.1 done 5720000000000 5730000000000 (w2)
1103.2 done 5730000000000 5740000000000 (w1)
1115.3 done 5750000000000 5760000000000 (w2)
1115.3 done 5740000000000 5750000000000 (w0)
1115.5 done 5760000000000 5770000000000 (w1)
1127.2 done 5770000000000 5780000000000 (w2)
1127.2 done 5780000000000 5790000000000 (w0)
1127.4 done 5790000000000 5800000000000 (w1)
1139.1 done 5800000000000 5810000000000 (w2)
1139.1 done 5810000000000 5820000000000 (w0)
1139.2 done 5820000000000 5830000000000 (w1)
1151.0 done 5840000000000 5850000000000 (w0)
1151.0 done 5830000000000 5840000000000 (w2)
1151.1 done 5850000000000 5860000000000 (w1)
1162.9 done 5860000000000 5870000000000 (w0)
1163.0 done 5870000000000 5880000000000 (w2)
1163.1 done 5880000000000 5890000000000 (w1)
1174.8 done 5890000000000 5900000000000 (w0)
1174.8 done 5900000000000 5910000000000 (w2)
1175.0 done 5910000000000 5920000000000 (w1)
1186.7 done 5930000000000 5940000000000 (w2)
1186.7 done 5920000000000 5930000000000 (w0)
1186.9 done 5940000000000 5950000000000 (w1)
1198.7 done 5950000000000 5960000000000 (w2)
1198.7 done 5960000000000 5970000000000 (w0)
1198.8 done 5970000000000 5980000000000 (w1)
1210.6 done 5980000000000 5990000000000 (w2)
1210.6 done 5990000000000 6000000000000 (w0)
1210.7 done 6000000000000 6010000000000 (w1)
1222.4 done 6010000000000 6020000000000 (w2)
1222.5 done 6020000000000 6030000000000 (w0)
1222.6 done 6030000000000 6040000000000 (w1)
1234.4 done 6040000000000 6050000000000 (w2)
1234.5 done 6050000000000 6060000000000 (w0)
1234.5 done 6060000000000 6070000000000 (w1)
1246.5 done 6070000000000 6080000000000 (w2)
1246.6 done 6080000000000 6090000000000 (w0)
1246.7 done 6090000000000 6100000000000 (w1)
1258.4 done 6100000000000 6110000000000 (w2)
1258.4 done 6110000000000 6120000000000 (w0)
1258.6 done 6120000000000 6130000000000 (w1)
1270.4 done 6140000000000 6150000000000 (w0)
1270.4 done 6130000000000 6140000000000 (w2)
1270.5 done 6150000000000 6160000000000 (w1)
1282.8 done 6160000000000 6170000000000 (w0)
1282.8 done 6170000000000 6180000000000 (w2)
1283.0 done 6180000000000 6190000000000 (w1)
1294.7 done 6200000000000 6210000000000 (w2)
1294.7 done 6190000000000 6200000000000 (w0)
1294.8 done 6210000000000 6220000000000 (w1)
1306.6 done 6220000000000 6230000000000 (w2)
1306.6 done 6230000000000 6240000000000 (w0)
1306.7 done 6240000000000 6250000000000 (w1)
1318.6 done 6250000000000 6260000000000 (w2)
1318.6 done 6260000000000 6270000000000 (w0)
1318.7 done 6270000000000 6280000000000 (w1)
1330.9 done 6280000000000 6290000000000 (w2)
1330.9 done 6290000000000 6300000000000 (w0)
1331.0 done 6300000000000 6310000000000 (w1)
1342.8 done 6310000000000 6320000000000 (w2)
1342.8 done 6320000000000 6330000000000 (w0)
1343.0 done 6330000000000 6340000000000 (w1)
1354.9 done 6340000000000 6350000000000 (w2)
1354.9 done 6350000000000 6360000000000 (w0)
1355.0 done 6360000000000 6370000000000 (w1)
1366.8 done 6370000000000 6380000000000 (w2)
1366.8 done 6380000000000 6390000000000 (w0)
1367.0 done 6390000000000 6400000000000 (w1)
1378.9 done 6400000000000 6410000000000 (w2)
1378.9 done 6410000000000 6420000000000 (w0)
1379.1 done 6420000000000 6430000000000 (w1)
1391.1 done 6430000000000 6440000000000 (w2)
1391.2 done 6440000000000 6450000000000 (w0)
1391.3 done 6450000000000 6460000000000 (w1)
1403.1 done 6460000000000 6470000000000 (w2)
1403.1 done 6470000000000 6480000000000 (w0)
1403.2 done 6480000000000 6490000000000 (w1)
1415.1 done 6490000000000 6500000000000 (w2)
1415.1 done 6500000000000 6510000000000 (w0)
1415.2 done 6510000000000 6520000000000 (w1)
1427.1 done 6520000000000 6530000000000 (w2)
1427.1 done 6530000000000 6540000000000 (w0)
1427.3 done 6540000000000 6550000000000 (w1)
1439.1 done 6550000000000 6560000000000 (w2)
1439.1 done 6560000000000 6570000000000 (w0)
1439.3 done 6570000000000 6580000000000 (w1)
1451.0 done 6580000000000 6590000000000 (w2)
1451.1 done 6590000000000 6600000000000 (w0)
1451.2 done 6600000000000 6610000000000 (w1)
1463.2 done 6610000000000 6620000000000 (w2)
1463.2 done 6620000000000 6630000000000 (w0)
1463.4 done 6630000000000 6640000000000 (w1)
1475.5 done 6640000000000 6650000000000 (w2)
1475.6 done 6650000000000 6660000000000 (w0)
1475.8 done 6660000000000 6670000000000 (w1)
1487.6 done 6670000000000 6680000000000 (w2)
1487.6 done 6680000000000 6690000000000 (w0)
1487.9 done 6690000000000 6700000000000 (w1)
1499.7 done 6700000000000 6710000000000 (w2)
1499.8 done 6710000000000 6720000000000 (w0)
1500.0 done 6720000000000 6730000000000 (w1)
1511.9 done 6730000000000 6740000000000 (w2)
1512.0 done 6740000000000 6750000000000 (w0)
1512.2 done 6750000000000 6760000000000 (w1)
1523.9 done 6760000000000 6770000000000 (w2)
1523.9 done 6770000000000 6780000000000 (w0)
1524.2 done 6780000000000 6790000000000 (w1)
1535.9 done 6790000000000 6800000000000 (w2)
1535.9 done 6800000000000 6810000000000 (w0)
1536.1 done 6810000000000 6820000000000 (w1)
1547.8 done 6820000000000 6830000000000 (w2)
1547.9 done 6830000000000 6840000000000 (w0)
1548.1 done 6840000000000 6850000000000 (w1)
1559.8 done 6850000000000 6860000000000 (w2)
1559.9 done 6860000000000 6870000000000 (w0)
1560.1 done 6870000000000 6880000000000 (w1)
1571.8 done 6880000000000 6890000000000 (w2)
1571.8 done 6890000000000 6900000000000 (w0)
1572.1 done 6900000000000 6910000000000 (w1)
1583.7 done 6910000000000 6920000000000 (w2)
1583.8 done 6920000000000 6930000000000 (w0)
1584.0 done 6930000000000 6940000000000 (w1)
1595.7 done 6940000000000 6950000000000 (w2)
1595.7 done 6950000000000 6960000000000 (w0)
1596.0 done 6960000000000 6970000000000 (w1)
1607.6 done 6970000000000 6980000000000 (w2)
1607.7 done 6980000000000 6990000000000 (w0)
1607.9 done 6990000000000 7000000000000 (w1)
1619.8 done 7000000000000 7010000000000 (w2)
1619.9 done 7010000000000 7020000000000 (w0)
1620.0 done 7020000000000 7030000000000 (w1)
1632.0 done 7030000000000 7040000000000 (w2)
1632.0 done 7040000000000 7050000000000 (w0)
1632.2 done 7050000000000 7060000000000 (w1)
1643.9 done 7060000000000 7070000000000 (w2)
1643.9 done 7070000000000 7080000000000 (w0)
1644.1 done 7080000000000 7090000000000 (w1)
1655.8 done 7090000000000 7100000000000 (w2)
1655.8 done 7100000000000 7110000000000 (w0)
1656.1 done 7110000000000 7120000000000 (w1)
1667.7 done 7120000000000 7130000000000 (w2)
1667.8 done 7130000000000 7140000000000 (w0)
1668.0 done 7140000000000 7150000000000 (w1)
1679.6 done 7150000000000 7160000000000 (w2)
1679.7 done 7160000000000 7170000000000 (w0)
1679.9 done 7170000000000 7180000000000 (w1)
1691.6 done 7180000000000 7190000000000 (w2)
1691.6 done 7190000000000 7200000000000 (w0)
1691.8 done 7200000000000 7210000000000 (w1)
1703.5 done 7210000000000 7220000000000 (w2)
1703.5 done 7220000000000 7230000000000 (w0)
1703.8 done 7230000000000 7240000000000 (w1)
1715.4 done 7240000000000 7250000000000 (w2)
1715.5 done 7250000000000 7260000000000 (w0)
1715.7 done 7260000000000 7270000000000 (w1)
1727.4 done 7270000000000 7280000000000 (w2)
1727.4 done 7280000000000 7290000000000 (w0)
1727.6 done 7290000000000 7300000000000 (w1)
1739.5 done 7300000000000 7310000000000 (w2)
1739.5 done 7310000000000 7320000000000 (w0)
1739.7 done 7320000000000 7330000000000 (w1)
1751.5 done 7340000000000 7350000000000 (w0)
1751.5 done 7330000000000 7340000000000 (w2)
1751.7 done 7350000000000 7360000000000 (w1)
1763.6 done 7370000000000 7380000000000 (w2)
1763.7 done 7360000000000 7370000000000 (w0)
1763.9 done 7380000000000 7390000000000 (w1)
1775.6 done 7390000000000 7400000000000 (w2)
1775.6 done 7400000000000 7410000000000 (w0)
1775.9 done 7410000000000 7420000000000 (w1)
1787.7 done 7420000000000 7430000000000 (w2)
1787.7 done 7430000000000 7440000000000 (w0)
1788.0 done 7440000000000 7450000000000 (w1)
1799.6 done 7450000000000 7460000000000 (w2)
1799.7 done 7460000000000 7470000000000 (w0)
1799.9 done 7470000000000 7480000000000 (w1)
1811.6 done 7480000000000 7490000000000 (w2)
1811.7 done 7490000000000 7500000000000 (w0)
1811.9 done 7500000000000 7510000000000 (w1)
1823.5 done 7510000000000 7520000000000 (w2)
1823.6 done 7520000000000 7530000000000 (w0)
1823.8 done 7530000000000 7540000000000 (w1)
1835.4 done 7540000000000 7550000000000 (w2)
1835.5 done 7550000000000 7560000000000 (w0)
1835.8 done 7560000000000 7570000000000 (w1)
1847.5 done 7570000000000 7580000000000 (w2)
1847.6 done 7580000000000 7590000000000 (w0)
1847.8 done 7590000000000 7600000000000 (w1)
1859.4 done 7600000000000 7610000000000 (w2)
1859.5 done 7610000000000 7620000000000 (w0)
1859.7 done 7620000000000 7630000000000 (w1)
1871.3 done 7630000000000 7640000000000 (w2)
1871.4 done 7640000000000 7650000000000 (w0)
1871.7 done 7650000000000 7660000000000 (w1)
1883.4 done 7660000000000 7670000000000 (w2)
1883.5 done 7670000000000 7680000000000 (w0)
1883.8 done 7680000000000 7690000000000 (w1)
1895.4 done 7690000000000 7700000000000 (w2)
1895.5 done 7700000000000 7710000000000 (w0)
1895.8 done 7710000000000 7720000000000 (w1)
1907.7 done 7720000000000 7730000000000 (w2)
1907.8 done 7730000000000 7740000000000 (w0)
1908.1 done 7740000000000 7750000000000 (w1)
1919.7 done 7750000000000 7760000000000 (w2)
1919.8 done 7760000000000 7770000000000 (w0)
1920.1 done 7770000000000 7780000000000 (w1)
1931.7 done 7780000000000 7790000000000 (w2)
1931.8 done 7790000000000 7800000000000 (w0)
1932.1 done 7800000000000 7810000000000 (w1)
1943.7 done 7810000000000 7820000000000 (w2)
1943.8 done 7820000000000 7830000000000 (w0)
1944.1 done 7830000000000 7840000000000 (w1)
1956.0 done 7840000000000 7850000000000 (w2)
1956.1 done 7850000000000 7860000000000 (w0)
1956.4 done 7860000000000 7870000000000 (w1)
1968.0 done 7870000000000 7880000000000 (w2)
1968.1 done 7880000000000 7890000000000 (w0)
1968.3 done 7890000000000 7900000000000 (w1)
1979.9 done 7900000000000 7910000000000 (w2)
1980.0 done 7910000000000 7920000000000 (w0)
1980.3 done 7920000000000 7930000000000 (w1)
1991.8 done 7930000000000 7940000000000 (w2)
1991.9 done 7940000000000 7950000000000 (w0)
1992.2 done 7950000000000 7960000000000 (w1)
2003.8 done 7960000000000 7970000000000 (w2)
2003.8 done 7970000000000 7980000000000 (w0)
2004.1 done 7980000000000 7990000000000 (w1)
2015.7 done 7990000000000 8000000000000 (w2)
2015.7 done 8000000000000 8010000000000 (w0)
2016.0 done 8010000000000 8020000000000 (w1)
2027.6 done 8020000000000 8030000000000 (w2)
2027.6 done 8030000000000 8040000000000 (w0)
2027.9 done 8040000000000 8050000000000 (w1)
2039.5 done 8050000000000 8060000000000 (w2)
2039.5 done 8060000000000 8070000000000 (w0)
2039.9 done 8070000000000 8080000000000 (w1)
2051.4 done 8080000000000 8090000000000 (w2)
2051.4 done 8090000000000 8100000000000 (w0)
2051.8 done 8100000000000 8110000000000 (w1)
2063.3 done 8110000000000 8120000000000 (w2)
2063.3 done 8120000000000 8130000000000 (w0)
2063.7 done 8130000000000 8140000000000 (w1)
2075.3 done 8150000000000 8160000000000 (w0)
2075.3 done 8140000000000 8150000000000 (w2)
2075.7 done 8160000000000 8170000000000 (w1)
2087.2 done 8170000000000 8180000000000 (w0)
2087.2 done 8180000000000 8190000000000 (w2)
2087.6 done 8190000000000 8200000000000 (w1)
2099.1 done 8200000000000 8210000000000 (w0)
2099.2 done 8210000000000 8220000000000 (w2)
2099.6 done 8220000000000 8230000000000 (w1)
2111.1 done 8230000000000 8240000000000 (w0)
2111.1 done 8240000000000 8250000000000 (w2)
2111.5 done 8250000000000 8260000000000 (w1)
2123.0 done 8260000000000 8270000000000 (w0)
2123.0 done 8270000000000 8280000000000 (w2)
2123.4 done 8280000000000 8290000000000 (w1)
2134.9 done 8290000000000 8300000000000 (w0)
2135.0 done 8300000000000 8310000000000 (w2)
2135.4 done 8310000000000 8320000000000 (w1)
2146.9 done 8320000000000 8330000000000 (w0)
2146.9 done 8330000000000 8340000000000 (w2)
2147.3 done 8340000000000 8350000000000 (w1)
2158.8 done 8350000000000 8360000000000 (w0)
2158.9 done 8360000000000 8370000000000 (w2)
2159.2 done 8370000000000 8380000000000 (w1)
2170.7 done 8380000000000 8390000000000 (w0)
2170.8 done 8390000000000 8400000000000 (w2)
2171.2 done 8400000000000 8410000000000 (w1)
2182.7 done 8410000000000 8420000000000 (w0)
2182.7 done 8420000000000 8430000000000 (w2)
2183.1 done 8430000000000 8440000000000 (w1)
2194.6 done 8440000000000 8450000000000 (w0)
2194.7 done 8450000000000 8460000000000 (w2)
2195.1 done 8460000000000 8470000000000 (w1)
2206.5 done 8470000000000 8480000000000 (w0)
2206.6 done 8480000000000 8490000000000 (w2)
2207.0 done 8490000000000 8500000000000 (w1)
2218.5 done 8500000000000 8510000000000 (w0)
2218.5 done 8510000000000 8520000000000 (w2)
2219.0 done 8520000000000 8530000000000 (w1)
2230.4 done 8530000000000 8540000000000 (w0)
2230.5 done 8540000000000 8550000000000 (w2)
2230.9 done 8550000000000 8560000000000 (w1)
2242.4 done 8560000000000 8570000000000 (w0)
2242.4 done 8570000000000 8580000000000 (w2)
2242.9 done 8580000000000 8590000000000 (w1)
2254.3 done 8590000000000 8600000000000 (w0)
2254.4 done 8600000000000 8610000000000 (w2)
2254.9 done 8610000000000 8620000000000 (w1)
2266.2 done 8620000000000 8630000000000 (w0)
2266.3 done 8630000000000 8640000000000 (w2)
2266.8 done 8640000000000 8650000000000 (w1)
2278.2 done 8650000000000 8660000000000 (w0)
2278.3 done 8660000000000 8670000000000 (w2)
2278.7 done 8670000000000 8680000000000 (w1)
2290.2 done 8680000000000 8690000000000 (w0)
2290.2 done 8690000000000 8700000000000 (w2)
2290.7 done 8700000000000 8710000000000 (w1)
2302.2 done 8710000000000 8720000000000 (w0)
2302.2 done 8720000000000 8730000000000 (w2)
2302.7 done 8730000000000 8740000000000 (w1)
2314.2 done 8740000000000 8750000000000 (w0)
2314.2 done 8750000000000 8760000000000 (w2)
2314.7 done 8760000000000 8770000000000 (w1)
2326.1 done 8770000000000 8780000000000 (w0)
2326.2 done 8780000000000 8790000000000 (w2)
2326.6 done 8790000000000 8800000000000 (w1)
2338.1 done 8800000000000 8810000000000 (w0)
2338.1 done 8810000000000 8820000000000 (w2)
2338.6 done 8820000000000 8830000000000 (w1)
2350.0 done 8830000000000 8840000000000 (w0)
2350.1 done 8840000000000 8850000000000 (w2)
2350.5 done 8850000000000 8860000000000 (w1)
2362.1 done 8860000000000 8870000000000 (w0)
2362.1 done 8870000000000 8880000000000 (w2)
2362.6 done 8880000000000 8890000000000 (w1)
2374.0 done 8890000000000 8900000000000 (w0)
2374.1 done 8900000000000 8910000000000 (w2)
2374.5 done 8910000000000 8920000000000 (w1)
2386.0 done 8920000000000 8930000000000 (w0)
2386.1 done 8930000000000 8940000000000 (w2)
2386.5 done 8940000000000 8950000000000 (w1)
2398.0 done 8950000000000 8960000000000 (w0)
2398.1 done 8960000000000 8970000000000 (w2)
2398.5 done 8970000000000 8980000000000 (w1)
2410.0 done 8980000000000 8990000000000 (w0)
2410.0 done 8990000000000 9000000000000 (w2)
2410.5 done 9000000000000 9010000000000 (w1)
2422.1 done 9010000000000 9020000000000 (w0)
2422.1 done 9020000000000 9030000000000 (w2)
2422.6 done 9030000000000 9040000000000 (w1)
2434.1 done 9040000000000 9050000000000 (w0)
2434.1 done 9050000000000 9060000000000 (w2)
2434.6 done 9060000000000 9070000000000 (w1)
2446.1 done 9070000000000 9080000000000 (w0)
2446.2 done 9080000000000 9090000000000 (w2)
2446.6 done 9090000000000 9100000000000 (w1)
2458.2 done 9100000000000 9110000000000 (w0)
2458.2 done 9110000000000 9120000000000 (w2)
2458.7 done 9120000000000 9130000000000 (w1)
2470.2 done 9130000000000 9140000000000 (w0)
2470.2 done 9140000000000 9150000000000 (w2)
2470.7 done 9150000000000 9160000000000 (w1)
2482.2 done 9160000000000 9170000000000 (w0)
2482.3 done 9170000000000 9180000000000 (w2)
2482.7 done 9180000000000 9190000000000 (w1)
2494.3 done 9200000000000 9210000000000 (w2)
2494.3 done 9190000000000 9200000000000 (w0)
2494.8 done 9210000000000 9220000000000 (w1)
2506.4 done 9220000000000 9230000000000 (w2)
2506.4 done 9230000000000 9240000000000 (w0)
2506.8 done 9240000000000 9250000000000 (w1)
2518.4 done 9250000000000 9260000000000 (w2)
2518.4 done 9260000000000 9270000000000 (w0)
2518.9 done 9270000000000 9280000000000 (w1)
2530.4 done 9280000000000 9290000000000 (w2)
2530.5 done 9290000000000 9300000000000 (w0)
2530.9 done 9300000000000 9310000000000 (w1)
2542.4 done 9310000000000 9320000000000 (w2)
2542.5 done 9320000000000 9330000000000 (w0)
2542.9 done 9330000000000 9340000000000 (w1)
2554.5 done 9340000000000 9350000000000 (w2)
2554.5 done 9350000000000 9360000000000 (w0)
2555.0 done 9360000000000 9370000000000 (w1)
2566.5 done 9370000000000 9380000000000 (w2)
2566.5 done 9380000000000 9390000000000 (w0)
2567.0 done 9390000000000 9400000000000 (w1)
2578.5 done 9400000000000 9410000000000 (w2)
2578.6 done 9410000000000 9420000000000 (w0)
2579.1 done 9420000000000 9430000000000 (w1)
2590.6 done 9430000000000 9440000000000 (w2)
2590.7 done 9440000000000 9450000000000 (w0)
2591.1 done 9450000000000 9460000000000 (w1)
2602.7 done 9460000000000 9470000000000 (w2)
2602.8 done 9470000000000 9480000000000 (w0)
2603.2 done 9480000000000 9490000000000 (w1)
2614.8 done 9490000000000 9500000000000 (w2)
2614.8 done 9500000000000 9510000000000 (w0)
2615.3 done 9510000000000 9520000000000 (w1)
2626.9 done 9520000000000 9530000000000 (w2)
2626.9 done 9530000000000 9540000000000 (w0)
2627.4 done 9540000000000 9550000000000 (w1)
2639.0 done 9550000000000 9560000000000 (w2)
2639.1 done 9560000000000 9570000000000 (w0)
2639.5 done 9570000000000 9580000000000 (w1)
2651.1 done 9580000000000 9590000000000 (w2)
2651.1 done 9590000000000 9600000000000 (w0)
2651.6 done 9600000000000 9610000000000 (w1)
2663.2 done 9620000000000 9630000000000 (w0)
2663.2 done 9610000000000 9620000000000 (w2)
2663.7 done 9630000000000 9640000000000 (w1)
2675.5 done 9640000000000 9650000000000 (w0)
2675.5 done 9650000000000 9660000000000 (w2)
2675.9 done 9660000000000 9670000000000 (w1)
2687.8 done 9670000000000 9680000000000 (w0)
2687.8 done 9680000000000 9690000000000 (w2)
2688.2 done 9690000000000 9700000000000 (w1)
2699.9 done 9700000000000 9710000000000 (w0)
2699.9 done 9710000000000 9720000000000 (w2)
2700.3 done 9720000000000 9730000000000 (w1)
2712.0 done 9740000000000 9750000000000 (w2)
2712.0 done 9730000000000 9740000000000 (w0)
2712.4 done 9750000000000 9760000000000 (w1)
2724.1 done 9760000000000 9770000000000 (w2)
2724.1 done 9770000000000 9780000000000 (w0)
2724.5 done 9780000000000 9790000000000 (w1)
2736.2 done 9800000000000 9810000000000 (w0)
2736.2 done 9790000000000 9800000000000 (w2)
2736.6 done 9810000000000 9820000000000 (w1)
2748.3 done 9820000000000 9830000000000 (w0)
2748.3 done 9830000000000 9840000000000 (w2)
2748.7 done 9840000000000 9850000000000 (w1)
2760.4 done 9850000000000 9860000000000 (w0)
2760.4 done 9860000000000 9870000000000 (w2)
2760.8 done 9870000000000 9880000000000 (w1)
2772.5 done 9880000000000 9890000000000 (w0)
2772.5 done 9890000000000 9900000000000 (w2)
2773.0 done 9900000000000 9910000000000 (w1)
2784.6 done 9910000000000 9920000000000 (w0)
2784.6 done 9920000000000 9930000000000 (w2)
2785.1 done 9930000000000 9940000000000 (w1)
2796.7 done 9940000000000 9950000000000 (w0)
2796.8 done 9950000000000 9960000000000 (w2)
2797.2 done 9960000000000 9970000000000 (w1)
2809.0 done 9970000000000 9980000000000 (w0)
2809.1 done 9980000000000 9990000000000 (w2)
2809.5 done 9990000000000 10000000000000 (w1)
2821.1 done 10000000000000 10010000000000 (w0)
2821.2 done 10010000000000 10020000000000 (w2)
2821.6 done 10020000000000 10030000000000 (w1)
2833.2 done 10030000000000 10040000000000 (w0)
2833.3 done 10040000000000 10050000000000 (w2)
2833.7 done 10050000000000 10060000000000 (w1)
2845.3 done 10060000000000 10070000000000 (w0)
2845.4 done 10070000000000 10080000000000 (w2)
2845.8 done 10080000000000 10090000000000 (w1)
2857.6 done 10090000000000 10100000000000 (w0)
2857.6 done 10100000000000 10110000000000 (w2)
2858.1 done 10110000000000 10120000000000 (w1)
2869.7 done 10120000000000 10130000000000 (w0)
2869.7 done 10130000000000 10140000000000 (w2)
2870.2 done 10140000000000 10150000000000 (w1)
2881.8 done 10150000000000 10160000000000 (w0)
2881.8 done 10160000000000 10170000000000 (w2)
2882.3 done 10170000000000 10180000000000 (w1)
2893.9 done 10180000000000 10190000000000 (w0)
2893.9 done 10190000000000 10200000000000 (w2)
2894.4 done 10200000000000 10210000000000 (w1)
2906.0 done 10210000000000 10220000000000 (w0)
2906.0 done 10220000000000 10230000000000 (w2)
2906.5 done 10230000000000 10240000000000 (w1)
2918.1 done 10240000000000 10250000000000 (w0)
2918.1 done 10250000000000 10260000000000 (w2)
2918.6 done 10260000000000 10270000000000 (w1)
2930.1 done 10270000000000 10280000000000 (w0)
2930.3 done 10280000000000 10290000000000 (w2)
2930.7 done 10290000000000 10300000000000 (w1)
2942.2 done 10300000000000 10310000000000 (w0)
2942.4 done 10310000000000 10320000000000 (w2)
2942.8 done 10320000000000 10330000000000 (w1)
2954.3 done 10330000000000 10340000000000 (w0)
2954.5 done 10340000000000 10350000000000 (w2)
2954.9 done 10350000000000 10360000000000 (w1)
2966.4 done 10360000000000 10370000000000 (w0)
2966.6 done 10370000000000 10380000000000 (w2)
2967.0 done 10380000000000 10390000000000 (w1)
2978.5 done 10390000000000 10400000000000 (w0)
2978.7 done 10400000000000 10410000000000 (w2)
2979.2 done 10410000000000 10420000000000 (w1)
2990.7 done 10420000000000 10430000000000 (w0)
2990.8 done 10430000000000 10440000000000 (w2)
2991.3 done 10440000000000 10450000000000 (w1)
3002.8 done 10450000000000 10460000000000 (w0)
3003.0 done 10460000000000 10470000000000 (w2)
3003.5 done 10470000000000 10480000000000 (w1)
3015.0 done 10480000000000 10490000000000 (w0)
3015.1 done 10490000000000 10500000000000 (w2)
3015.7 done 10500000000000 10510000000000 (w1)
3027.1 done 10510000000000 10520000000000 (w0)
3027.3 done 10520000000000 10530000000000 (w2)
3027.8 done 10530000000000 10540000000000 (w1)
3039.3 done 10540000000000 10550000000000 (w0)
3039.3 done 10550000000000 10560000000000 (w2)
3039.9 done 10560000000000 10570000000000 (w1)
3051.4 done 10570000000000 10580000000000 (w0)
3051.5 done 10580000000000 10590000000000 (w2)
3052.0 done 10590000000000 10600000000000 (w1)
3063.5 done 10600000000000 10610000000000 (w0)
3063.6 done 10610000000000 10620000000000 (w2)
3064.1 done 10620000000000 10630000000000 (w1)
3075.6 done 10630000000000 10640000000000 (w0)
3075.7 done 10640000000000 10650000000000 (w2)
3076.3 done 10650000000000 10660000000000 (w1)
3088.0 done 10660000000000 10670000000000 (w0)
3088.1 done 10670000000000 10680000000000 (w2)
3088.6 done 10680000000000 10690000000000 (w1)
3100.6 done 10690000000000 10700000000000 (w0)
3100.7 done 10700000000000 10710000000000 (w2)
3101.2 done 10710000000000 10720000000000 (w1)
3113.1 done 10720000000000 10730000000000 (w0)
3113.2 done 10730000000000 10740000000000 (w2)
3113.7 done 10740000000000 10750000000000 (w1)
3125.2 done 10750000000000 10760000000000 (w0)
3125.3 done 10760000000000 10770000000000 (w2)
3125.8 done 10770000000000 10780000000000 (w1)
3137.4 done 10780000000000 10790000000000 (w0)
3137.5 done 10790000000000 10800000000000 (w2)
3138.1 done 10800000000000 10810000000000 (w1)
3149.6 done 10810000000000 10820000000000 (w0)
3149.6 done 10820000000000 10830000000000 (w2)
3150.2 done 10830000000000 10840000000000 (w1)
3161.7 done 10840000000000 10850000000000 (w0)
3161.8 done 10850000000000 10860000000000 (w2)
3162.4 done 10860000000000 10870000000000 (w1)
3174.2 done 10870000000000 10880000000000 (w0)
3174.3 done 10880000000000 10890000000000 (w2)
3174.8 done 10890000000000 10900000000000 (w1)
3186.3 done 10900000000000 10910000000000 (w0)
3186.5 done 10910000000000 10920000000000 (w2)
3187.0 done 10920000000000 10930000000000 (w1)
3198.5 done 10930000000000 10940000000000 (w0)
3198.6 done 10940000000000 10950000000000 (w2)
3199.2 done 10950000000000 10960000000000 (w1)
3210.6 done 10960000000000 10970000000000 (w0)
3210.7 done 10970000000000 10980000000000 (w2)
3211.3 done 10980000000000 10990000000000 (w1)
3222.7 done 10990000000000 11000000000000 (w0)
3222.8 done 11000000000000 11010000000000 (w2)
3223.4 done 11010000000000 11020000000000 (w1)
3234.9 done 11020000000000 11030000000000 (w0)
3235.0 done 11030000000000 11040000000000 (w2)
3235.6 done 11040000000000 11050000000000 (w1)
3247.0 done 11050000000000 11060000000000 (w0)
3247.1 done 11060000000000 11070000000000 (w2)
3247.7 done 11070000000000 11080000000000 (w1)
3259.1 done 11080000000000 11090000000000 (w0)
3259.3 done 11090000000000 11100000000000 (w2)
3259.8 done 11100000000000 11110000000000 (w1)
3271.3 done 11110000000000 11120000000000 (w0)
3271.4 done 11120000000000 11130000000000 (w2)
3272.0 done 11130000000000 11140000000000 (w1)
3283.7 done 11140000000000 11150000000000 (w0)
3283.9 done 11150000000000 11160000000000 (w2)
3284.5 done 11160000000000 11170000000000 (w1)
3296.2 done 11170000000000 11180000000000 (w0)
3296.4 done 11180000000000 11190000000000 (w2)
3296.9 done 11190000000000 11200000000000 (w1)
3308.4 done 11200000000000 11210000000000 (w0)
3308.6 done 11210000000000 11220000000000 (w2)
3309.1 done 11220000000000 11230000000000 (w1)
3320.6 done 11230000000000 11240000000000 (w0)
3320.8 done 11240000000000 11250000000000 (w2)
3321.3 done 11250000000000 11260000000000 (w1)
3332.8 done 11260000000000 11270000000000 (w0)
3332.9 done 11270000000000 11280000000000 (w2)
3333.4 done 11280000000000 11290000000000 (w1)
3344.9 done 11290000000000 11300000000000 (w0)
3345.1 done 11300000000000 11310000000000 (w2)
3345.6 done 11310000000000 11320000000000 (w1)
3357.1 done 11320000000000 11330000000000 (w0)
3357.2 done 11330000000000 11340000000000 (w2)
3357.7 done 11340000000000 11350000000000 (w1)
3369.1 done 11350000000000 11360000000000 (w0)
3369.3 done 11360000000000 11370000000000 (w2)
3369.8 done 11370000000000 11380000000000 (w1)
3381.3 done 11380000000000 11390000000000 (w0)
3381.5 done 11390000000000 11400000000000 (w2)
3381.9 done 11400000000000 11410000000000 (w1)
3393.4 done 11410000000000 11420000000000 (w0)
3393.6 done 11420000000000 11430000000000 (w2)
3394.0 done 11430000000000 11440000000000 (w1)
3405.6 done 11440000000000 11450000000000 (w0)
3405.8 done 11450000000000 11460000000000 (w2)
3406.2 done 11460000000000 11470000000000 (w1)
3417.9 done 11470000000000 11480000000000 (w0)
3418.1 done 11480000000000 11490000000000 (w2)
3418.5 done 11490000000000 11500000000000 (w1)
3430.1 done 11500000000000 11510000000000 (w0)
3430.3 done 11510000000000 11520000000000 (w2)
