NONLOGCONCAVE k=28 par=0,1,2,3,4,5,4,7,4,9,4,11,3,13,14,13,16,13,18,13,20,2,22,1,24,25,26,27 q=1,1 seq=1,29,379,2965,15543,57857,157941,321580,491121,560074,469509,280544,113035,27639,3214,56,1
NONLOGCONCAVE k=28 par=0,1,2,3,4,5,4,7,4,9,4,11,3,13,14,13,16,13,18,13,20,2,22,1,24,25,26,27 q=1,2,1 seq=1,30,408,3344,18508,73400,215798,479521,812701,1051195,1029583,750053,393579,140674,30853,3270,57,1
NONLOGCONCAVE k=28 par=0,1,2,3,4,5,4,7,4,9,4,11,3,13,14,13,16,13,18,13,20,2,22,1,24,25,26,27 q=1,2 seq=1,30,407,3316,18157,70786,202869,434593,699688,842628,747029,472533,201590,52119,6373,111,2
NONLOGCONCAVE k=28 par=0,1,2,3,4,5,4,7,4,9,4,11,3,13,14,13,16,13,18,2,20,2,22,1,24,25,26,27 q=1,1 seq=1,29,379,2964,15523,57682,157056,318706,484839,550685,459999,274257,110546,27159,3194,56,1
NONLOGCONCAVE k=28 par=0,1,2,3,4,5,4,7,4,9,4,11,3,13,14,13,16,13,18,2,20,2,22,1,24,25,26,27 q=1,2,1 seq=1,30,408,3343,18487,73205,214738,475762,803545,1035524,1010684,734256,384803,137705,30353,3250,57,1
NONLOGCONCAVE k=28 par=0,1,2,3,4,5,4,7,4,9,4,11,3,13,14,13,16,13,18,2,20,2,22,1,24,25,26,27 q=1,2 seq=1,30,407,3315,18136,70592,201828,430990,691261,829102,732267,461988,197072,51179,6333,111,2
NONLOGCONCAVE k=28 par=0,1,2,3,4,3,6,3,8,3,10,2,12,13,12,15,12,17,12,19,1,21,22,23,22,25,1,27 q=1,1 seq=1,29,379,2966,15565,58069,159130,325918,501983,579190,493219,300896,124567,31528,3809,58,1
NONLOGCONCAVE k=28 par=0,1,2,3,4,3,6,3,8,3,10,2,12,13,12,15,12,17,12,19,1,21,22,23,22,25,1,27 q=1,2,1 seq=1,30,408,3345,18531,73634,217199,485048,827901,1081173,1072409,794115,425463,156095,35337,3867,59,1
NONLOGCONCAVE k=28 par=0,1,2,3,4,3,6,3,8,3,10,2,12,13,12,15,12,17,12,19,1,21,22,23,22,25,1,27 q=1,2 seq=1,30,407,3317,18180,71019,204249,439929,713890,869266,782333,505001,221358,59304,7561,115,2
NONLOGCONCAVE k=28 par=0,1,2,3,4,3,6,3,8,3,10,2,12,13,12,15,12,17,12,19,1,21,22,23,1,25,26,27 q=1,1 seq=1,29,379,2965,15543,57858,157958,321708,491681,561642,472421,284128,115851,28919,3470,56,1
NONLOGCONCAVE k=28 par=0,1,2,3,4,3,6,3,8,3,10,2,12,13,12,15,12,17,12,19,1,21,22,23,1,25,26,27 q=1,2,1 seq=1,30,408,3344,18508,73401,215816,479666,813389,1053323,1034063,756549,399979,144770,32389,3526,57,1
NONLOGCONCAVE k=28 par=0,1,2,3,4,3,6,3,8,3,10,2,12,13,12,15,12,17,12,19,1,21,22,23,1,25,26,27 q=1,2 seq=1,30,407,3316,18157,70787,202887,434737,700360,844644,751061,477909,206198,54423,6885,111,2
NONLOGCONCAVE k=28 par=0,1,2,3,4,3,6,3,8,3,10,2,12,13,12,15,12,17,12,19,1,21,22,23,1,25,1,27 q=1,1 seq=1,29,379,2967,15585,58250,160108,329422,510719,594646,512611,317792,134295,34856,4321,58,1
NONLOGCONCAVE k=28 par=0,1,2,3,4,3,6,3,8,3,10,2,12,13,12,15,12,17,12,19,1,21,22,23,1,25,1,27 q=1,2,1 seq=1,30,408,3346,18552,73835,218358,489530,840141,1105365,1107257,830403,452087,169151,39177,4379,59,1
NONLOGCONCAVE k=28 par=0,1,2,3,4,3,6,3,8,3,10,2,12,13,12,15,12,17,12,19,1,21,22,23,1,25,1,27 q=1,2 seq=1,30,407,3318,18201,71219,205389,444249,725314,890770,811133,531881,237998,65448,8585,115,2
NONLOGCONCAVE k=28 par=0,1,2,3,4,3,6,3,8,3,10,2,12,13,12,15,12,17,1,19,20,21,20,23,1,25,1,27 q=1,1 seq=1,29,379,2965,15545,57895,158260,323140,496049,570594,484893,295773,122810,31320,3838,60,1
NONLOGCONCAVE k=28 par=0,1,2,3,4,3,6,3,8,3,10,2,12,13,12,15,12,17,1,19,20,21,20,23,1,25,1,27 q=1,2,1 seq=1,30,408,3344,18510,73440,216155,481400,819189,1066643,1055487,780666,418583,154130,35158,3898,61,1
NONLOGCONCAVE k=28 par=0,1,2,3,4,3,6,3,8,3,10,2,12,13,12,15,12,17,1,19,20,21,20,23,1,25,1,27 q=1,2 seq=1,30,407,3316,18159,70826,203224,436436,705893,856799,769282,496277,218079,58861,7617,119,2
NONLOGCONCAVE k=28 par=0,1,2,3,4,3,6,3,8,3,10,2,12,13,12,15,12,17,1,19,20,21,1,23,24,25,1,27 q=1,1 seq=1,29,379,2964,15523,57684,157090,318956,485885,553439,464745,279622,114388,28743,3482,57,1
NONLOGCONCAVE k=28 par=0,1,2,3,4,3,6,3,8,3,10,2,12,13,12,15,12,17,1,19,20,21,1,23,24,25,1,27 q=1,2,1 seq=1,30,408,3343,18487,73207,214774,476046,804841,1039324,1018184,744367,394010,143131,32225,3539,58,1
NONLOGCONCAVE k=28 par=0,1,2,3,4,3,6,3,8,3,10,2,12,13,12,15,12,17,1,19,20,21,1,23,24,25,1,27 q=1,2 seq=1,30,407,3315,18136,70594,201864,431272,692525,832684,738939,470173,203459,54060,6908,113,2
NONLOGCONCAVE k=28 par=0,1,2,3,4,3,6,3,8,3,10,2,12,13,12,15,12,17,1,19,20,21,1,23,1,25,1,27 q=1,1 seq=1,29,379,2967,15585,58251,160124,329532,511149,595705,514322,319613,135534,35353,4417,62,1
NONLOGCONCAVE k=28 par=0,1,2,3,4,3,6,3,8,3,10,2,12,13,12,15,12,17,1,19,20,21,1,23,1,25,1,27 q=1,2,1 seq=1,30,408,3346,18552,73836,218375,489656,840681,1106854,1110027,833935,455147,170887,39770,4479,63,1
NONLOGCONCAVE k=28 par=0,1,2,3,4,3,6,3,8,3,10,2,12,13,12,15,12,17,1,19,20,21,1,23,1,25,1,27 q=1,2 seq=1,30,407,3318,18201,71220,205406,444374,725839,892164,813568,534689,240071,66350,8773,123,2
NONLOGCONCAVE k=28 par=0,1,2,3,4,3,6,3,8,3,10,2,12,13,12,15,12,17,1,19,20,19,1,23,1,25,1,27 q=1,1 seq=1,29,379,2968,15605,58427,161028,332559,518121,607032,527379,330172,141337,37388,4820,97,2
NONLOGCONCAVE k=28 par=0,1,2,3,4,3,6,3,8,3,10,2,12,13,12,15,12,17,1,19,20,19,1,23,1,25,1,27 q=1,2,1 seq=1,30,408,3347,18573,74032,219455,493587,850680,1125153,1134411,857551,471509,178725,42208,4917,99,2
NONLOGCONCAVE k=28 par=0,1,2,3,4,3,6,3,8,3,10,2,12,13,12,15,12,17,1,19,20,19,1,23,1,25,1,27 q=1,2 seq=1,30,407,3319,18222,71415,206467,448148,735091,908183,833260,551670,250011,70051,9545,192,4
