c ---- [ banner ] ------------------------------------------------------------
c
c Kissat SAT Solver
c 
c Copyright (c) 2021-2024 Armin Biere University of Freiburg
c Copyright (c) 2019-2021 Armin Biere Johannes Kepler University Linz
c 
c Version 4.0.4 unknown
c Apple clang version 17.0.0 (clang-1700.3.19.1) -W -Wall -O3 -DNDEBUG
c Thu Oct 16 20:09:41 UTC 2025 Darwin Tahoe-arm64.local 25.0.0 arm64
c
c ---- [ parsing ] -----------------------------------------------------------
c
c opened and reading DIMACS file:
c
c   cnf/k3_m3_B23532.cnf
c
c parsed 'p cnf 70602 305930' header
c closing input after reading 5407351 bytes (5 MB)
c finished parsing after 0.04 seconds
c
c ---- [ solving ] -----------------------------------------------------------
c
c seconds switched rate     size/glue tier1  binary           remaining
c        MB reductions conflicts size  tier2     irredundant
c         level restarts redundant glue  trail           variables
c
c *  0.04 40 0 0 0  0 0   0   0 0.0 0 0 0 0 0% 70708 235218 70598 100%
c (  0.05 45 0 0 0  0 0   0   0 0.0 0 0 0 0 0% 70708 235218 70598 100%
c .  0.05 45 0 0 0  0 0   0   0 0.0 0 0 0 0 0% 70706 199918 70598 100%
c c  0.09 62 0 0 0  0 0   0   0 0.0 0 0 0 0 0% 70732 199916 70597 100%
c d  0.10 62 0 0 0  0 0   0   0 0.0 0 0 0 0 0% 70730 199910 70595 100%
c )  0.22 68 0 0 0  0 0   0   0 0.0 0 0 0 0 0% 70727 199910 70595 100%
c {  0.23 68 0 0 0  0 0   0   0 0.0 0 0 2 6 0% 70727 199910 70595 100%
c i  0.23 68 1037 0 0  0 172  18  11 1.7 4 2 2 6 9% 70729 199910 70592 100%
c i  0.31 76 41 0 0 32 7 557 368 1.5 7 5 5 7 13% 70732 199910 70589 100%
c i  0.36 76 34 0 0 153 6 854 583 1.4 8 5 5 7 14% 70733 199910 70586 100%
c -  0.38 77 30 0 1 160 6 1000 611 1.4 7 5 5 7 13% 70715 199910 70586 100%
c }  0.38 77 30 1 1 160 6 1000 611 1.4 7 5 5 7 13% 70715 199910 70586 100%
c [  0.38 77 0 1 1 160 0 1000 611 0.0 0 0 2 6 0% 70715 199910 70586 100%
c B  0.38 77 1415 1 1 160 1414 1001 611 2.0 2 1 2 6 5% 70716 199910 70586 100%
c i  0.41 77 74 1 1 160 9 1257 849 1.8 11 6 2 6 9% 70718 199910 70583 100%
c i  0.48 77 33 1 1 160 4 1655 1050 1.6 9 5 4 7 13% 70725 199910 70515 100%
c i  0.49 77 28 1 1 160 4 1780 1125 1.7 8 5 4 7 13% 70732 199910 70514 100%
c i  0.49 77 28 1 1 160 4 1783 1127 1.7 8 5 4 7 13% 70732 199910 70484 100%
c i  0.54 77 25 1 1 160 3 1911 1213 1.7 8 5 4 7 13% 70738 199910 70483 100%
c -  0.55 77 23 1 2 160 3 2001 194 1.7 8 5 3 6 13% 70601 199910 70483 100%
c
c seconds  switched  rate      size/glue tier1   binary           remaining
c        MB reductions conflicts    size  tier2      irredundant
c         level restarts   redundant  glue   trail           variables
c
c W  0.57 77 23 1 2 160 3 2002 195 1.7 8 5 3 6 13% 70601 147901 70483 100%
c i  0.58 77 23 1 2 161 3 2046 220 1.7 8 5 3 6 13% 70603 147901 69814 99%
c ]  0.58 77 22 2 2 161 3 2050 224 1.7 8 5 3 6 13% 70603 147901 69814 99%
c {  0.58 77 30 2 2 161 6 2050 224 1.4 7 5 5 7 13% 70603 147901 69814 99%
c i  0.59 77 28 2 2 161 5 2147 289 1.5 7 5 5 7 13% 70609 147901 69417 98%
c i  0.59 77 28 2 2 161 5 2160 297 1.5 7 5 5 7 13% 70611 147901 69416 98%
c i  0.59 77 27 2 2 161 5 2164 298 1.5 7 5 5 7 13% 70612 147901 69379 98%
c i  0.59 77 27 2 2 161 5 2171 302 1.5 7 5 5 7 13% 70614 147901 69377 98%
c i  0.59 77 27 2 2 161 5 2178 302 1.5 7 5 5 7 13% 70618 147901 63481 90%
c }  0.59 77 27 2 2 161 5 2180 302 1.5 7 5 5 7 13% 70618 147901 60698 86%
c 0  0.59 77 27 2 2 161 5 2180 302 1.5 7 5 5 7 13% 70618 147901 60698 86%
c
c ---- [ result ] ------------------------------------------------------------
c
s UNSATISFIABLE
c
c ---- [ profiling ] ---------------------------------------------------------
c
c           0.35   59.04 %  search
c           0.18   30.71 %  stable
c           0.17   29.24 %  preprocess
c           0.17   28.32 %  focused
c           0.17   28.22 %  probe
c           0.09   15.15 %  factor
c           0.04    7.25 %  congruence
c           0.04    6.50 %  parse
c           0.02    3.29 %  sweep
c           0.02    2.70 %  simplify
c           0.02    2.70 %  walking
c           0.01    2.49 %  lucky
c           0.01    2.40 %  substitute
c           0.01    0.86 %  reduce
c           0.00    0.14 %  backbone
c =============================================
c           0.59  100.00 %  total
c
c ---- [ statistics ] --------------------------------------------------------
c
c chronological:                           19                1 %  conflicts
c conflicts:                             2180             3658.79 per second
c congruent:                                1                0 %  variables
c decisions:                             9048                4.15 per conflict
c iterations:                              15                0 %  variables
c propagations:                      10644917         17865845    per second
c reductions:                               2             1090    interval
c rephased:                                 2             1090    interval
c restarts:                               161               14    interval
c substituted:                              3                0 %  variables
c switched:                                 2             1090    interval
c walks:                                    1             2180    interval
c
c ---- [ glue usage ] --------------------------------------------------------
c
c focused glue 4 used 328 clauses 24.46% accumulated 53.02% tier1
c focused glue 5 used 265 clauses 19.76% accumulated 72.78%
c focused glue 6 used 166 clauses 12.38% accumulated 85.16%
c focused glue 7 used 102 clauses  7.61% accumulated 92.77% tier2
c
c stable glue 3 used 368 clauses 22.55% accumulated 51.10% tier1
c stable glue 4 used 311 clauses 19.06% accumulated 70.16%
c stable glue 5 used 205 clauses 12.56% accumulated 82.72%
c stable glue 6 used 131 clauses  8.03% accumulated 90.75% tier2
c
c ---- [ resources ] ---------------------------------------------------------
c
c maximum-resident-set-size:      82778783744 bytes      78944 MB
c process-time:                             1s               0.59 seconds
c
c ---- [ shutting down ] -----------------------------------------------------
c
c exit 20
kissat cnf/k3_m3_B23532.cnf  0.58s user 0.02s system 56% cpu 1.051 total
