c ---- [ banner ] ------------------------------------------------------------
c
c Kissat SAT Solver
c 
c Copyright (c) 2021-2024 Armin Biere University of Freiburg
c Copyright (c) 2019-2021 Armin Biere Johannes Kepler University Linz
c 
c Version 4.0.4 unknown
c Apple clang version 17.0.0 (clang-1700.3.19.1) -W -Wall -O3 -DNDEBUG
c Thu Oct 16 20:09:41 UTC 2025 Darwin Tahoe-arm64.local 25.0.0 arm64
c
c ---- [ parsing ] -----------------------------------------------------------
c
c opened and reading DIMACS file:
c
c   cnf/k7_m3_B400000.cnf
c
c parsed 'p cnf 2800014 27140943' header
c closing input after reading 580195461 bytes (553 MB)
c finished parsing after 3.02 seconds
c
c ---- [ solving ] -----------------------------------------------------------
c
c seconds   switched rate     size/glue tier1    binary               remaining
c          MB reductions conflicts size  tier2        irredundant
c           level restarts redundant glue  trail                variables
c
c *  3.02 1915 0 0 0  0 0   0   0 0.0 0 0 0 0 0% 8400827 18740104 2800002 100%
c lucky in forward setting literals to false
c l  3.49 2518 0 0 0  0 0   0   0 0.0 0 0 0 0 0% 8400827 18740104 2800002 100%
c 1  3.49 2518 0 0 0  0 0   0   0 0.0 0 0 0 0 0% 8400827 18740104 2800002 100%
c
c ---- [ result ] ------------------------------------------------------------
c
s SATISFIABLE
c
c ---- [ profiling ] ---------------------------------------------------------
c
c           3.02   73.33 %  parse
c           0.47   11.45 %  lucky
c           0.00    0.00 %  search
c           0.00    0.00 %  simplify
c =============================================
c           4.11  100.00 %  total
c
c ---- [ statistics ] --------------------------------------------------------
c
c conflicts:                                0                0.00 per second
c decisions:                                0                0.00 per conflict
c propagations:                       2800014           680577    per second
c switched:                                 0                0    interval
c
c ---- [ glue usage ] --------------------------------------------------------
c
c no clauses used at all
c
c ---- [ resources ] ---------------------------------------------------------
c
c maximum-resident-set-size:     2703698690048 bytes    2578448 MB
c process-time:                             4s               4.11 seconds
c
c ---- [ shutting down ] -----------------------------------------------------
c
c exit 10
kissat cnf/k7_m3_B400000.cnf  3.62s user 0.52s system 77% cpu 5.359 total
exit=10
