c ---- [ banner ] ------------------------------------------------------------
c
c Kissat SAT Solver
c 
c Copyright (c) 2021-2024 Armin Biere University of Freiburg
c Copyright (c) 2019-2021 Armin Biere Johannes Kepler University Linz
c 
c Version 4.0.4 unknown
c Apple clang version 17.0.0 (clang-1700.3.19.1) -W -Wall -O3 -DNDEBUG
c Thu Oct 16 20:09:41 UTC 2025 Darwin Tahoe-arm64.local 25.0.0 arm64
c
c ---- [ parsing ] -----------------------------------------------------------
c
c opened and reading DIMACS file:
c
c   cnf/k5_m3_B5000000.cnf
c
c parsed 'p cnf 25000010 176287219' header
c closing input after reading 4115369562 bytes (4 GB)
c finished parsing after 22.34 seconds
c
c ---- [ solving ] -----------------------------------------------------------
c
c seconds   switched rate     size/glue tier1     binary                 remaining
c          MB reductions conflicts size  tier2          irredundant
c           level restarts redundant glue  trail                  variables
c
c * 22.34 6328 0 0 0  0 0   0   0 0.0 0 0 0 0 0% 50001666 126285545 25000002 100%
c lucky in forward setting literals to true
c l 32.21 7968 0 0 0  0 0   0   0 0.0 0 0 0 0 0% 50001666 126285545 25000002 100%
c 1 32.21 7968 0 0 0  0 0   0   0 0.0 0 0 0 0 0% 50001666 126285545 25000002 100%
c
c ---- [ result ] ------------------------------------------------------------
c
s SATISFIABLE
c
c ---- [ profiling ] ---------------------------------------------------------
c
c          22.34   58.88 %  parse
c           9.87   26.02 %  lucky
c           0.00    0.00 %  search
c           0.00    0.00 %  simplify
c =============================================
c          37.94  100.00 %  total
c
c ---- [ statistics ] --------------------------------------------------------
c
c conflicts:                                0                0.00 per second
c decisions:                                0                0.00 per conflict
c propagations:                      27979785           737351    per second
c switched:                                 0                0    interval
c
c ---- [ glue usage ] --------------------------------------------------------
c
c no clauses used at all
c
c ---- [ resources ] ---------------------------------------------------------
c
c maximum-resident-set-size:     8555608408064 bytes    8159264 MB
c process-time:                            38s              37.94 seconds
c
c ---- [ shutting down ] -----------------------------------------------------
c
c exit 10
kissat cnf/k5_m3_B5000000.cnf  30.71s user 7.48s system 78% cpu 48.548 total
exit=10
