c ---- [ banner ] ------------------------------------------------------------
c
c Kissat SAT Solver
c 
c Copyright (c) 2021-2024 Armin Biere University of Freiburg
c Copyright (c) 2019-2021 Armin Biere Johannes Kepler University Linz
c 
c Version 4.0.4 unknown
c Apple clang version 17.0.0 (clang-1700.3.19.1) -W -Wall -O3 -DNDEBUG
c Thu Oct 16 20:09:41 UTC 2025 Darwin Tahoe-arm64.local 25.0.0 arm64
c
c ---- [ parsing ] -----------------------------------------------------------
c
c opened and reading DIMACS file:
c
c   cnf/k7_m3_B1600000.cnf
c
c parsed 'p cnf 11200014 109264860' header
c closing input after reading 2444841178 bytes (2 GB)
c finished parsing after 12.47 seconds
c
c ---- [ solving ] -----------------------------------------------------------
c
c seconds   switched rate     size/glue tier1     binary                remaining
c          MB reductions conflicts size  tier2         irredundant
c           level restarts redundant glue  trail                 variables
c
c * 12.47 4240 0 0 0  0 0   0   0 0.0 0 0 0 0 0% 33601457 75663391 11200002 100%
c lucky in forward setting literals to false
c l 14.65 5186 0 0 0  0 0   0   0 0.0 0 0 0 0 0% 33601457 75663391 11200002 100%
c 1 14.65 5186 0 0 0  0 0   0   0 0.0 0 0 0 0 0% 33601457 75663391 11200002 100%
c
c ---- [ result ] ------------------------------------------------------------
c
s SATISFIABLE
c
c ---- [ profiling ] ---------------------------------------------------------
c
c          12.47   71.82 %  parse
c           2.19   12.61 %  lucky
c           0.00    0.00 %  search
c           0.00    0.00 %  simplify
c =============================================
c          17.36  100.00 %  total
c
c ---- [ statistics ] --------------------------------------------------------
c
c conflicts:                                0                0.00 per second
c decisions:                                0                0.00 per conflict
c propagations:                      11200014           645149    per second
c switched:                                 0                0    interval
c
c ---- [ glue usage ] --------------------------------------------------------
c
c no clauses used at all
c
c ---- [ resources ] ---------------------------------------------------------
c
c maximum-resident-set-size:     6738837241856 bytes    6426656 MB
c process-time:                            17s              17.36 seconds
c
c ---- [ shutting down ] -----------------------------------------------------
c
c exit 10
kissat cnf/k7_m3_B1600000.cnf  15.27s user 2.17s system 71% cpu 24.398 total
exit=10
