REC 3 2 7 6
REC 3 3 7 6
REC 3 2 13 12
REC 3 3 13 12
REC 3 3 19 18
REC 3 3 31 29
REC 3 3 37 36
REC 3 3 43 41
REC 3 3 61 60
REC 3 3 67 66
REC 3 2 79 14
REC 3 3 79 78
REC 3 2 97 18
REC 3 3 127 125
REC 3 2 139 33
REC 3 3 283 281
REC 3 2 2161 36
REC 3 2 7237 52
REC 3 3 55333 313
REC 3 2 220807 66
REC 3 3 273289 317
REC 3 3 454063 342
CKPT 3 3 1000001 342 454063 39231
REC 3 2 1283383 70
CKPT 3 3 2000001 342 454063 74412
REC 3 3 2546683 360
CKPT 3 3 3000001 360 2546683 108339
REC 3 3 3172357 432
CKPT 3 3 4000001 432 3172357 141448
CKPT 3 3 5000001 432 3172357 174190
CKPT 3 3 6000001 432 3172357 206345
REC 3 3 6851821 549
CKPT 3 3 7000001 549 6851821 238209
CKPT 3 3 8000001 549 6851821 269776
CKPT 3 3 9000001 549 6851821 301137
REC 3 2 9117553 76
CKPT 3 3 10000001 549 6851821 332194
CKPT 3 3 11000001 549 6851821 363181
CKPT 3 3 12000001 549 6851821 393908
CKPT 3 3 13000001 549 6851821 424467
REC 3 2 13817029 77
CKPT 3 3 14000001 549 6851821 454905
CKPT 3 3 15000001 549 6851821 485199
CKPT 3 3 16000001 549 6851821 515381
CKPT 3 3 17000001 549 6851821 545531
CKPT 3 3 18000001 549 6851821 575566
CKPT 3 3 19000001 549 6851821 605371
CKPT 3 3 20000001 549 6851821 635126
CKPT 3 3 21000001 549 6851821 664821
CKPT 3 3 22000001 549 6851821 694474
CKPT 3 3 23000001 549 6851821 723919
CKPT 3 3 24000001 549 6851821 753349
CKPT 3 3 25000001 549 6851821 782858
CKPT 3 3 26000001 549 6851821 812150
CKPT 3 3 27000001 549 6851821 841398
CKPT 3 3 28000001 549 6851821 870620
CKPT 3 3 29000001 549 6851821 899735
CKPT 3 3 30000001 549 6851821 928740
CKPT 3 3 31000001 549 6851821 957762
CKPT 3 3 32000001 549 6851821 986622
CKPT 3 3 33000001 549 6851821 1015546
CKPT 3 3 34000001 549 6851821 1044448
CKPT 3 3 35000001 549 6851821 1073096
CKPT 3 3 36000001 549 6851821 1101828
CKPT 3 3 37000001 549 6851821 1130566
CKPT 3 3 38000001 549 6851821 1159263
CKPT 3 3 39000001 549 6851821 1188004
CKPT 3 3 40000001 549 6851821 1216595
CKPT 3 3 41000001 549 6851821 1245161
CKPT 3 3 42000001 549 6851821 1273545
CKPT 3 3 43000001 549 6851821 1302051
CKPT 3 3 44000001 549 6851821 1330424
CKPT 3 3 45000001 549 6851821 1358814
CKPT 3 3 46000001 549 6851821 1387289
CKPT 3 3 47000001 549 6851821 1415656
CKPT 3 3 48000001 549 6851821 1443868
CKPT 3 3 49000001 549 6851821 1472162
CKPT 3 3 50000001 549 6851821 1500480
CKPT 3 3 51000001 549 6851821 1528620
CKPT 3 3 52000001 549 6851821 1556787
CKPT 3 3 53000001 549 6851821 1584915
CKPT 3 3 54000001 549 6851821 1612942
CKPT 3 3 55000001 549 6851821 1640870
CKPT 3 3 56000001 549 6851821 1668917
CKPT 3 3 57000001 549 6851821 1696966
CKPT 3 3 58000001 549 6851821 1724931
CKPT 3 3 59000001 549 6851821 1752952
CKPT 3 3 60000001 549 6851821 1780875
CKPT 3 3 61000001 549 6851821 1808829
CKPT 3 3 62000001 549 6851821 1836589
CKPT 3 3 63000001 549 6851821 1864456
CKPT 3 3 64000001 549 6851821 1892318
CKPT 3 3 65000001 549 6851821 1919964
CKPT 3 3 66000001 549 6851821 1947646
CKPT 3 3 67000001 549 6851821 1975448
CKPT 3 3 68000001 549 6851821 2003249
CKPT 3 3 69000001 549 6851821 2030974
CKPT 3 3 70000001 549 6851821 2058694
CKPT 3 3 71000001 549 6851821 2086399
CKPT 3 3 72000001 549 6851821 2113957
CKPT 3 3 73000001 549 6851821 2141602
CKPT 3 3 74000001 549 6851821 2169199
CKPT 3 3 75000001 549 6851821 2196834
CKPT 3 3 76000001 549 6851821 2224549
CKPT 3 3 77000001 549 6851821 2251981
CKPT 3 3 78000001 549 6851821 2279526
CKPT 3 3 79000001 549 6851821 2306941
CKPT 3 3 80000001 549 6851821 2334359
CKPT 3 3 81000001 549 6851821 2361890
CKPT 3 3 82000001 549 6851821 2389409
CKPT 3 3 83000001 549 6851821 2416776
CKPT 3 3 84000001 549 6851821 2444189
CKPT 3 3 85000001 549 6851821 2471604
CKPT 3 3 86000001 549 6851821 2498953
CKPT 3 3 87000001 549 6851821 2526334
CKPT 3 3 88000001 549 6851821 2553685
CKPT 3 3 89000001 549 6851821 2581004
CKPT 3 3 90000001 549 6851821 2608203
CKPT 3 3 91000001 549 6851821 2635499
CKPT 3 3 92000001 549 6851821 2662905
CKPT 3 3 93000001 549 6851821 2690101
CKPT 3 3 94000001 549 6851821 2717287
CKPT 3 3 95000001 549 6851821 2744649
CKPT 3 3 96000001 549 6851821 2771873
CKPT 3 3 97000001 549 6851821 2798977
CKPT 3 3 98000001 549 6851821 2826245
CKPT 3 3 99000001 549 6851821 2853364
CKPT 3 3 100000000 549 6851821 2880517
TOP 3 2 77 13817029
TOP 3 2 77 16199101
TOP 3 2 77 16358341
TOP 3 2 77 18297619
TOP 3 2 77 36446701
TOP 3 2 77 47443939
TOP 3 2 77 47884477
TOP 3 2 77 54270301
TOP 3 2 77 57931201
TOP 3 2 77 71201269
TOP 3 2 77 72945667
TOP 3 2 77 88116673
TOP 3 2 77 89364397
TOP 3 2 77 92644249
TOP 3 2 77 95562871
TOP 3 2 77 98867617
TOP 3 2 77 98967949
TOP 3 2 76 9117553
TOP 3 2 76 9354427
TOP 3 2 76 11518681
TOP 3 2 76 13259941
TOP 3 2 76 24797911
TOP 3 2 76 24958603
TOP 3 2 76 25695829
TOP 3 2 76 27315733
TOP 3 2 76 30738973
TOP 3 2 76 44906929
TOP 3 2 76 45261427
TOP 3 2 76 45741541
TOP 3 2 76 49453171
TOP 3 2 76 52526713
TOP 3 2 76 52544497
TOP 3 2 76 53001463
TOP 3 2 76 53172403
TOP 3 2 76 53673817
TOP 3 2 76 56069971
TOP 3 2 76 59469121
TOP 3 2 76 60729829
TOP 3 2 76 68015557
TOP 3 2 76 68589613
HIST 3 2 0 959802
HIST 3 2 2 782254
HIST 3 2 3 829656
HIST 3 2 4 292246
HIST 3 2 5 16410
HIST 3 2 6 149
SUM 3 2 2 100000000 2880517 2880938 77 13817029 20828824
TOP 3 3 549 6851821
TOP 3 3 535 11747551
TOP 3 3 529 10653259
TOP 3 3 517 70243843
TOP 3 3 515 53994013
TOP 3 3 504 15881407
TOP 3 3 493 53854609
TOP 3 3 461 48085993
TOP 3 3 456 52784197
TOP 3 3 456 55816459
TOP 3 3 455 78530677
TOP 3 3 454 97000411
TOP 3 3 444 32707663
TOP 3 3 435 7837759
TOP 3 3 432 3172357
TOP 3 3 432 47345647
TOP 3 3 432 80367901
TOP 3 3 432 83555809
TOP 3 3 431 20199799
TOP 3 3 431 67995643
TOP 3 3 430 14844079
TOP 3 3 427 29881939
TOP 3 3 427 31328449
TOP 3 3 425 29118907
TOP 3 3 425 36146107
TOP 3 3 424 68818933
TOP 3 3 421 38658001
TOP 3 3 417 93334939
TOP 3 3 412 64568113
TOP 3 3 412 82384051
TOP 3 3 411 85444441
TOP 3 3 409 77525953
TOP 3 3 408 52071403
TOP 3 3 407 29699287
TOP 3 3 406 52455859
TOP 3 3 402 32624791
TOP 3 3 401 65052577
TOP 3 3 400 46459117
TOP 3 3 400 59600071
TOP 3 3 397 32702377
HIST 3 3 0 319833
HIST 3 3 2 427148
HIST 3 3 3 474243
HIST 3 3 4 771382
HIST 3 3 5 548452
HIST 3 3 6 296627
HIST 3 3 7 41440
HIST 3 3 8 1387
HIST 3 3 9 5
SUM 3 3 2 100000000 2880517 2880938 549 6851821 85867516
./src/scan_residues 3 3 2 100000000  27.24s user 0.08s system 60% cpu 44.907 total
