REC 5 2 11 10
REC 5 3 11 10
REC 5 3 31 30
REC 5 2 41 40
REC 5 3 41 40
REC 5 3 61 60
REC 5 2 71 70
REC 5 3 71 70
REC 5 2 101 100
REC 5 3 101 100
REC 5 3 131 130
REC 5 3 151 149
REC 5 3 181 180
REC 5 3 251 249
REC 5 3 311 310
REC 5 3 401 400
REC 5 3 491 490
REC 5 3 541 540
REC 5 3 571 569
REC 5 3 601 600
REC 5 3 631 630
REC 5 3 701 700
REC 5 3 761 760
REC 5 3 941 940
REC 5 3 971 969
REC 5 3 1531 1530
REC 5 3 1811 1809
REC 5 3 2311 2310
REC 5 3 2411 2409
REC 5 3 2731 2729
REC 5 3 3331 3329
REC 5 2 5081 130
REC 5 2 7561 136
REC 5 2 13901 161
REC 5 2 38281 223
REC 5 2 87251 243
CKPT 5 3 1000001 3329 3331 19617
REC 5 2 1372771 253
CKPT 5 3 2000001 3329 3331 37188
CKPT 5 3 3000001 3329 3331 54175
CKPT 5 3 4000001 3329 3331 70779
CKPT 5 3 5000001 3329 3331 87062
CKPT 5 3 6000001 3329 3331 103153
CKPT 5 3 7000001 3329 3331 119109
CKPT 5 3 8000001 3329 3331 134912
CKPT 5 3 9000001 3329 3331 150604
CKPT 5 3 10000000 3329 3331 166104
TOP 5 2 253 1372771
TOP 5 2 253 2392001
TOP 5 2 243 87251
TOP 5 2 243 1291931
TOP 5 2 242 6021511
TOP 5 2 241 7077691
TOP 5 2 239 5844581
TOP 5 2 236 2832331
TOP 5 2 234 9164531
TOP 5 2 233 1750591
TOP 5 2 233 6430841
TOP 5 2 233 9522001
TOP 5 2 231 3719461
TOP 5 2 230 7206391
TOP 5 2 229 212501
TOP 5 2 227 2386061
TOP 5 2 225 1909381
TOP 5 2 225 5309441
TOP 5 2 225 9465271
TOP 5 2 223 38281
TOP 5 2 222 4086031
TOP 5 2 221 3111631
TOP 5 2 220 6938231
TOP 5 2 219 6398671
TOP 5 2 218 2887771
TOP 5 2 218 8333371
TOP 5 2 211 1179281
TOP 5 2 210 2575861
TOP 5 2 210 6053251
TOP 5 2 209 5726711
TOP 5 2 209 7730621
TOP 5 2 207 6067261
TOP 5 2 207 8000771
TOP 5 2 204 62311
TOP 5 2 204 8680901
TOP 5 2 203 6385231
TOP 5 2 203 7962161
TOP 5 2 203 7967831
TOP 5 2 202 5167781
TOP 5 2 200 2009191
HIST 5 2 0 33231
HIST 5 2 2 9495
HIST 5 2 3 25644
HIST 5 2 4 50564
HIST 5 2 5 36284
HIST 5 2 6 10089
HIST 5 2 7 797
SUM 5 2 2 10000000 166104 498475 253 1372771 4071304
TOP 5 3 3329 3331
TOP 5 3 2729 2731
TOP 5 3 2409 2411
TOP 5 3 2310 2311
TOP 5 3 1867 6222241
TOP 5 3 1824 1473301
TOP 5 3 1809 1811
TOP 5 3 1775 4721341
TOP 5 3 1723 6543541
TOP 5 3 1681 9292471
TOP 5 3 1599 2230051
TOP 5 3 1574 8228551
TOP 5 3 1545 8448191
TOP 5 3 1540 823601
TOP 5 3 1540 4676461
TOP 5 3 1530 1531
TOP 5 3 1499 1198261
TOP 5 3 1483 7621421
TOP 5 3 1470 7284421
TOP 5 3 1454 2891821
TOP 5 3 1451 5784271
TOP 5 3 1451 7022051
TOP 5 3 1446 9702811
TOP 5 3 1427 3514211
TOP 5 3 1426 6838151
TOP 5 3 1407 508451
TOP 5 3 1400 5486911
TOP 5 3 1362 1744871
TOP 5 3 1361 8436671
TOP 5 3 1360 7309051
TOP 5 3 1357 5414261
TOP 5 3 1353 6124991
TOP 5 3 1347 182261
TOP 5 3 1340 2664911
TOP 5 3 1331 2704711
TOP 5 3 1330 4939631
TOP 5 3 1322 8140261
TOP 5 3 1316 1186121
TOP 5 3 1309 164831
TOP 5 3 1309 7685501
HIST 5 3 0 6586
HIST 5 3 2 1032
HIST 5 3 3 6564
HIST 5 3 4 20641
HIST 5 3 5 26508
HIST 5 3 6 35431
HIST 5 3 7 41514
HIST 5 3 8 22570
HIST 5 3 9 5061
HIST 5 3 10 193
HIST 5 3 11 4
SUM 5 3 2 10000000 166104 498475 3329 3331 24263632
