REC 5 2 10000121 1
REC 5 3 10000121 247
REC 5 2 10000141 31
REC 5 2 10000691 32
REC 5 3 10000741 385
REC 5 2 10000831 65
REC 5 3 10000831 551
REC 5 3 10001231 789
REC 5 3 10002121 839
REC 5 3 10002481 1035
REC 5 2 10003031 111
REC 5 2 10031191 132
REC 5 2 10042861 187
REC 5 3 10043791 1286
REC 5 2 10082971 193
REC 5 2 10091141 236
REC 5 3 10121561 1647
REC 5 2 10268171 240
CKPT 5 3 10999999 1647 10121561 15485
REC 5 3 11105441 1674
REC 5 3 11853031 1715
CKPT 5 3 11999999 1715 11853031 30867
REC 5 2 12762901 243
CKPT 5 3 12999999 1715 11853031 46155
REC 5 2 13097041 290
CKPT 5 3 13999999 1715 11853031 61375
CKPT 5 3 14999999 1715 11853031 76470
CKPT 5 3 15999999 1715 11853031 91618
CKPT 5 3 16999999 1715 11853031 106663
CKPT 5 3 17999999 1715 11853031 121662
CKPT 5 3 18999999 1715 11853031 136574
CKPT 5 3 19999999 1715 11853031 151483
REC 5 3 20345431 1997
CKPT 5 3 20999999 1997 20345431 166287
REC 5 2 21271721 340
CKPT 5 3 21999999 1997 20345431 181101
CKPT 5 3 22999999 1997 20345431 195851
CKPT 5 3 23999999 1997 20345431 210559
CKPT 5 3 24999999 1997 20345431 225225
CKPT 5 3 25999999 1997 20345431 240009
CKPT 5 3 26999999 1997 20345431 254599
REC 5 3 27175531 2267
REC 5 3 27327371 2283
CKPT 5 3 27999999 2283 27327371 269205
CKPT 5 3 28999999 2283 27327371 283728
CKPT 5 3 29999999 2283 27327371 298252
CKPT 5 3 30999999 2283 27327371 312789
CKPT 5 3 31999999 2283 27327371 327235
CKPT 5 3 32999999 2283 27327371 341671
CKPT 5 3 33999999 2283 27327371 356054
CKPT 5 3 34999999 2283 27327371 370402
CKPT 5 3 35999999 2283 27327371 384684
CKPT 5 3 36999999 2283 27327371 399019
CKPT 5 3 37999999 2283 27327371 413410
CKPT 5 3 38999999 2283 27327371 427860
CKPT 5 3 39999999 2283 27327371 442149
CKPT 5 3 40999999 2283 27327371 456422
CKPT 5 3 41999999 2283 27327371 470670
CKPT 5 3 42999999 2283 27327371 484843
CKPT 5 3 43999999 2283 27327371 499150
CKPT 5 3 44999999 2283 27327371 513386
CKPT 5 3 45999999 2283 27327371 527686
CKPT 5 3 46999999 2283 27327371 541896
CKPT 5 3 47999999 2283 27327371 556016
CKPT 5 3 48999999 2283 27327371 570129
CKPT 5 3 49999999 2283 27327371 584236
CKPT 5 3 50999999 2283 27327371 598333
CKPT 5 3 51999999 2283 27327371 612408
CKPT 5 3 52999999 2283 27327371 626457
CKPT 5 3 53999999 2283 27327371 640470
CKPT 5 3 54999999 2283 27327371 654348
CKPT 5 3 55999999 2283 27327371 668464
CKPT 5 3 56999999 2283 27327371 682469
CKPT 5 3 57999999 2283 27327371 696376
CKPT 5 3 58999999 2283 27327371 710298
CKPT 5 3 59999999 2283 27327371 724242
CKPT 5 3 60999999 2283 27327371 738229
CKPT 5 3 61999999 2283 27327371 752196
CKPT 5 3 62999999 2283 27327371 766060
CKPT 5 3 63999999 2283 27327371 780061
CKPT 5 3 64999999 2283 27327371 793917
CKPT 5 3 65999999 2283 27327371 807713
CKPT 5 3 66999999 2283 27327371 821623
CKPT 5 3 67999999 2283 27327371 835539
CKPT 5 3 68999999 2283 27327371 849455
CKPT 5 3 69999999 2283 27327371 863346
CKPT 5 3 70999999 2283 27327371 877173
CKPT 5 3 71999999 2283 27327371 890950
CKPT 5 3 72999999 2283 27327371 904751
CKPT 5 3 73999999 2283 27327371 918494
CKPT 5 3 74999999 2283 27327371 932242
CKPT 5 3 75999999 2283 27327371 946132
CKPT 5 3 76999999 2283 27327371 959837
CKPT 5 3 77999999 2283 27327371 973614
CKPT 5 3 78999999 2283 27327371 987385
CKPT 5 3 79999999 2283 27327371 1001146
CKPT 5 3 80999999 2283 27327371 1014919
CKPT 5 3 81999999 2283 27327371 1028631
CKPT 5 3 82999999 2283 27327371 1042354
CKPT 5 3 83999999 2283 27327371 1056051
CKPT 5 3 84999999 2283 27327371 1069639
CKPT 5 3 85999999 2283 27327371 1083343
CKPT 5 3 86999999 2283 27327371 1097080
CKPT 5 3 87999999 2283 27327371 1110794
CKPT 5 3 88999999 2283 27327371 1124390
CKPT 5 3 89999999 2283 27327371 1138056
CKPT 5 3 90999999 2283 27327371 1151657
CKPT 5 3 91999999 2283 27327371 1165275
CKPT 5 3 92999999 2283 27327371 1178892
CKPT 5 3 93999999 2283 27327371 1192460
CKPT 5 3 94999999 2283 27327371 1206140
CKPT 5 3 95999999 2283 27327371 1219844
CKPT 5 3 96999999 2283 27327371 1233353
CKPT 5 3 97999999 2283 27327371 1246983
CKPT 5 3 98999999 2283 27327371 1260544
CKPT 5 3 99999999 2283 27327371 1274194
CKPT 5 3 100000000 2283 27327371 1274194
TOP 5 2 340 21271721
TOP 5 2 323 43549651
TOP 5 2 310 55278911
TOP 5 2 290 13097041
TOP 5 2 287 74556571
TOP 5 2 287 82979201
TOP 5 2 286 46783801
TOP 5 2 283 74087971
TOP 5 2 282 63582851
TOP 5 2 280 44774131
TOP 5 2 278 25826981
TOP 5 2 273 99218771
TOP 5 2 272 86646191
TOP 5 2 271 36625151
TOP 5 2 268 68675371
TOP 5 2 267 78126481
TOP 5 2 264 80954761
TOP 5 2 263 27832631
TOP 5 2 262 69290731
TOP 5 2 261 25913521
TOP 5 2 260 62641751
TOP 5 2 260 69757991
TOP 5 2 259 49571461
TOP 5 2 258 65401741
TOP 5 2 257 42663311
TOP 5 2 253 28268971
TOP 5 2 250 17111441
TOP 5 2 248 47141551
TOP 5 2 248 88274261
TOP 5 2 246 99165751
TOP 5 2 245 52111981
TOP 5 2 243 12762901
TOP 5 2 243 15386611
TOP 5 2 243 15493811
TOP 5 2 243 16255801
TOP 5 2 243 26684171
TOP 5 2 243 29686331
TOP 5 2 243 30121681
TOP 5 2 243 31014541
TOP 5 2 243 32230591
HIST 5 2 0 254565
HIST 5 2 2 73563
HIST 5 2 3 195189
HIST 5 2 4 386703
HIST 5 2 5 280199
HIST 5 2 6 78054
HIST 5 2 7 5896
HIST 5 2 8 25
SUM 5 2 10000000 100000000 1274194 3822682 340 21271721 31305549
TOP 5 3 2283 27327371
TOP 5 3 2267 27175531
TOP 5 3 2172 61180591
TOP 5 3 2093 59878171
TOP 5 3 1997 20345431
TOP 5 3 1964 99085321
TOP 5 3 1962 31887931
TOP 5 3 1908 35059691
TOP 5 3 1878 99112081
TOP 5 3 1865 67788191
TOP 5 3 1849 37186571
TOP 5 3 1845 24082321
TOP 5 3 1825 62780801
TOP 5 3 1814 57860041
TOP 5 3 1811 29020331
TOP 5 3 1800 93473231
TOP 5 3 1783 91607431
TOP 5 3 1757 51859771
TOP 5 3 1757 65169361
TOP 5 3 1754 69008131
TOP 5 3 1752 63412571
TOP 5 3 1715 11853031
TOP 5 3 1708 23126161
TOP 5 3 1701 16102211
TOP 5 3 1701 76026631
TOP 5 3 1692 18804221
TOP 5 3 1689 21286871
TOP 5 3 1674 11105441
TOP 5 3 1670 78040691
TOP 5 3 1670 94195721
TOP 5 3 1667 79371101
TOP 5 3 1663 74045501
TOP 5 3 1654 32507971
TOP 5 3 1653 19443731
TOP 5 3 1649 11294111
TOP 5 3 1649 50523721
TOP 5 3 1647 10121561
TOP 5 3 1632 49983151
TOP 5 3 1626 22995121
TOP 5 3 1619 69485431
HIST 5 3 0 50801
HIST 5 3 2 8431
HIST 5 3 3 50757
HIST 5 3 4 158481
HIST 5 3 5 203813
HIST 5 3 6 270687
HIST 5 3 7 316157
HIST 5 3 8 174358
HIST 5 3 9 39186
HIST 5 3 10 1519
HIST 5 3 11 4
SUM 5 3 10000000 100000000 1274194 3822682 2283 27327371 186262382
./src/scan_residues 5 3 10000000 100000000  56.53s user 0.19s system 65% cpu 1:27.22 total
