REC 7 2 29 28
REC 7 3 29 28
REC 7 3 43 42
REC 7 2 71 70
REC 7 3 71 70
REC 7 2 113 112
REC 7 3 113 112
REC 7 3 127 126
REC 7 3 197 196
REC 7 3 211 210
REC 7 3 239 238
REC 7 2 337 128
REC 7 3 337 336
REC 7 3 379 378
REC 7 3 421 420
REC 7 3 449 448
REC 7 2 491 490
REC 7 3 491 490
REC 7 3 547 546
REC 7 3 617 616
REC 7 3 631 629
REC 7 3 659 658
REC 7 3 701 700
REC 7 3 827 826
REC 7 3 911 910
REC 7 3 1051 1050
REC 7 3 1093 1092
REC 7 3 1163 1161
REC 7 3 1289 1288
REC 7 3 1303 1302
REC 7 3 1499 1498
REC 7 3 1877 1876
REC 7 3 2017 2016
REC 7 3 2087 2086
REC 7 3 2143 2141
REC 7 3 2297 2296
REC 7 3 2549 2548
REC 7 3 2927 2926
REC 7 3 3011 3010
REC 7 3 3361 3360
REC 7 3 4271 4269
REC 7 3 4999 4997
REC 7 3 6427 6426
REC 7 3 6833 6832
REC 7 2 855947 583
CKPT 7 3 1000001 6832 6833 13063
CKPT 7 3 2000001 6832 6833 24792
CKPT 7 3 3000001 6832 6833 36122
CKPT 7 3 4000001 6832 6833 47143
CKPT 7 3 5000001 6832 6833 58015
CKPT 7 3 6000001 6832 6833 68785
CKPT 7 3 7000001 6832 6833 79378
REC 7 3 7464227 6954
CKPT 7 3 8000001 6954 7464227 89895
CKPT 7 3 9000001 6954 7464227 100321
CKPT 7 3 10000001 6954 7464227 110653
CKPT 7 3 11000001 6954 7464227 121074
CKPT 7 3 12000001 6954 7464227 131352
CKPT 7 3 13000001 6954 7464227 141550
CKPT 7 3 14000001 6954 7464227 151669
CKPT 7 3 15000001 6954 7464227 161722
CKPT 7 3 16000001 6954 7464227 171844
CKPT 7 3 17000001 6954 7464227 181854
CKPT 7 3 18000001 6954 7464227 191865
CKPT 7 3 19000001 6954 7464227 201837
CKPT 7 3 20000001 6954 7464227 211766
CKPT 7 3 21000001 6954 7464227 221723
REC 7 2 21615553 598
CKPT 7 3 22000001 6954 7464227 231538
CKPT 7 3 23000001 6954 7464227 241352
CKPT 7 3 24000001 6954 7464227 251160
CKPT 7 3 25000001 6954 7464227 260975
CKPT 7 3 26000001 6954 7464227 270774
CKPT 7 3 27000001 6954 7464227 280494
CKPT 7 3 28000001 6954 7464227 290158
CKPT 7 3 29000001 6954 7464227 299865
CKPT 7 3 30000001 6954 7464227 309530
CKPT 7 3 31000001 6954 7464227 319261
CKPT 7 3 32000001 6954 7464227 328882
CKPT 7 3 33000001 6954 7464227 338535
CKPT 7 3 34000001 6954 7464227 348181
CKPT 7 3 35000001 6954 7464227 357724
CKPT 7 3 36000001 6954 7464227 367215
CKPT 7 3 37000001 6954 7464227 376794
REC 7 2 37633009 608
CKPT 7 3 38000001 6954 7464227 386351
CKPT 7 3 39000001 6954 7464227 395972
CKPT 7 3 40000001 6954 7464227 405500
CKPT 7 3 41000001 6954 7464227 415060
CKPT 7 3 42000001 6954 7464227 424504
CKPT 7 3 43000001 6954 7464227 434048
CKPT 7 3 44000001 6954 7464227 443499
REC 7 2 44916481 647
CKPT 7 3 45000001 6954 7464227 452898
CKPT 7 3 46000001 6954 7464227 462332
CKPT 7 3 47000001 6954 7464227 471786
CKPT 7 3 48000001 6954 7464227 481156
CKPT 7 3 49000001 6954 7464227 490610
CKPT 7 3 50000001 6954 7464227 500097
CKPT 7 3 51000001 6954 7464227 509439
CKPT 7 3 52000001 6954 7464227 518795
CKPT 7 3 53000001 6954 7464227 528159
CKPT 7 3 54000001 6954 7464227 537538
CKPT 7 3 55000001 6954 7464227 546928
CKPT 7 3 56000001 6954 7464227 556280
CKPT 7 3 57000001 6954 7464227 565626
CKPT 7 3 58000001 6954 7464227 574989
CKPT 7 3 59000001 6954 7464227 584298
CKPT 7 3 60000001 6954 7464227 593603
CKPT 7 3 61000001 6954 7464227 602976
CKPT 7 3 62000001 6954 7464227 612224
CKPT 7 3 63000001 6954 7464227 621489
CKPT 7 3 64000001 6954 7464227 630748
CKPT 7 3 65000001 6954 7464227 640043
CKPT 7 3 66000001 6954 7464227 649295
CKPT 7 3 67000001 6954 7464227 658582
CKPT 7 3 68000001 6954 7464227 667793
CKPT 7 3 69000001 6954 7464227 677063
CKPT 7 3 70000001 6954 7464227 686337
CKPT 7 3 71000001 6954 7464227 695531
CKPT 7 3 72000001 6954 7464227 704749
CKPT 7 3 73000001 6954 7464227 713924
CKPT 7 3 74000001 6954 7464227 723171
CKPT 7 3 75000001 6954 7464227 732311
CKPT 7 3 76000001 6954 7464227 741494
CKPT 7 3 77000001 6954 7464227 750645
CKPT 7 3 78000001 6954 7464227 759770
CKPT 7 3 79000001 6954 7464227 768947
CKPT 7 3 80000001 6954 7464227 778086
CKPT 7 3 81000001 6954 7464227 787346
CKPT 7 3 82000001 6954 7464227 796496
CKPT 7 3 83000001 6954 7464227 805625
CKPT 7 3 84000001 6954 7464227 814742
CKPT 7 3 85000001 6954 7464227 823847
CKPT 7 3 86000001 6954 7464227 832916
CKPT 7 3 87000001 6954 7464227 841957
CKPT 7 3 88000001 6954 7464227 851070
CKPT 7 3 89000001 6954 7464227 860190
CKPT 7 3 90000001 6954 7464227 869247
CKPT 7 3 91000001 6954 7464227 878463
REC 7 2 91822781 682
CKPT 7 3 92000001 6954 7464227 887493
CKPT 7 3 93000001 6954 7464227 896531
CKPT 7 3 94000001 6954 7464227 905698
CKPT 7 3 95000001 6954 7464227 914770
CKPT 7 3 96000001 6954 7464227 923838
CKPT 7 3 97000001 6954 7464227 932929
CKPT 7 3 98000001 6954 7464227 941976
CKPT 7 3 99000001 6954 7464227 951054
CKPT 7 3 100000000 6954 7464227 960023
TOP 7 2 682 91822781
TOP 7 2 647 44916481
TOP 7 2 645 91165201
TOP 7 2 640 99697739
TOP 7 2 626 52620611
TOP 7 2 624 48897269
TOP 7 2 616 72686069
TOP 7 2 608 37633009
TOP 7 2 598 21615553
TOP 7 2 596 24662653
TOP 7 2 592 97236343
TOP 7 2 583 855947
TOP 7 2 577 15419377
TOP 7 2 572 32595529
TOP 7 2 569 88315907
TOP 7 2 568 91746901
TOP 7 2 567 38175061
TOP 7 2 563 37538621
TOP 7 2 563 67257667
TOP 7 2 562 30704689
TOP 7 2 562 48828473
TOP 7 2 562 83285777
TOP 7 2 560 95759777
TOP 7 2 559 97270391
TOP 7 2 558 82822699
TOP 7 2 556 72730939
TOP 7 2 556 85468601
TOP 7 2 553 5538191
TOP 7 2 549 30999263
TOP 7 2 545 23467823
TOP 7 2 544 35634257
TOP 7 2 543 95176313
TOP 7 2 541 10949401
TOP 7 2 541 44597533
TOP 7 2 540 7260443
TOP 7 2 538 4587157
TOP 7 2 536 28423039
TOP 7 2 535 22751093
TOP 7 2 535 62007947
TOP 7 2 535 80922451
HIST 7 2 0 137047
HIST 7 2 2 31002
HIST 7 2 3 86381
HIST 7 2 4 166438
HIST 7 2 5 242459
HIST 7 2 6 215779
HIST 7 2 7 74749
HIST 7 2 8 6117
HIST 7 2 9 51
SUM 7 2 2 100000000 960023 4801432 682 91822781 50054004
TOP 7 3 6954 7464227
TOP 7 3 6832 6833
TOP 7 3 6731 95542511
TOP 7 3 6426 6427
TOP 7 3 5552 8144459
TOP 7 3 5429 48721723
TOP 7 3 5357 39260467
TOP 7 3 5310 94485007
TOP 7 3 5280 35636791
TOP 7 3 5101 53473841
TOP 7 3 4997 4999
TOP 7 3 4909 16778441
TOP 7 3 4855 81999499
TOP 7 3 4749 5606329
TOP 7 3 4728 22993237
TOP 7 3 4682 66589447
TOP 7 3 4659 87038533
TOP 7 3 4652 76651
TOP 7 3 4648 11834047
TOP 7 3 4538 87578471
TOP 7 3 4537 50600467
TOP 7 3 4473 49763477
TOP 7 3 4407 66066197
TOP 7 3 4379 55293841
TOP 7 3 4374 6612061
TOP 7 3 4372 84937987
TOP 7 3 4366 22345709
TOP 7 3 4363 44478253
TOP 7 3 4304 3928849
TOP 7 3 4288 14313461
TOP 7 3 4269 4271
TOP 7 3 4243 39246593
TOP 7 3 4222 44190791
TOP 7 3 4216 99270557
TOP 7 3 4187 5561627
TOP 7 3 4181 49232387
TOP 7 3 4180 23964053
TOP 7 3 4143 42851173
TOP 7 3 4122 2624693
TOP 7 3 4121 9150149
HIST 7 3 0 19666
HIST 7 3 2 2359
HIST 7 3 3 15591
HIST 7 3 4 31704
HIST 7 3 5 65845
HIST 7 3 6 139781
HIST 7 3 7 191214
HIST 7 3 8 233769
HIST 7 3 9 188023
HIST 7 3 10 66329
HIST 7 3 11 5699
HIST 7 3 12 43
SUM 7 3 2 100000000 960023 4801432 6954 7464227 376971107
./src/scan_residues 7 3 2 100000000  109.14s user 0.35s system 65% cpu 2:47.81 total
